Archive member included to satisfy reference by file (symbol)

d:/clion_stm32/stm32cude/gun-arm-embedded/bin/../lib/gcc/arm-none-eabi/10.3.1/../../../../arm-none-eabi/lib/thumb/v7-m/nofp\libg.a(lib_a-errno.o)
                              CMakeFiles/SPI.elf.dir/Core/Src/syscalls.c.obj (__errno)
d:/clion_stm32/stm32cude/gun-arm-embedded/bin/../lib/gcc/arm-none-eabi/10.3.1/../../../../arm-none-eabi/lib/thumb/v7-m/nofp\libg.a(lib_a-exit.o)
                              d:/clion_stm32/stm32cude/gun-arm-embedded/bin/../lib/gcc/arm-none-eabi/10.3.1/../../../../arm-none-eabi/lib/thumb/v7-m/nofp/crt0.o (exit)
d:/clion_stm32/stm32cude/gun-arm-embedded/bin/../lib/gcc/arm-none-eabi/10.3.1/../../../../arm-none-eabi/lib/thumb/v7-m/nofp\libg.a(lib_a-impure.o)
                              d:/clion_stm32/stm32cude/gun-arm-embedded/bin/../lib/gcc/arm-none-eabi/10.3.1/../../../../arm-none-eabi/lib/thumb/v7-m/nofp\libg.a(lib_a-exit.o) (_global_impure_ptr)
d:/clion_stm32/stm32cude/gun-arm-embedded/bin/../lib/gcc/arm-none-eabi/10.3.1/../../../../arm-none-eabi/lib/thumb/v7-m/nofp\libg.a(lib_a-init.o)
                              d:/clion_stm32/stm32cude/gun-arm-embedded/bin/../lib/gcc/arm-none-eabi/10.3.1/../../../../arm-none-eabi/lib/thumb/v7-m/nofp/crt0.o (__libc_init_array)
d:/clion_stm32/stm32cude/gun-arm-embedded/bin/../lib/gcc/arm-none-eabi/10.3.1/../../../../arm-none-eabi/lib/thumb/v7-m/nofp\libg.a(lib_a-memset.o)
                              d:/clion_stm32/stm32cude/gun-arm-embedded/bin/../lib/gcc/arm-none-eabi/10.3.1/../../../../arm-none-eabi/lib/thumb/v7-m/nofp/crt0.o (memset)
d:/clion_stm32/stm32cude/gun-arm-embedded/bin/../lib/gcc/arm-none-eabi/10.3.1/../../../../arm-none-eabi/lib/thumb/v7-m/nofp\libg.a(lib_a-puts.o)
                              CMakeFiles/SPI.elf.dir/Core/Src/main.c.obj (puts)
d:/clion_stm32/stm32cude/gun-arm-embedded/bin/../lib/gcc/arm-none-eabi/10.3.1/../../../../arm-none-eabi/lib/thumb/v7-m/nofp\libg.a(lib_a-strlen-stub.o)
                              d:/clion_stm32/stm32cude/gun-arm-embedded/bin/../lib/gcc/arm-none-eabi/10.3.1/../../../../arm-none-eabi/lib/thumb/v7-m/nofp\libg.a(lib_a-puts.o) (strlen)
d:/clion_stm32/stm32cude/gun-arm-embedded/bin/../lib/gcc/arm-none-eabi/10.3.1/../../../../arm-none-eabi/lib/thumb/v7-m/nofp\libg.a(lib_a-__call_atexit.o)
                              d:/clion_stm32/stm32cude/gun-arm-embedded/bin/../lib/gcc/arm-none-eabi/10.3.1/../../../../arm-none-eabi/lib/thumb/v7-m/nofp\libg.a(lib_a-exit.o) (__call_exitprocs)
d:/clion_stm32/stm32cude/gun-arm-embedded/bin/../lib/gcc/arm-none-eabi/10.3.1/../../../../arm-none-eabi/lib/thumb/v7-m/nofp\libg.a(lib_a-atexit.o)
                              d:/clion_stm32/stm32cude/gun-arm-embedded/bin/../lib/gcc/arm-none-eabi/10.3.1/../../../../arm-none-eabi/lib/thumb/v7-m/nofp\libg.a(lib_a-__call_atexit.o) (atexit)
d:/clion_stm32/stm32cude/gun-arm-embedded/bin/../lib/gcc/arm-none-eabi/10.3.1/../../../../arm-none-eabi/lib/thumb/v7-m/nofp\libg.a(lib_a-findfp.o)
                              d:/clion_stm32/stm32cude/gun-arm-embedded/bin/../lib/gcc/arm-none-eabi/10.3.1/../../../../arm-none-eabi/lib/thumb/v7-m/nofp\libg.a(lib_a-puts.o) (__sinit)
d:/clion_stm32/stm32cude/gun-arm-embedded/bin/../lib/gcc/arm-none-eabi/10.3.1/../../../../arm-none-eabi/lib/thumb/v7-m/nofp\libg.a(lib_a-fini.o)
                              d:/clion_stm32/stm32cude/gun-arm-embedded/bin/../lib/gcc/arm-none-eabi/10.3.1/../../../../arm-none-eabi/lib/thumb/v7-m/nofp\libg.a(lib_a-__call_atexit.o) (__libc_fini_array)
d:/clion_stm32/stm32cude/gun-arm-embedded/bin/../lib/gcc/arm-none-eabi/10.3.1/../../../../arm-none-eabi/lib/thumb/v7-m/nofp\libg.a(lib_a-fvwrite.o)
                              d:/clion_stm32/stm32cude/gun-arm-embedded/bin/../lib/gcc/arm-none-eabi/10.3.1/../../../../arm-none-eabi/lib/thumb/v7-m/nofp\libg.a(lib_a-puts.o) (__sfvwrite_r)
d:/clion_stm32/stm32cude/gun-arm-embedded/bin/../lib/gcc/arm-none-eabi/10.3.1/../../../../arm-none-eabi/lib/thumb/v7-m/nofp\libg.a(lib_a-fwalk.o)
                              d:/clion_stm32/stm32cude/gun-arm-embedded/bin/../lib/gcc/arm-none-eabi/10.3.1/../../../../arm-none-eabi/lib/thumb/v7-m/nofp\libg.a(lib_a-findfp.o) (_fwalk)
d:/clion_stm32/stm32cude/gun-arm-embedded/bin/../lib/gcc/arm-none-eabi/10.3.1/../../../../arm-none-eabi/lib/thumb/v7-m/nofp\libg.a(lib_a-lock.o)
                              d:/clion_stm32/stm32cude/gun-arm-embedded/bin/../lib/gcc/arm-none-eabi/10.3.1/../../../../arm-none-eabi/lib/thumb/v7-m/nofp\libg.a(lib_a-findfp.o) (__retarget_lock_init_recursive)
d:/clion_stm32/stm32cude/gun-arm-embedded/bin/../lib/gcc/arm-none-eabi/10.3.1/../../../../arm-none-eabi/lib/thumb/v7-m/nofp\libg.a(lib_a-mallocr.o)
                              d:/clion_stm32/stm32cude/gun-arm-embedded/bin/../lib/gcc/arm-none-eabi/10.3.1/../../../../arm-none-eabi/lib/thumb/v7-m/nofp\libg.a(lib_a-findfp.o) (_malloc_r)
[...]
Memory Configuration

Name             Origin             Length             Attributes
RAM              0x20000000         0x00010000         xrw
FLASH            0x08000000         0x00080000         xr
*default*        0x00000000         0xffffffff

Linker script and memory map

LOAD d:/clion_stm32/stm32cude/gun-arm-embedded/bin/../lib/gcc/arm-none-eabi/10.3.1/thumb/v7-m/nofp/crti.o
LOAD d:/clion_stm32/stm32cude/gun-arm-embedded/bin/../lib/gcc/arm-none-eabi/10.3.1/thumb/v7-m/nofp/crtbegin.o
LOAD d:/clion_stm32/stm32cude/gun-arm-embedded/bin/../lib/gcc/arm-none-eabi/10.3.1/../../../../arm-none-eabi/lib/thumb/v7-m/nofp/crt0.o
LOAD CMakeFiles/SPI.elf.dir/Core/Src/dma.c.obj
LOAD CMakeFiles/SPI.elf.dir/Core/Src/gpio.c.obj
LOAD CMakeFiles/SPI.elf.dir/Core/Src/main.c.obj
LOAD CMakeFiles/SPI.elf.dir/Core/Src/oled.c.obj
LOAD CMakeFiles/SPI.elf.dir/Core/Src/spi.c.obj
LOAD CMakeFiles/SPI.elf.dir/Core/Src/stm32f1xx_hal_msp.c.obj
LOAD CMakeFiles/SPI.elf.dir/Core/Src/stm32f1xx_it.c.obj
LOAD CMakeFiles/SPI.elf.dir/Core/Src/syscalls.c.obj
LOAD CMakeFiles/SPI.elf.dir/Core/Src/sysmem.c.obj
LOAD CMakeFiles/SPI.elf.dir/Core/Src/system_stm32f1xx.c.obj
LOAD CMakeFiles/SPI.elf.dir/Core/Src/usart.c.obj
LOAD CMakeFiles/SPI.elf.dir/Core/Startup/startup_stm32f103zetx.s.obj
LOAD CMakeFiles/SPI.elf.dir/Drivers/STM32F1xx_HAL_Driver/Src/stm32f1xx_hal.c.obj
LOAD CMakeFiles/SPI.elf.dir/Drivers/STM32F1xx_HAL_Driver/Src/stm32f1xx_hal_cortex.c.obj
LOAD CMakeFiles/SPI.elf.dir/Drivers/STM32F1xx_HAL_Driver/Src/stm32f1xx_hal_dma.c.obj
LOAD CMakeFiles/SPI.elf.dir/Drivers/STM32F1xx_HAL_Driver/Src/stm32f1xx_hal_exti.c.obj
LOAD CMakeFiles/SPI.elf.dir/Drivers/STM32F1xx_HAL_Driver/Src/stm32f1xx_hal_flash.c.obj
LOAD CMakeFiles/SPI.elf.dir/Drivers/STM32F1xx_HAL_Driver/Src/stm32f1xx_hal_flash_ex.c.obj
LOAD CMakeFiles/SPI.elf.dir/Drivers/STM32F1xx_HAL_Driver/Src/stm32f1xx_hal_gpio.c.obj
LOAD CMakeFiles/SPI.elf.dir/Drivers/STM32F1xx_HAL_Driver/Src/stm32f1xx_hal_gpio_ex.c.obj
LOAD CMakeFiles/SPI.elf.dir/Drivers/STM32F1xx_HAL_Driver/Src/stm32f1xx_hal_pwr.c.obj
LOAD CMakeFiles/SPI.elf.dir/Drivers/STM32F1xx_HAL_Driver/Src/stm32f1xx_hal_rcc.c.obj
LOAD CMakeFiles/SPI.elf.dir/Drivers/STM32F1xx_HAL_Driver/Src/stm32f1xx_hal_rcc_ex.c.obj
LOAD CMakeFiles/SPI.elf.dir/Drivers/STM32F1xx_HAL_Driver/Src/stm32f1xx_hal_spi.c.obj
LOAD CMakeFiles/SPI.elf.dir/Drivers/STM32F1xx_HAL_Driver/Src/stm32f1xx_hal_tim.c.obj
LOAD CMakeFiles/SPI.elf.dir/Drivers/STM32F1xx_HAL_Driver/Src/stm32f1xx_hal_tim_ex.c.obj
LOAD CMakeFiles/SPI.elf.dir/Drivers/STM32F1xx_HAL_Driver/Src/stm32f1xx_hal_uart.c.obj
START GROUP
LOAD d:/clion_stm32/stm32cude/gun-arm-embedded/bin/../lib/gcc/arm-none-eabi/10.3.1/thumb/v7-m/nofp\libgcc.a
LOAD d:/clion_stm32/stm32cude/gun-arm-embedded/bin/../lib/gcc/arm-none-eabi/10.3.1/../../../../arm-none-eabi/lib/thumb/v7-m/nofp\libg.a
LOAD d:/clion_stm32/stm32cude/gun-arm-embedded/bin/../lib/gcc/arm-none-eabi/10.3.1/../../../../arm-none-eabi/lib/thumb/v7-m/nofp\libc.a
END GROUP
LOAD d:/clion_stm32/stm32cude/gun-arm-embedded/bin/../lib/gcc/arm-none-eabi/10.3.1/thumb/v7-m/nofp/crtend.o
LOAD d:/clion_stm32/stm32cude/gun-arm-embedded/bin/../lib/gcc/arm-none-eabi/10.3.1/thumb/v7-m/nofp/crtn.o
                0x20010000                _estack = (ORIGIN (RAM) + LENGTH (RAM))
                0x00000200                _Min_Heap_Size = 0x200
                0x00000400                _Min_Stack_Size = 0x400

.isr_vector     0x08000000      0x1e4
                0x08000000                . = ALIGN (0x4)
 *(.isr_vector)
 .isr_vector    0x08000000      0x1e4 CMakeFiles/SPI.elf.dir/Core/Startup/startup_stm32f103zetx.s.obj
                0x08000000                g_pfnVectors
                0x080001e4                . = ALIGN (0x4)

.text           0x080001e4     0x3cd0
                0x080001e4                . = ALIGN (0x4)
 *(.text)
 .text          0x080001e4       0x40 d:/clion_stm32/stm32cude/gun-arm-embedded/bin/../lib/gcc/arm-none-eabi/10.3.1/thumb/v7-m/nofp/crtbegin.o
 .text          0x08000224       0xec d:/clion_stm32/stm32cude/gun-arm-embedded/bin/../lib/gcc/arm-none-eabi/10.3.1/../../../../arm-none-eabi/lib/thumb/v7-m/nofp\libg.a(lib_a-memcpy.o)
                0x08000224                memcpy
 *(.text*)
 .text.MX_DMA_Init
                0x08000310       0x44 CMakeFiles/SPI.elf.dir/Core/Src/dma.c.obj
                0x08000310                MX_DMA_Init
 .text.MX_GPIO_Init
                0x08000354       0xa0 CMakeFiles/SPI.elf.dir/Core/Src/gpio.c.obj
                0x08000354                MX_GPIO_Init
 .text.__io_putchar
                0x080003f4       0x20 CMakeFiles/SPI.elf.dir/Core/Src/main.c.obj
                0x080003f4                __io_putchar
 .text.Error_Handler
                0x08000414        0x4 CMakeFiles/SPI.elf.dir/Core/Src/main.c.obj
                0x08000414                Error_Handler
 .text.SystemClock_Config
                0x08000418       0x64 CMakeFiles/SPI.elf.dir/Core/Src/main.c.obj
                0x08000418                SystemClock_Config
 .text.main     0x0800047c      0x1fc CMakeFiles/SPI.elf.dir/Core/Src/main.c.obj
                0x0800047c                main
 .text.OLED_WR_Byte_CMD
                0x08000678       0x54 CMakeFiles/SPI.elf.dir/Core/Src/oled.c.obj
                0x08000678                OLED_WR_Byte_CMD
 .text.OLED_WR_Byte_DATA
                0x080006cc       0x54 CMakeFiles/SPI.elf.dir/Core/Src/oled.c.obj
                0x080006cc                OLED_WR_Byte_DATA
 .text.OLED_ColorTurn
                0x08000720       0x1c CMakeFiles/SPI.elf.dir/Core/Src/oled.c.obj
                0x08000720                OLED_ColorTurn
 .text.OLED_DisplayTurn
                0x0800073c       0x28 CMakeFiles/SPI.elf.dir/Core/Src/oled.c.obj
                0x0800073c                OLED_DisplayTurn
 .text.OLED_Refresh
                0x08000764       0x44 CMakeFiles/SPI.elf.dir/Core/Src/oled.c.obj
                0x08000764                OLED_Refresh
 .text.OLED_Clear
                0x080007a8       0x30 CMakeFiles/SPI.elf.dir/Core/Src/oled.c.obj
                0x080007a8                OLED_Clear
 .text.OLED_Init
                0x080007d8       0xd4 CMakeFiles/SPI.elf.dir/Core/Src/oled.c.obj
                0x080007d8                OLED_Init
 .text.OLED_DrawPoint
                0x080008ac       0x48 CMakeFiles/SPI.elf.dir/Core/Src/oled.c.obj
                0x080008ac                OLED_DrawPoint
 .text.OLED_ShowChar
                0x080008f4      0x10c CMakeFiles/SPI.elf.dir/Core/Src/oled.c.obj
                0x080008f4                OLED_ShowChar
 .text.OLED_ShowString
                0x08000a00       0x46 CMakeFiles/SPI.elf.dir/Core/Src/oled.c.obj
                0x08000a00                OLED_ShowString
 .text.OLED_Pow
                0x08000a46       0x16 CMakeFiles/SPI.elf.dir/Core/Src/oled.c.obj
                0x08000a46                OLED_Pow
 .text.OLED_ShowNum
                0x08000a5c       0x98 CMakeFiles/SPI.elf.dir/Core/Src/oled.c.obj
                0x08000a5c                OLED_ShowNum
 .text.OLED_ShowChinese
                0x08000af4       0xe8 CMakeFiles/SPI.elf.dir/Core/Src/oled.c.obj
                0x08000af4                OLED_ShowChinese
 .text.OLED_ScrollDisplay
                0x08000bdc       0xb0 CMakeFiles/SPI.elf.dir/Core/Src/oled.c.obj
                0x08000bdc                OLED_ScrollDisplay
 .text.OLED_ShowPicture
                0x08000c8c       0xac CMakeFiles/SPI.elf.dir/Core/Src/oled.c.obj
                0x08000c8c                OLED_ShowPicture
 .text.MX_SPI2_Init
                0x08000d38       0x44 CMakeFiles/SPI.elf.dir/Core/Src/spi.c.obj
                0x08000d38                MX_SPI2_Init
 .text.HAL_SPI_MspInit
                0x08000d7c       0xe4 CMakeFiles/SPI.elf.dir/Core/Src/spi.c.obj
                0x08000d7c                HAL_SPI_MspInit
 .text.HAL_MspInit
                0x08000e60       0x30 CMakeFiles/SPI.elf.dir/Core/Src/stm32f1xx_hal_msp.c.obj
                0x08000e60                HAL_MspInit
 .text.NMI_Handler
                0x08000e90        0x2 CMakeFiles/SPI.elf.dir/Core/Src/stm32f1xx_it.c.obj
                0x08000e90                NMI_Handler
 .text.HardFault_Handler
                0x08000e92        0x2 CMakeFiles/SPI.elf.dir/Core/Src/stm32f1xx_it.c.obj
                0x08000e92                HardFault_Handler
 .text.MemManage_Handler
                0x08000e94        0x2 CMakeFiles/SPI.elf.dir/Core/Src/stm32f1xx_it.c.obj
                0x08000e94                MemManage_Handler
 .text.BusFault_Handler
                0x08000e96        0x2 CMakeFiles/SPI.elf.dir/Core/Src/stm32f1xx_it.c.obj
                0x08000e96                BusFault_Handler
 .text.UsageFault_Handler
                0x08000e98        0x2 CMakeFiles/SPI.elf.dir/Core/Src/stm32f1xx_it.c.obj
                0x08000e98                UsageFault_Handler
 .text.SVC_Handler
                0x08000e9a        0x2 CMakeFiles/SPI.elf.dir/Core/Src/stm32f1xx_it.c.obj
                0x08000e9a                SVC_Handler
 .text.DebugMon_Handler
                0x08000e9c        0x2 CMakeFiles/SPI.elf.dir/Core/Src/stm32f1xx_it.c.obj
                0x08000e9c                DebugMon_Handler
 .text.PendSV_Handler
                0x08000e9e        0x2 CMakeFiles/SPI.elf.dir/Core/Src/stm32f1xx_it.c.obj
                0x08000e9e                PendSV_Handler
 .text.SysTick_Handler
                0x08000ea0        0x8 CMakeFiles/SPI.elf.dir/Core/Src/stm32f1xx_it.c.obj
                0x08000ea0                SysTick_Handler
 .text.DMA1_Channel4_IRQHandler
                0x08000ea8       0x10 CMakeFiles/SPI.elf.dir/Core/Src/stm32f1xx_it.c.obj
                0x08000ea8                DMA1_Channel4_IRQHandler
 .text.DMA1_Channel5_IRQHandler
                0x08000eb8       0x10 CMakeFiles/SPI.elf.dir/Core/Src/stm32f1xx_it.c.obj
                0x08000eb8                DMA1_Channel5_IRQHandler
 .text._read    0x08000ec8       0x20 CMakeFiles/SPI.elf.dir/Core/Src/syscalls.c.obj
                0x08000ec8                _read
 .text._write   0x08000ee8       0x1c CMakeFiles/SPI.elf.dir/Core/Src/syscalls.c.obj
                0x08000ee8                _write
 .text._close   0x08000f04        0x6 CMakeFiles/SPI.elf.dir/Core/Src/syscalls.c.obj
                0x08000f04                _close
 .text._fstat   0x08000f0a        0xa CMakeFiles/SPI.elf.dir/Core/Src/syscalls.c.obj
                0x08000f0a                _fstat
 .text._isatty  0x08000f14        0x4 CMakeFiles/SPI.elf.dir/Core/Src/syscalls.c.obj
                0x08000f14                _isatty
 .text._lseek   0x08000f18        0x4 CMakeFiles/SPI.elf.dir/Core/Src/syscalls.c.obj
                0x08000f18                _lseek
 .text._sbrk    0x08000f1c       0x48 CMakeFiles/SPI.elf.dir/Core/Src/sysmem.c.obj
                0x08000f1c                _sbrk
 .text.SystemInit
                0x08000f64        0x2 CMakeFiles/SPI.elf.dir/Core/Src/system_stm32f1xx.c.obj
                0x08000f64                SystemInit
 *fill*         0x08000f66        0x2 
 .text.MX_USART1_UART_Init
                0x08000f68       0x34 CMakeFiles/SPI.elf.dir/Core/Src/usart.c.obj
                0x08000f68                MX_USART1_UART_Init
 .text.HAL_UART_MspInit
                0x08000f9c       0x78 CMakeFiles/SPI.elf.dir/Core/Src/usart.c.obj
                0x08000f9c                HAL_UART_MspInit
 .text.Reset_Handler
                0x08001014       0x48 CMakeFiles/SPI.elf.dir/Core/Startup/startup_stm32f103zetx.s.obj
                0x08001014                Reset_Handler
 .text.Default_Handler
                0x0800105c        0x2 CMakeFiles/SPI.elf.dir/Core/Startup/startup_stm32f103zetx.s.obj
                0x0800105c                RTC_Alarm_IRQHandler
                0x0800105c                EXTI2_IRQHandler
                0x0800105c                TIM8_TRG_COM_IRQHandler
                0x0800105c                TIM8_CC_IRQHandler
                0x0800105c                TIM1_CC_IRQHandler
                0x0800105c                TIM6_IRQHandler
                0x0800105c                PVD_IRQHandler
                0x0800105c                SDIO_IRQHandler
                0x0800105c                EXTI3_IRQHandler
                0x0800105c                EXTI0_IRQHandler
                0x0800105c                I2C2_EV_IRQHandler
                0x0800105c                ADC1_2_IRQHandler
                0x0800105c                SPI1_IRQHandler
                0x0800105c                TAMPER_IRQHandler
                0x0800105c                TIM8_UP_IRQHandler
                0x0800105c                DMA2_Channel2_IRQHandler
                0x0800105c                USART3_IRQHandler
                0x0800105c                RTC_IRQHandler
                0x0800105c                DMA1_Channel7_IRQHandler
                0x0800105c                CAN1_RX1_IRQHandler
                0x0800105c                UART5_IRQHandler
                0x0800105c                ADC3_IRQHandler
                0x0800105c                TIM4_IRQHandler
                0x0800105c                DMA2_Channel1_IRQHandler
                0x0800105c                I2C1_EV_IRQHandler
                0x0800105c                DMA1_Channel6_IRQHandler
                0x0800105c                UART4_IRQHandler
                0x0800105c                TIM3_IRQHandler
                0x0800105c                RCC_IRQHandler
                0x0800105c                TIM1_TRG_COM_IRQHandler
                0x0800105c                DMA1_Channel1_IRQHandler
                0x0800105c                Default_Handler
                0x0800105c                EXTI15_10_IRQHandler
                0x0800105c                TIM7_IRQHandler
                0x0800105c                TIM5_IRQHandler
                0x0800105c                EXTI9_5_IRQHandler
                0x0800105c                SPI2_IRQHandler
                0x0800105c                EXTI4_IRQHandler
                0x0800105c                USB_LP_CAN1_RX0_IRQHandler
                0x0800105c                USB_HP_CAN1_TX_IRQHandler
                0x0800105c                DMA1_Channel3_IRQHandler
                0x0800105c                FSMC_IRQHandler
                0x0800105c                TIM1_UP_IRQHandler
                0x0800105c                WWDG_IRQHandler
                0x0800105c                TIM2_IRQHandler
                0x0800105c                TIM1_BRK_IRQHandler
                0x0800105c                EXTI1_IRQHandler
                0x0800105c                DMA2_Channel4_5_IRQHandler
                0x0800105c                USART2_IRQHandler
                0x0800105c                I2C2_ER_IRQHandler
                0x0800105c                DMA1_Channel2_IRQHandler
                0x0800105c                TIM8_BRK_IRQHandler
                0x0800105c                CAN1_SCE_IRQHandler
                0x0800105c                FLASH_IRQHandler
                0x0800105c                USART1_IRQHandler
                0x0800105c                SPI3_IRQHandler
                0x0800105c                I2C1_ER_IRQHandler
                0x0800105c                USBWakeUp_IRQHandler
                0x0800105c                DMA2_Channel3_IRQHandler
 *fill*         0x0800105e        0x2 
 .text.HAL_InitTick
                0x08001060       0x4c CMakeFiles/SPI.elf.dir/Drivers/STM32F1xx_HAL_Driver/Src/stm32f1xx_hal.c.obj
                0x08001060                HAL_InitTick
 .text.HAL_Init
                0x080010ac       0x24 CMakeFiles/SPI.elf.dir/Drivers/STM32F1xx_HAL_Driver/Src/stm32f1xx_hal.c.obj
                0x080010ac                HAL_Init
 .text.HAL_IncTick
                0x080010d0       0x18 CMakeFiles/SPI.elf.dir/Drivers/STM32F1xx_HAL_Driver/Src/stm32f1xx_hal.c.obj
                0x080010d0                HAL_IncTick
 .text.HAL_GetTick
                0x080010e8        0xc CMakeFiles/SPI.elf.dir/Drivers/STM32F1xx_HAL_Driver/Src/stm32f1xx_hal.c.obj
                0x080010e8                HAL_GetTick
 .text.HAL_Delay
                0x080010f4       0x28 CMakeFiles/SPI.elf.dir/Drivers/STM32F1xx_HAL_Driver/Src/stm32f1xx_hal.c.obj
                0x080010f4                HAL_Delay
 .text.HAL_NVIC_SetPriorityGrouping
                0x0800111c       0x24 CMakeFiles/SPI.elf.dir/Drivers/STM32F1xx_HAL_Driver/Src/stm32f1xx_hal_cortex.c.obj
                0x0800111c                HAL_NVIC_SetPriorityGrouping
 .text.HAL_NVIC_SetPriority
                0x08001140       0x70 CMakeFiles/SPI.elf.dir/Drivers/STM32F1xx_HAL_Driver/Src/stm32f1xx_hal_cortex.c.obj
                0x08001140                HAL_NVIC_SetPriority
 .text.HAL_NVIC_EnableIRQ
                0x080011b0       0x1c CMakeFiles/SPI.elf.dir/Drivers/STM32F1xx_HAL_Driver/Src/stm32f1xx_hal_cortex.c.obj
                0x080011b0                HAL_NVIC_EnableIRQ
 .text.HAL_SYSTICK_Config
                0x080011cc       0x28 CMakeFiles/SPI.elf.dir/Drivers/STM32F1xx_HAL_Driver/Src/stm32f1xx_hal_cortex.c.obj
                0x080011cc                HAL_SYSTICK_Config
 .text.DMA_SetConfig
                0x080011f4       0x2c CMakeFiles/SPI.elf.dir/Drivers/STM32F1xx_HAL_Driver/Src/stm32f1xx_hal_dma.c.obj
 .text.HAL_DMA_Init
                0x08001220       0x98 CMakeFiles/SPI.elf.dir/Drivers/STM32F1xx_HAL_Driver/Src/stm32f1xx_hal_dma.c.obj
                0x08001220                HAL_DMA_Init
 .text.HAL_DMA_Start_IT
                0x080012b8       0x74 CMakeFiles/SPI.elf.dir/Drivers/STM32F1xx_HAL_Driver/Src/stm32f1xx_hal_dma.c.obj
                0x080012b8                HAL_DMA_Start_IT
 .text.HAL_DMA_IRQHandler
                0x0800132c      0x2ec CMakeFiles/SPI.elf.dir/Drivers/STM32F1xx_HAL_Driver/Src/stm32f1xx_hal_dma.c.obj
                0x0800132c                HAL_DMA_IRQHandler
 .text.HAL_GPIO_Init
                0x08001618      0x240 CMakeFiles/SPI.elf.dir/Drivers/STM32F1xx_HAL_Driver/Src/stm32f1xx_hal_gpio.c.obj
                0x08001618                HAL_GPIO_Init
 .text.HAL_GPIO_WritePin
                0x08001858        0xc CMakeFiles/SPI.elf.dir/Drivers/STM32F1xx_HAL_Driver/Src/stm32f1xx_hal_gpio.c.obj
                0x08001858                HAL_GPIO_WritePin
 .text.RCC_Delay
                0x08001864       0x2c CMakeFiles/SPI.elf.dir/Drivers/STM32F1xx_HAL_Driver/Src/stm32f1xx_hal_rcc.c.obj
 .text.HAL_RCC_OscConfig
                0x08001890      0x410 CMakeFiles/SPI.elf.dir/Drivers/STM32F1xx_HAL_Driver/Src/stm32f1xx_hal_rcc.c.obj
                0x08001890                HAL_RCC_OscConfig
 .text.HAL_RCC_GetSysClockFreq
                0x08001ca0       0x70 CMakeFiles/SPI.elf.dir/Drivers/STM32F1xx_HAL_Driver/Src/stm32f1xx_hal_rcc.c.obj
                0x08001ca0                HAL_RCC_GetSysClockFreq
 .text.HAL_RCC_ClockConfig
                0x08001d10      0x16c CMakeFiles/SPI.elf.dir/Drivers/STM32F1xx_HAL_Driver/Src/stm32f1xx_hal_rcc.c.obj
                0x08001d10                HAL_RCC_ClockConfig
 .text.HAL_RCC_GetHCLKFreq
                0x08001e7c        0xc CMakeFiles/SPI.elf.dir/Drivers/STM32F1xx_HAL_Driver/Src/stm32f1xx_hal_rcc.c.obj
                0x08001e7c                HAL_RCC_GetHCLKFreq
 .text.HAL_RCC_GetPCLK1Freq
                0x08001e88       0x20 CMakeFiles/SPI.elf.dir/Drivers/STM32F1xx_HAL_Driver/Src/stm32f1xx_hal_rcc.c.obj
                0x08001e88                HAL_RCC_GetPCLK1Freq
 .text.HAL_RCC_GetPCLK2Freq
                0x08001ea8       0x20 CMakeFiles/SPI.elf.dir/Drivers/STM32F1xx_HAL_Driver/Src/stm32f1xx_hal_rcc.c.obj
                0x08001ea8                HAL_RCC_GetPCLK2Freq
 .text.SPI_WaitFlagStateUntilTimeout
                0x08001ec8       0xd4 CMakeFiles/SPI.elf.dir/Drivers/STM32F1xx_HAL_Driver/Src/stm32f1xx_hal_spi.c.obj
 .text.SPI_EndRxTxTransaction
                0x08001f9c       0x24 CMakeFiles/SPI.elf.dir/Drivers/STM32F1xx_HAL_Driver/Src/stm32f1xx_hal_spi.c.obj
 .text.HAL_SPI_Init
                0x08001fc0       0xb6 CMakeFiles/SPI.elf.dir/Drivers/STM32F1xx_HAL_Driver/Src/stm32f1xx_hal_spi.c.obj
                0x08001fc0                HAL_SPI_Init
 *fill*         0x08002076        0x2 
 .text.HAL_SPI_Transmit_DMA
                0x08002078       0xe0 CMakeFiles/SPI.elf.dir/Drivers/STM32F1xx_HAL_Driver/Src/stm32f1xx_hal_spi.c.obj
                0x08002078                HAL_SPI_Transmit_DMA
 .text.HAL_SPI_TxCpltCallback
                0x08002158        0x2 CMakeFiles/SPI.elf.dir/Drivers/STM32F1xx_HAL_Driver/Src/stm32f1xx_hal_spi.c.obj
                0x08002158                HAL_SPI_TxCpltCallback
 .text.HAL_SPI_TxHalfCpltCallback
                0x0800215a        0x2 CMakeFiles/SPI.elf.dir/Drivers/STM32F1xx_HAL_Driver/Src/stm32f1xx_hal_spi.c.obj
                0x0800215a                HAL_SPI_TxHalfCpltCallback
 .text.SPI_DMAHalfTransmitCplt
                0x0800215c        0xa CMakeFiles/SPI.elf.dir/Drivers/STM32F1xx_HAL_Driver/Src/stm32f1xx_hal_spi.c.obj
 .text.HAL_SPI_ErrorCallback
                0x08002166        0x2 CMakeFiles/SPI.elf.dir/Drivers/STM32F1xx_HAL_Driver/Src/stm32f1xx_hal_spi.c.obj
                0x08002166                HAL_SPI_ErrorCallback
 .text.SPI_DMAError
                0x08002168       0x22 CMakeFiles/SPI.elf.dir/Drivers/STM32F1xx_HAL_Driver/Src/stm32f1xx_hal_spi.c.obj
 .text.SPI_DMATransmitCplt
                0x0800218a       0x70 CMakeFiles/SPI.elf.dir/Drivers/STM32F1xx_HAL_Driver/Src/stm32f1xx_hal_spi.c.obj
 *fill*         0x080021fa        0x2 
 .text.UART_SetConfig
                0x080021fc       0x94 CMakeFiles/SPI.elf.dir/Drivers/STM32F1xx_HAL_Driver/Src/stm32f1xx_hal_uart.c.obj
 .text.UART_WaitOnFlagUntilTimeout
                0x08002290       0x6c CMakeFiles/SPI.elf.dir/Drivers/STM32F1xx_HAL_Driver/Src/stm32f1xx_hal_uart.c.obj
 .text.HAL_UART_Init
                0x080022fc       0x5e CMakeFiles/SPI.elf.dir/Drivers/STM32F1xx_HAL_Driver/Src/stm32f1xx_hal_uart.c.obj
                0x080022fc                HAL_UART_Init
 .text.HAL_UART_Transmit
                0x0800235a       0xd8 CMakeFiles/SPI.elf.dir/Drivers/STM32F1xx_HAL_Driver/Src/stm32f1xx_hal_uart.c.obj
                0x0800235a                HAL_UART_Transmit
 *fill*         0x08002432        0x2 
 .text.__errno  0x08002434        0xc d:/clion_stm32/stm32cude/gun-arm-embedded/bin/../lib/gcc/arm-none-eabi/10.3.1/../../../../arm-none-eabi/lib/thumb/v7-m/nofp\libg.a(lib_a-errno.o)
                0x08002434                __errno
 .text.__libc_init_array
                0x08002440       0x48 d:/clion_stm32/stm32cude/gun-arm-embedded/bin/../lib/gcc/arm-none-eabi/10.3.1/../../../../arm-none-eabi/lib/thumb/v7-m/nofp\libg.a(lib_a-init.o)
                0x08002440                __libc_init_array
 .text.memset   0x08002488       0xa4 d:/clion_stm32/stm32cude/gun-arm-embedded/bin/../lib/gcc/arm-none-eabi/10.3.1/../../../../arm-none-eabi/lib/thumb/v7-m/nofp\libg.a(lib_a-memset.o)
                0x08002488                memset
 .text._puts_r  0x0800252c       0x9c d:/clion_stm32/stm32cude/gun-arm-embedded/bin/../lib/gcc/arm-none-eabi/10.3.1/../../../../arm-none-eabi/lib/thumb/v7-m/nofp\libg.a(lib_a-puts.o)
                0x0800252c                _puts_r
 .text.puts     0x080025c8       0x10 d:/clion_stm32/stm32cude/gun-arm-embedded/bin/../lib/gcc/arm-none-eabi/10.3.1/../../../../arm-none-eabi/lib/thumb/v7-m/nofp\libg.a(lib_a-puts.o)
                0x080025c8                puts
 .text.strlen   0x080025d8       0x5c d:/clion_stm32/stm32cude/gun-arm-embedded/bin/../lib/gcc/arm-none-eabi/10.3.1/../../../../arm-none-eabi/lib/thumb/v7-m/nofp\libg.a(lib_a-strlen-stub.o)
                0x080025d8                strlen
 .text.startup.register_fini
                0x08002634       0x14 d:/clion_stm32/stm32cude/gun-arm-embedded/bin/../lib/gcc/arm-none-eabi/10.3.1/../../../../arm-none-eabi/lib/thumb/v7-m/nofp\libg.a(lib_a-__call_atexit.o)
 .text.atexit   0x08002648        0xc d:/clion_stm32/stm32cude/gun-arm-embedded/bin/../lib/gcc/arm-none-eabi/10.3.1/../../../../arm-none-eabi/lib/thumb/v7-m/nofp\libg.a(lib_a-atexit.o)
                0x08002648                atexit
 .text._cleanup_r
                0x08002654        0xc d:/clion_stm32/stm32cude/gun-arm-embedded/bin/../lib/gcc/arm-none-eabi/10.3.1/../../../../arm-none-eabi/lib/thumb/v7-m/nofp\libg.a(lib_a-findfp.o)
                0x08002654                _cleanup_r
 .text.__sinit  0x08002660      0x10c d:/clion_stm32/stm32cude/gun-arm-embedded/bin/../lib/gcc/arm-none-eabi/10.3.1/../../../../arm-none-eabi/lib/thumb/v7-m/nofp\libg.a(lib_a-findfp.o)
                0x08002660                __sinit
 .text.__sfp_lock_acquire
                0x0800276c        0xc d:/clion_stm32/stm32cude/gun-arm-embedded/bin/../lib/gcc/arm-none-eabi/10.3.1/../../../../arm-none-eabi/lib/thumb/v7-m/nofp\libg.a(lib_a-findfp.o)
                0x0800276c                __sfp_lock_acquire
 .text.__sfp_lock_release
                0x08002778        0xc d:/clion_stm32/stm32cude/gun-arm-embedded/bin/../lib/gcc/arm-none-eabi/10.3.1/../../../../arm-none-eabi/lib/thumb/v7-m/nofp\libg.a(lib_a-findfp.o)
                0x08002778                __sfp_lock_release
 .text.__libc_fini_array
                0x08002784       0x2c d:/clion_stm32/stm32cude/gun-arm-embedded/bin/../lib/gcc/arm-none-eabi/10.3.1/../../../../arm-none-eabi/lib/thumb/v7-m/nofp\libg.a(lib_a-fini.o)
                0x08002784                __libc_fini_array
 .text.__sfvwrite_r
                0x080027b0      0x2f0 d:/clion_stm32/stm32cude/gun-arm-embedded/bin/../lib/gcc/arm-none-eabi/10.3.1/../../../../arm-none-eabi/lib/thumb/v7-m/nofp\libg.a(lib_a-fvwrite.o)
                0x080027b0                __sfvwrite_r
 .text._fwalk_reent
                0x08002aa0       0x48 d:/clion_stm32/stm32cude/gun-arm-embedded/bin/../lib/gcc/arm-none-eabi/10.3.1/../../../../arm-none-eabi/lib/thumb/v7-m/nofp\libg.a(lib_a-fwalk.o)
                0x08002aa0                _fwalk_reent
 .text.__retarget_lock_init_recursive
                0x08002ae8        0x4 d:/clion_stm32/stm32cude/gun-arm-embedded/bin/../lib/gcc/arm-none-eabi/10.3.1/../../../../arm-none-eabi/lib/thumb/v7-m/nofp\libg.a(lib_a-lock.o)
                0x08002ae8                __retarget_lock_init_recursive
 .text.__retarget_lock_close_recursive
                0x08002aec        0x4 d:/clion_stm32/stm32cude/gun-arm-embedded/bin/../lib/gcc/arm-none-eabi/10.3.1/../../../../arm-none-eabi/lib/thumb/v7-m/nofp\libg.a(lib_a-lock.o)
                0x08002aec                __retarget_lock_close_recursive
 .text.__retarget_lock_acquire_recursive
                0x08002af0        0x4 d:/clion_stm32/stm32cude/gun-arm-embedded/bin/../lib/gcc/arm-none-eabi/10.3.1/../../../../arm-none-eabi/lib/thumb/v7-m/nofp\libg.a(lib_a-lock.o)
                0x08002af0                __retarget_lock_acquire_recursive
 .text.__retarget_lock_release_recursive
                0x08002af4        0x4 d:/clion_stm32/stm32cude/gun-arm-embedded/bin/../lib/gcc/arm-none-eabi/10.3.1/../../../../arm-none-eabi/lib/thumb/v7-m/nofp\libg.a(lib_a-lock.o)
                0x08002af4                __retarget_lock_release_recursive
 .text._malloc_r
                0x08002af8      0x558 d:/clion_stm32/stm32cude/gun-arm-embedded/bin/../lib/gcc/arm-none-eabi/10.3.1/../../../../arm-none-eabi/lib/thumb/v7-m/nofp\libg.a(lib_a-mallocr.o)
                0x08002af8                _malloc_r
 .text.memchr   0x08003050       0x90 d:/clion_stm32/stm32cude/gun-arm-embedded/bin/../lib/gcc/arm-none-eabi/10.3.1/../../../../arm-none-eabi/lib/thumb/v7-m/nofp\libg.a(lib_a-memchr-stub.o)
                0x08003050                memchr
 .text.memmove  0x080030e0       0xf8 d:/clion_stm32/stm32cude/gun-arm-embedded/bin/../lib/gcc/arm-none-eabi/10.3.1/../../../../arm-none-eabi/lib/thumb/v7-m/nofp\libg.a(lib_a-memmove.o)
                0x080030e0                memmove
 .text.__malloc_lock
                0x080031d8        0xc d:/clion_stm32/stm32cude/gun-arm-embedded/bin/../lib/gcc/arm-none-eabi/10.3.1/../../../../arm-none-eabi/lib/thumb/v7-m/nofp\libg.a(lib_a-mlock.o)
                0x080031d8                __malloc_lock
 .text.__malloc_unlock
                0x080031e4        0xc d:/clion_stm32/stm32cude/gun-arm-embedded/bin/../lib/gcc/arm-none-eabi/10.3.1/../../../../arm-none-eabi/lib/thumb/v7-m/nofp\libg.a(lib_a-mlock.o)
                0x080031e4                __malloc_unlock
 .text._realloc_r
                0x080031f0      0x3dc d:/clion_stm32/stm32cude/gun-arm-embedded/bin/../lib/gcc/arm-none-eabi/10.3.1/../../../../arm-none-eabi/lib/thumb/v7-m/nofp\libg.a(lib_a-reallocr.o)
                0x080031f0                _realloc_r
 .text._sbrk_r  0x080035cc       0x24 d:/clion_stm32/stm32cude/gun-arm-embedded/bin/../lib/gcc/arm-none-eabi/10.3.1/../../../../arm-none-eabi/lib/thumb/v7-m/nofp\libg.a(lib_a-sbrkr.o)
                0x080035cc                _sbrk_r
 .text.__sread  0x080035f0       0x24 d:/clion_stm32/stm32cude/gun-arm-embedded/bin/../lib/gcc/arm-none-eabi/10.3.1/../../../../arm-none-eabi/lib/thumb/v7-m/nofp\libg.a(lib_a-stdio.o)
                0x080035f0                __sread
 .text.__swrite
                0x08003614       0x40 d:/clion_stm32/stm32cude/gun-arm-embedded/bin/../lib/gcc/arm-none-eabi/10.3.1/../../../../arm-none-eabi/lib/thumb/v7-m/nofp\libg.a(lib_a-stdio.o)
                0x08003614                __swrite
 .text.__sseek  0x08003654       0x20 d:/clion_stm32/stm32cude/gun-arm-embedded/bin/../lib/gcc/arm-none-eabi/10.3.1/../../../../arm-none-eabi/lib/thumb/v7-m/nofp\libg.a(lib_a-stdio.o)
                0x08003654                __sseek
 .text.__sclose
                0x08003674        0x8 d:/clion_stm32/stm32cude/gun-arm-embedded/bin/../lib/gcc/arm-none-eabi/10.3.1/../../../../arm-none-eabi/lib/thumb/v7-m/nofp\libg.a(lib_a-stdio.o)
                0x08003674                __sclose
 .text._write_r
                0x0800367c       0x2c d:/clion_stm32/stm32cude/gun-arm-embedded/bin/../lib/gcc/arm-none-eabi/10.3.1/../../../../arm-none-eabi/lib/thumb/v7-m/nofp\libg.a(lib_a-writer.o)
                0x0800367c                _write_r
 .text.__swsetup_r
                0x080036a8       0xd4 d:/clion_stm32/stm32cude/gun-arm-embedded/bin/../lib/gcc/arm-none-eabi/10.3.1/../../../../arm-none-eabi/lib/thumb/v7-m/nofp\libg.a(lib_a-wsetup.o)
                0x080036a8                __swsetup_r
 .text.__register_exitproc
                0x0800377c       0x8c d:/clion_stm32/stm32cude/gun-arm-embedded/bin/../lib/gcc/arm-none-eabi/10.3.1/../../../../arm-none-eabi/lib/thumb/v7-m/nofp\libg.a(lib_a-__atexit.o)
                0x0800377c                __register_exitproc
 .text._close_r
                0x08003808       0x24 d:/clion_stm32/stm32cude/gun-arm-embedded/bin/../lib/gcc/arm-none-eabi/10.3.1/../../../../arm-none-eabi/lib/thumb/v7-m/nofp\libg.a(lib_a-closer.o)
                0x08003808                _close_r
 .text._fclose_r
                0x0800382c       0xcc d:/clion_stm32/stm32cude/gun-arm-embedded/bin/../lib/gcc/arm-none-eabi/10.3.1/../../../../arm-none-eabi/lib/thumb/v7-m/nofp\libg.a(lib_a-fclose.o)
                0x0800382c                _fclose_r
 .text.__sflush_r
                0x080038f8      0x124 d:/clion_stm32/stm32cude/gun-arm-embedded/bin/../lib/gcc/arm-none-eabi/10.3.1/../../../../arm-none-eabi/lib/thumb/v7-m/nofp\libg.a(lib_a-fflush.o)
                0x080038f8                __sflush_r
 .text._fflush_r
                0x08003a1c       0x5c d:/clion_stm32/stm32cude/gun-arm-embedded/bin/../lib/gcc/arm-none-eabi/10.3.1/../../../../arm-none-eabi/lib/thumb/v7-m/nofp\libg.a(lib_a-fflush.o)
                0x08003a1c                _fflush_r
 .text._malloc_trim_r
                0x08003a78       0xa0 d:/clion_stm32/stm32cude/gun-arm-embedded/bin/../lib/gcc/arm-none-eabi/10.3.1/../../../../arm-none-eabi/lib/thumb/v7-m/nofp\libg.a(lib_a-freer.o)
                0x08003a78                _malloc_trim_r
 .text._free_r  0x08003b18      0x200 d:/clion_stm32/stm32cude/gun-arm-embedded/bin/../lib/gcc/arm-none-eabi/10.3.1/../../../../arm-none-eabi/lib/thumb/v7-m/nofp\libg.a(lib_a-freer.o)
                0x08003b18                _free_r
 .text._lseek_r
                0x08003d18       0x2c d:/clion_stm32/stm32cude/gun-arm-embedded/bin/../lib/gcc/arm-none-eabi/10.3.1/../../../../arm-none-eabi/lib/thumb/v7-m/nofp\libg.a(lib_a-lseekr.o)
                0x08003d18                _lseek_r
 .text.__smakebuf_r
                0x08003d44       0xe0 d:/clion_stm32/stm32cude/gun-arm-embedded/bin/../lib/gcc/arm-none-eabi/10.3.1/../../../../arm-none-eabi/lib/thumb/v7-m/nofp\libg.a(lib_a-makebuf.o)
                0x08003d44                __smakebuf_r
 .text._read_r  0x08003e24       0x2c d:/clion_stm32/stm32cude/gun-arm-embedded/bin/../lib/gcc/arm-none-eabi/10.3.1/../../../../arm-none-eabi/lib/thumb/v7-m/nofp\libg.a(lib_a-readr.o)
                0x08003e24                _read_r
 .text._fstat_r
                0x08003e50       0x28 d:/clion_stm32/stm32cude/gun-arm-embedded/bin/../lib/gcc/arm-none-eabi/10.3.1/../../../../arm-none-eabi/lib/thumb/v7-m/nofp\libg.a(lib_a-fstatr.o)
                0x08003e50                _fstat_r
 .text._isatty_r
                0x08003e78       0x24 d:/clion_stm32/stm32cude/gun-arm-embedded/bin/../lib/gcc/arm-none-eabi/10.3.1/../../../../arm-none-eabi/lib/thumb/v7-m/nofp\libg.a(lib_a-isattyr.o)
                0x08003e78                _isatty_r
 *(.glue_7)
 .glue_7        0x08003e9c        0x0 linker stubs
 *(.glue_7t)
 .glue_7t       0x08003e9c        0x0 linker stubs
 *(.eh_frame)
 .eh_frame      0x08003e9c        0x0 d:/clion_stm32/stm32cude/gun-arm-embedded/bin/../lib/gcc/arm-none-eabi/10.3.1/thumb/v7-m/nofp/crtbegin.o
 *(.init)
 .init          0x08003e9c        0x4 d:/clion_stm32/stm32cude/gun-arm-embedded/bin/../lib/gcc/arm-none-eabi/10.3.1/thumb/v7-m/nofp/crti.o
                0x08003e9c                _init
 .init          0x08003ea0        0x8 d:/clion_stm32/stm32cude/gun-arm-embedded/bin/../lib/gcc/arm-none-eabi/10.3.1/thumb/v7-m/nofp/crtn.o
 *(.fini)
 .fini          0x08003ea8        0x4 d:/clion_stm32/stm32cude/gun-arm-embedded/bin/../lib/gcc/arm-none-eabi/10.3.1/thumb/v7-m/nofp/crti.o
                0x08003ea8                _fini
 .fini          0x08003eac        0x8 d:/clion_stm32/stm32cude/gun-arm-embedded/bin/../lib/gcc/arm-none-eabi/10.3.1/thumb/v7-m/nofp/crtn.o
                0x08003eb4                . = ALIGN (0x4)
                0x08003eb4                _etext = .

.vfp11_veneer   0x08003eb4        0x0
 .vfp11_veneer  0x08003eb4        0x0 linker stubs

.v4_bx          0x08003eb4        0x0
 .v4_bx         0x08003eb4        0x0 linker stubs

.iplt           0x08003eb4        0x0
 .iplt          0x08003eb4        0x0 d:/clion_stm32/stm32cude/gun-arm-embedded/bin/../lib/gcc/arm-none-eabi/10.3.1/thumb/v7-m/nofp/crtbegin.o

.rodata         0x08003eb4     0x1e84
                0x08003eb4                . = ALIGN (0x4)
 *(.rodata)
 .rodata        0x08003eb4        0x3 CMakeFiles/SPI.elf.dir/Core/Src/main.c.obj
 *(.rodata*)
 *fill*         0x08003eb7        0x1 
 .rodata.main.str1.4
                0x08003eb8       0x3c CMakeFiles/SPI.elf.dir/Core/Src/main.c.obj
 .rodata.Hzk1   0x08003ef4      0x160 CMakeFiles/SPI.elf.dir/Core/Src/oled.c.obj
                0x08003ef4                Hzk1
 .rodata.Hzk2   0x08004054       0x48 CMakeFiles/SPI.elf.dir/Core/Src/oled.c.obj
                0x08004054                Hzk2
 .rodata.Hzk3   0x0800409c       0x80 CMakeFiles/SPI.elf.dir/Core/Src/oled.c.obj
                0x0800409c                Hzk3
 .rodata.Hzk4   0x0800411c      0x200 CMakeFiles/SPI.elf.dir/Core/Src/oled.c.obj
                0x0800411c                Hzk4
 .rodata.asc2_0806
                0x0800431c      0x228 CMakeFiles/SPI.elf.dir/Core/Src/oled.c.obj
                0x0800431c                asc2_0806
 .rodata.asc2_1206
                0x08004544      0x474 CMakeFiles/SPI.elf.dir/Core/Src/oled.c.obj
                0x08004544                asc2_1206
 .rodata.asc2_1608
                0x080049b8      0x5f0 CMakeFiles/SPI.elf.dir/Core/Src/oled.c.obj
                0x080049b8                asc2_1608
 .rodata.asc2_2412
                0x08004fa8      0xd5c CMakeFiles/SPI.elf.dir/Core/Src/oled.c.obj
                0x08004fa8                asc2_2412
 .rodata.AHBPrescTable
                0x08005d04       0x10 CMakeFiles/SPI.elf.dir/Core/Src/system_stm32f1xx.c.obj
                0x08005d04                AHBPrescTable
 .rodata.APBPrescTable
                0x08005d14        0x8 CMakeFiles/SPI.elf.dir/Core/Src/system_stm32f1xx.c.obj
                0x08005d14                APBPrescTable
 .rodata.HAL_RCC_GetSysClockFreq.str1.4
                0x08005d1c       0x11 CMakeFiles/SPI.elf.dir/Drivers/STM32F1xx_HAL_Driver/Src/stm32f1xx_hal_rcc.c.obj
 *fill*         0x08005d2d        0x3 
 .rodata._global_impure_ptr
                0x08005d30        0x4 d:/clion_stm32/stm32cude/gun-arm-embedded/bin/../lib/gcc/arm-none-eabi/10.3.1/../../../../arm-none-eabi/lib/thumb/v7-m/nofp\libg.a(lib_a-impure.o)
                0x08005d30                _global_impure_ptr
 .rodata._puts_r.str1.4
                0x08005d34        0x2 d:/clion_stm32/stm32cude/gun-arm-embedded/bin/../lib/gcc/arm-none-eabi/10.3.1/../../../../arm-none-eabi/lib/thumb/v7-m/nofp\libg.a(lib_a-puts.o)
                0x08005d38                . = ALIGN (0x4)
 *fill*         0x08005d36        0x2 

.rel.dyn        0x08005d38        0x0
 .rel.iplt      0x08005d38        0x0 d:/clion_stm32/stm32cude/gun-arm-embedded/bin/../lib/gcc/arm-none-eabi/10.3.1/thumb/v7-m/nofp/crtbegin.o

.ARM.extab      0x08005d38        0x0
                0x08005d38                . = ALIGN (0x4)
 *(.ARM.extab* .gnu.linkonce.armextab.*)
                0x08005d38                . = ALIGN (0x4)

.ARM            0x08005d38        0x0
                0x08005d38                . = ALIGN (0x4)
                0x08005d38                __exidx_start = .
 *(.ARM.exidx*)
                0x08005d38                __exidx_end = .
                0x08005d38                . = ALIGN (0x4)

.preinit_array  0x08005d38        0x0
                0x08005d38                . = ALIGN (0x4)
                0x08005d38                PROVIDE (__preinit_array_start = .)
 *(.preinit_array*)
                0x08005d38                PROVIDE (__preinit_array_end = .)
                0x08005d38                . = ALIGN (0x4)

.init_array     0x08005d38        0x8
                0x08005d38                . = ALIGN (0x4)
                0x08005d38                PROVIDE (__init_array_start = .)
 *(SORT_BY_NAME(.init_array.*))
 .init_array.00000
                0x08005d38        0x4 d:/clion_stm32/stm32cude/gun-arm-embedded/bin/../lib/gcc/arm-none-eabi/10.3.1/../../../../arm-none-eabi/lib/thumb/v7-m/nofp\libg.a(lib_a-__call_atexit.o)
 *(.init_array*)
 .init_array    0x08005d3c        0x4 d:/clion_stm32/stm32cude/gun-arm-embedded/bin/../lib/gcc/arm-none-eabi/10.3.1/thumb/v7-m/nofp/crtbegin.o
                0x08005d40                PROVIDE (__init_array_end = .)
                0x08005d40                . = ALIGN (0x4)

.fini_array     0x08005d40        0x4
                0x08005d40                . = ALIGN (0x4)
                0x08005d40                PROVIDE (__fini_array_start = .)
 *(SORT_BY_NAME(.fini_array.*))
 *(.fini_array*)
 .fini_array    0x08005d40        0x4 d:/clion_stm32/stm32cude/gun-arm-embedded/bin/../lib/gcc/arm-none-eabi/10.3.1/thumb/v7-m/nofp/crtbegin.o
                0x08005d44                PROVIDE (__fini_array_end = .)
                0x08005d44                . = ALIGN (0x4)
                0x08005d44                _sidata = LOADADDR (.data)

.data           0x20000000      0xc4c load address 0x08005d44
                0x20000000                . = ALIGN (0x4)
                0x20000000                _sdata = .
 *(.data)
 *(.data*)
 .data.BMP2     0x20000000      0x400 CMakeFiles/SPI.elf.dir/Core/Src/main.c.obj
                0x20000000                BMP2
 .data.SystemCoreClock
                0x20000400        0x4 CMakeFiles/SPI.elf.dir/Core/Src/system_stm32f1xx.c.obj
                0x20000400                SystemCoreClock
 .data.uwTickFreq
                0x20000404        0x1 CMakeFiles/SPI.elf.dir/Drivers/STM32F1xx_HAL_Driver/Src/stm32f1xx_hal.c.obj
                0x20000404                uwTickFreq
 *fill*         0x20000405        0x3 
 .data.uwTickPrio
                0x20000408        0x4 CMakeFiles/SPI.elf.dir/Drivers/STM32F1xx_HAL_Driver/Src/stm32f1xx_hal.c.obj
                0x20000408                uwTickPrio
 .data._impure_ptr
                0x2000040c        0x4 d:/clion_stm32/stm32cude/gun-arm-embedded/bin/../lib/gcc/arm-none-eabi/10.3.1/../../../../arm-none-eabi/lib/thumb/v7-m/nofp\libg.a(lib_a-impure.o)
                0x2000040c                _impure_ptr
 .data.impure_data
                0x20000410      0x428 d:/clion_stm32/stm32cude/gun-arm-embedded/bin/../lib/gcc/arm-none-eabi/10.3.1/../../../../arm-none-eabi/lib/thumb/v7-m/nofp\libg.a(lib_a-impure.o)
 .data.__atexit_recursive_mutex
                0x20000838        0x4 d:/clion_stm32/stm32cude/gun-arm-embedded/bin/../lib/gcc/arm-none-eabi/10.3.1/../../../../arm-none-eabi/lib/thumb/v7-m/nofp\libg.a(lib_a-__call_atexit.o)
                0x20000838                __atexit_recursive_mutex
 .data.__malloc_av_
                0x2000083c      0x408 d:/clion_stm32/stm32cude/gun-arm-embedded/bin/../lib/gcc/arm-none-eabi/10.3.1/../../../../arm-none-eabi/lib/thumb/v7-m/nofp\libg.a(lib_a-mallocr.o)
                0x2000083c                __malloc_av_
 .data.__malloc_sbrk_base
                0x20000c44        0x4 d:/clion_stm32/stm32cude/gun-arm-embedded/bin/../lib/gcc/arm-none-eabi/10.3.1/../../../../arm-none-eabi/lib/thumb/v7-m/nofp\libg.a(lib_a-mallocr.o)
                0x20000c44                __malloc_sbrk_base
 .data.__malloc_trim_threshold
                0x20000c48        0x4 d:/clion_stm32/stm32cude/gun-arm-embedded/bin/../lib/gcc/arm-none-eabi/10.3.1/../../../../arm-none-eabi/lib/thumb/v7-m/nofp\libg.a(lib_a-mallocr.o)
                0x20000c48                __malloc_trim_threshold
 *(.RamFunc)
 *(.RamFunc*)
                0x20000c4c                . = ALIGN (0x4)
                0x20000c4c                _edata = .

.igot.plt       0x20000c4c        0x0 load address 0x08006990
 .igot.plt      0x20000c4c        0x0 d:/clion_stm32/stm32cude/gun-arm-embedded/bin/../lib/gcc/arm-none-eabi/10.3.1/thumb/v7-m/nofp/crtbegin.o
                0x20000c4c                . = ALIGN (0x4)

.bss            0x20000c4c      0x610 load address 0x08006990
                0x20000c4c                _sbss = .
                0x20000c4c                __bss_start__ = _sbss
 *(.bss)
 .bss           0x20000c4c       0x1c d:/clion_stm32/stm32cude/gun-arm-embedded/bin/../lib/gcc/arm-none-eabi/10.3.1/thumb/v7-m/nofp/crtbegin.o
 *(.bss*)
 .bss.OLED_GRAM
                0x20000c68      0x480 CMakeFiles/SPI.elf.dir/Core/Src/oled.c.obj
                0x20000c68                OLED_GRAM
 .bss.hdma_spi2_rx
                0x200010e8       0x44 CMakeFiles/SPI.elf.dir/Core/Src/spi.c.obj
                0x200010e8                hdma_spi2_rx
 .bss.hdma_spi2_tx
                0x2000112c       0x44 CMakeFiles/SPI.elf.dir/Core/Src/spi.c.obj
                0x2000112c                hdma_spi2_tx
 .bss.hspi2     0x20001170       0x58 CMakeFiles/SPI.elf.dir/Core/Src/spi.c.obj
                0x20001170                hspi2
 .bss.__sbrk_heap_end
                0x200011c8        0x4 CMakeFiles/SPI.elf.dir/Core/Src/sysmem.c.obj
 .bss.huart1    0x200011cc       0x44 CMakeFiles/SPI.elf.dir/Core/Src/usart.c.obj
                0x200011cc                huart1
 .bss.uwTick    0x20001210        0x4 CMakeFiles/SPI.elf.dir/Drivers/STM32F1xx_HAL_Driver/Src/stm32f1xx_hal.c.obj
                0x20001210                uwTick
 .bss.__lock___atexit_recursive_mutex
                0x20001214        0x1 d:/clion_stm32/stm32cude/gun-arm-embedded/bin/../lib/gcc/arm-none-eabi/10.3.1/../../../../arm-none-eabi/lib/thumb/v7-m/nofp\libg.a(lib_a-lock.o)
                0x20001214                __lock___atexit_recursive_mutex
 *fill*         0x20001215        0x3 
 .bss.__lock___malloc_recursive_mutex
                0x20001218        0x1 d:/clion_stm32/stm32cude/gun-arm-embedded/bin/../lib/gcc/arm-none-eabi/10.3.1/../../../../arm-none-eabi/lib/thumb/v7-m/nofp\libg.a(lib_a-lock.o)
                0x20001218                __lock___malloc_recursive_mutex
 *fill*         0x20001219        0x3 
 .bss.__lock___sfp_recursive_mutex
                0x2000121c        0x1 d:/clion_stm32/stm32cude/gun-arm-embedded/bin/../lib/gcc/arm-none-eabi/10.3.1/../../../../arm-none-eabi/lib/thumb/v7-m/nofp\libg.a(lib_a-lock.o)
                0x2000121c                __lock___sfp_recursive_mutex
 *fill*         0x2000121d        0x3 
 .bss.__lock___sinit_recursive_mutex
                0x20001220        0x1 d:/clion_stm32/stm32cude/gun-arm-embedded/bin/../lib/gcc/arm-none-eabi/10.3.1/../../../../arm-none-eabi/lib/thumb/v7-m/nofp\libg.a(lib_a-lock.o)
                0x20001220                __lock___sinit_recursive_mutex
 *fill*         0x20001221        0x3 
 .bss.__malloc_current_mallinfo
                0x20001224       0x28 d:/clion_stm32/stm32cude/gun-arm-embedded/bin/../lib/gcc/arm-none-eabi/10.3.1/../../../../arm-none-eabi/lib/thumb/v7-m/nofp\libg.a(lib_a-mallocr.o)
                0x20001224                __malloc_current_mallinfo
 .bss.__malloc_max_sbrked_mem
                0x2000124c        0x4 d:/clion_stm32/stm32cude/gun-arm-embedded/bin/../lib/gcc/arm-none-eabi/10.3.1/../../../../arm-none-eabi/lib/thumb/v7-m/nofp\libg.a(lib_a-mallocr.o)
                0x2000124c                __malloc_max_sbrked_mem
 .bss.__malloc_max_total_mem
                0x20001250        0x4 d:/clion_stm32/stm32cude/gun-arm-embedded/bin/../lib/gcc/arm-none-eabi/10.3.1/../../../../arm-none-eabi/lib/thumb/v7-m/nofp\libg.a(lib_a-mallocr.o)
                0x20001250                __malloc_max_total_mem
 .bss.__malloc_top_pad
                0x20001254        0x4 d:/clion_stm32/stm32cude/gun-arm-embedded/bin/../lib/gcc/arm-none-eabi/10.3.1/../../../../arm-none-eabi/lib/thumb/v7-m/nofp\libg.a(lib_a-mallocr.o)
                0x20001254                __malloc_top_pad
 .bss.errno     0x20001258        0x4 d:/clion_stm32/stm32cude/gun-arm-embedded/bin/../lib/gcc/arm-none-eabi/10.3.1/../../../../arm-none-eabi/lib/thumb/v7-m/nofp\libg.a(lib_a-reent.o)
                0x20001258                errno
 *(COMMON)
                0x2000125c                . = ALIGN (0x4)
                0x2000125c                _ebss = .
                0x2000125c                __bss_end__ = _ebss

._user_heap_stack
                0x2000125c      0x604 load address 0x08006990
                0x20001260                . = ALIGN (0x8)
 *fill*         0x2000125c        0x4 
                [!provide]                PROVIDE (end = .)
                0x20001260                PROVIDE (_end = .)
                0x20001460                . = (. + _Min_Heap_Size)
 *fill*         0x20001260      0x200 
                0x20001860                . = (. + _Min_Stack_Size)
 *fill*         0x20001460      0x400 
                0x20001860                . = ALIGN (0x8)

/DISCARD/
 libc.a(*)
 libm.a(*)
 libgcc.a(*)

.ARM.attributes
                0x00000000       0x29
 *(.ARM.attributes)
 .ARM.attributes
                0x00000000       0x1d d:/clion_stm32/stm32cude/gun-arm-embedded/bin/../lib/gcc/arm-none-eabi/10.3.1/thumb/v7-m/nofp/crti.o
 .ARM.attributes
                0x0000001d       0x2d d:/clion_stm32/stm32cude/gun-arm-embedded/bin/../lib/gcc/arm-none-eabi/10.3.1/thumb/v7-m/nofp/crtbegin.o
 .ARM.attributes
                0x0000004a       0x2d CMakeFiles/SPI.elf.dir/Core/Src/dma.c.obj
 .ARM.attributes
                0x00000077       0x2d CMakeFiles/SPI.elf.dir/Core/Src/gpio.c.obj
 .ARM.attributes
                0x000000a4       0x2d CMakeFiles/SPI.elf.dir/Core/Src/main.c.obj
 .ARM.attributes
                0x000000d1       0x2d CMakeFiles/SPI.elf.dir/Core/Src/oled.c.obj
 .ARM.attributes
                0x000000fe       0x2d CMakeFiles/SPI.elf.dir/Core/Src/spi.c.obj
 .ARM.attributes
                0x0000012b       0x2d CMakeFiles/SPI.elf.dir/Core/Src/stm32f1xx_hal_msp.c.obj
 .ARM.attributes
                0x00000158       0x2d CMakeFiles/SPI.elf.dir/Core/Src/stm32f1xx_it.c.obj
 .ARM.attributes
                0x00000185       0x2d CMakeFiles/SPI.elf.dir/Core/Src/syscalls.c.obj
 .ARM.attributes
                0x000001b2       0x2d CMakeFiles/SPI.elf.dir/Core/Src/sysmem.c.obj
 .ARM.attributes
                0x000001df       0x2d CMakeFiles/SPI.elf.dir/Core/Src/system_stm32f1xx.c.obj
 .ARM.attributes
                0x0000020c       0x2d CMakeFiles/SPI.elf.dir/Core/Src/usart.c.obj
 .ARM.attributes
                0x00000239       0x21 CMakeFiles/SPI.elf.dir/Core/Startup/startup_stm32f103zetx.s.obj
 .ARM.attributes
                0x0000025a       0x2d CMakeFiles/SPI.elf.dir/Drivers/STM32F1xx_HAL_Driver/Src/stm32f1xx_hal.c.obj
 .ARM.attributes
                0x00000287       0x2d CMakeFiles/SPI.elf.dir/Drivers/STM32F1xx_HAL_Driver/Src/stm32f1xx_hal_cortex.c.obj
 .ARM.attributes
                0x000002b4       0x2d CMakeFiles/SPI.elf.dir/Drivers/STM32F1xx_HAL_Driver/Src/stm32f1xx_hal_dma.c.obj
 .ARM.attributes
                0x000002e1       0x2d CMakeFiles/SPI.elf.dir/Drivers/STM32F1xx_HAL_Driver/Src/stm32f1xx_hal_gpio.c.obj
 .ARM.attributes
                0x0000030e       0x2d CMakeFiles/SPI.elf.dir/Drivers/STM32F1xx_HAL_Driver/Src/stm32f1xx_hal_rcc.c.obj
 .ARM.attributes
                0x0000033b       0x2d CMakeFiles/SPI.elf.dir/Drivers/STM32F1xx_HAL_Driver/Src/stm32f1xx_hal_spi.c.obj
 .ARM.attributes
                0x00000368       0x2d CMakeFiles/SPI.elf.dir/Drivers/STM32F1xx_HAL_Driver/Src/stm32f1xx_hal_uart.c.obj
 .ARM.attributes
                0x00000395       0x2d d:/clion_stm32/stm32cude/gun-arm-embedded/bin/../lib/gcc/arm-none-eabi/10.3.1/../../../../arm-none-eabi/lib/thumb/v7-m/nofp\libg.a(lib_a-errno.o)
 .ARM.attributes
                0x000003c2       0x2d d:/clion_stm32/stm32cude/gun-arm-embedded/bin/../lib/gcc/arm-none-eabi/10.3.1/../../../../arm-none-eabi/lib/thumb/v7-m/nofp\libg.a(lib_a-impure.o)
 .ARM.attributes
                0x000003ef       0x2d d:/clion_stm32/stm32cude/gun-arm-embedded/bin/../lib/gcc/arm-none-eabi/10.3.1/../../../../arm-none-eabi/lib/thumb/v7-m/nofp\libg.a(lib_a-init.o)
 .ARM.attributes
                0x0000041c       0x2d d:/clion_stm32/stm32cude/gun-arm-embedded/bin/../lib/gcc/arm-none-eabi/10.3.1/../../../../arm-none-eabi/lib/thumb/v7-m/nofp\libg.a(lib_a-memset.o)
 .ARM.attributes
                0x00000449       0x2d d:/clion_stm32/stm32cude/gun-arm-embedded/bin/../lib/gcc/arm-none-eabi/10.3.1/../../../../arm-none-eabi/lib/thumb/v7-m/nofp\libg.a(lib_a-puts.o)
 .ARM.attributes
                0x00000476       0x2d d:/clion_stm32/stm32cude/gun-arm-embedded/bin/../lib/gcc/arm-none-eabi/10.3.1/../../../../arm-none-eabi/lib/thumb/v7-m/nofp\libg.a(lib_a-strlen-stub.o)
 .ARM.attributes
                0x000004a3       0x2d d:/clion_stm32/stm32cude/gun-arm-embedded/bin/../lib/gcc/arm-none-eabi/10.3.1/../../../../arm-none-eabi/lib/thumb/v7-m/nofp\libg.a(lib_a-__call_atexit.o)
 .ARM.attributes
                0x000004d0       0x2d d:/clion_stm32/stm32cude/gun-arm-embedded/bin/../lib/gcc/arm-none-eabi/10.3.1/../../../../arm-none-eabi/lib/thumb/v7-m/nofp\libg.a(lib_a-atexit.o)
 .ARM.attributes
                0x000004fd       0x2d d:/clion_stm32/stm32cude/gun-arm-embedded/bin/../lib/gcc/arm-none-eabi/10.3.1/../../../../arm-none-eabi/lib/thumb/v7-m/nofp\libg.a(lib_a-findfp.o)
 .ARM.attributes
                0x0000052a       0x2d d:/clion_stm32/stm32cude/gun-arm-embedded/bin/../lib/gcc/arm-none-eabi/10.3.1/../../../../arm-none-eabi/lib/thumb/v7-m/nofp\libg.a(lib_a-fini.o)
 .ARM.attributes
                0x00000557       0x2d d:/clion_stm32/stm32cude/gun-arm-embedded/bin/../lib/gcc/arm-none-eabi/10.3.1/../../../../arm-none-eabi/lib/thumb/v7-m/nofp\libg.a(lib_a-fvwrite.o)
 .ARM.attributes
                0x00000584       0x2d d:/clion_stm32/stm32cude/gun-arm-embedded/bin/../lib/gcc/arm-none-eabi/10.3.1/../../../../arm-none-eabi/lib/thumb/v7-m/nofp\libg.a(lib_a-fwalk.o)
 .ARM.attributes
                0x000005b1       0x2d d:/clion_stm32/stm32cude/gun-arm-embedded/bin/../lib/gcc/arm-none-eabi/10.3.1/../../../../arm-none-eabi/lib/thumb/v7-m/nofp\libg.a(lib_a-lock.o)
 .ARM.attributes
                0x000005de       0x2d d:/clion_stm32/stm32cude/gun-arm-embedded/bin/../lib/gcc/arm-none-eabi/10.3.1/../../../../arm-none-eabi/lib/thumb/v7-m/nofp\libg.a(lib_a-mallocr.o)
 .ARM.attributes
                0x0000060b       0x2d d:/clion_stm32/stm32cude/gun-arm-embedded/bin/../lib/gcc/arm-none-eabi/10.3.1/../../../../arm-none-eabi/lib/thumb/v7-m/nofp\libg.a(lib_a-memchr-stub.o)
 .ARM.attributes
                0x00000638       0x1b d:/clion_stm32/stm32cude/gun-arm-embedded/bin/../lib/gcc/arm-none-eabi/10.3.1/../../../../arm-none-eabi/lib/thumb/v7-m/nofp\libg.a(lib_a-memcpy.o)
 .ARM.attributes
                0x00000653       0x2d d:/clion_stm32/stm32cude/gun-arm-embedded/bin/../lib/gcc/arm-none-eabi/10.3.1/../../../../arm-none-eabi/lib/thumb/v7-m/nofp\libg.a(lib_a-memmove.o)
 .ARM.attributes
                0x00000680       0x2d d:/clion_stm32/stm32cude/gun-arm-embedded/bin/../lib/gcc/arm-none-eabi/10.3.1/../../../../arm-none-eabi/lib/thumb/v7-m/nofp\libg.a(lib_a-mlock.o)
 .ARM.attributes
                0x000006ad       0x2d d:/clion_stm32/stm32cude/gun-arm-embedded/bin/../lib/gcc/arm-none-eabi/10.3.1/../../../../arm-none-eabi/lib/thumb/v7-m/nofp\libg.a(lib_a-reallocr.o)
 .ARM.attributes
                0x000006da       0x2d d:/clion_stm32/stm32cude/gun-arm-embedded/bin/../lib/gcc/arm-none-eabi/10.3.1/../../../../arm-none-eabi/lib/thumb/v7-m/nofp\libg.a(lib_a-sbrkr.o)
 .ARM.attributes
                0x00000707       0x2d d:/clion_stm32/stm32cude/gun-arm-embedded/bin/../lib/gcc/arm-none-eabi/10.3.1/../../../../arm-none-eabi/lib/thumb/v7-m/nofp\libg.a(lib_a-stdio.o)
 .ARM.attributes
                0x00000734       0x2d d:/clion_stm32/stm32cude/gun-arm-embedded/bin/../lib/gcc/arm-none-eabi/10.3.1/../../../../arm-none-eabi/lib/thumb/v7-m/nofp\libg.a(lib_a-writer.o)
 .ARM.attributes
                0x00000761       0x2d d:/clion_stm32/stm32cude/gun-arm-embedded/bin/../lib/gcc/arm-none-eabi/10.3.1/../../../../arm-none-eabi/lib/thumb/v7-m/nofp\libg.a(lib_a-wsetup.o)
 .ARM.attributes
                0x0000078e       0x2d d:/clion_stm32/stm32cude/gun-arm-embedded/bin/../lib/gcc/arm-none-eabi/10.3.1/../../../../arm-none-eabi/lib/thumb/v7-m/nofp\libg.a(lib_a-__atexit.o)
 .ARM.attributes
                0x000007bb       0x2d d:/clion_stm32/stm32cude/gun-arm-embedded/bin/../lib/gcc/arm-none-eabi/10.3.1/../../../../arm-none-eabi/lib/thumb/v7-m/nofp\libg.a(lib_a-closer.o)
 .ARM.attributes
                0x000007e8       0x2d d:/clion_stm32/stm32cude/gun-arm-embedded/bin/../lib/gcc/arm-none-eabi/10.3.1/../../../../arm-none-eabi/lib/thumb/v7-m/nofp\libg.a(lib_a-fclose.o)
 .ARM.attributes
                0x00000815       0x2d d:/clion_stm32/stm32cude/gun-arm-embedded/bin/../lib/gcc/arm-none-eabi/10.3.1/../../../../arm-none-eabi/lib/thumb/v7-m/nofp\libg.a(lib_a-fflush.o)
 .ARM.attributes
                0x00000842       0x2d d:/clion_stm32/stm32cude/gun-arm-embedded/bin/../lib/gcc/arm-none-eabi/10.3.1/../../../../arm-none-eabi/lib/thumb/v7-m/nofp\libg.a(lib_a-freer.o)
 .ARM.attributes
                0x0000086f       0x2d d:/clion_stm32/stm32cude/gun-arm-embedded/bin/../lib/gcc/arm-none-eabi/10.3.1/../../../../arm-none-eabi/lib/thumb/v7-m/nofp\libg.a(lib_a-lseekr.o)
 .ARM.attributes
                0x0000089c       0x2d d:/clion_stm32/stm32cude/gun-arm-embedded/bin/../lib/gcc/arm-none-eabi/10.3.1/../../../../arm-none-eabi/lib/thumb/v7-m/nofp\libg.a(lib_a-makebuf.o)
 .ARM.attributes
                0x000008c9       0x2d d:/clion_stm32/stm32cude/gun-arm-embedded/bin/../lib/gcc/arm-none-eabi/10.3.1/../../../../arm-none-eabi/lib/thumb/v7-m/nofp\libg.a(lib_a-readr.o)
 .ARM.attributes
                0x000008f6       0x2d d:/clion_stm32/stm32cude/gun-arm-embedded/bin/../lib/gcc/arm-none-eabi/10.3.1/../../../../arm-none-eabi/lib/thumb/v7-m/nofp\libg.a(lib_a-reent.o)
 .ARM.attributes
                0x00000923       0x2d d:/clion_stm32/stm32cude/gun-arm-embedded/bin/../lib/gcc/arm-none-eabi/10.3.1/../../../../arm-none-eabi/lib/thumb/v7-m/nofp\libg.a(lib_a-fstatr.o)
 .ARM.attributes
                0x00000950       0x2d d:/clion_stm32/stm32cude/gun-arm-embedded/bin/../lib/gcc/arm-none-eabi/10.3.1/../../../../arm-none-eabi/lib/thumb/v7-m/nofp\libg.a(lib_a-isattyr.o)
 .ARM.attributes
                0x0000097d       0x1d d:/clion_stm32/stm32cude/gun-arm-embedded/bin/../lib/gcc/arm-none-eabi/10.3.1/thumb/v7-m/nofp/crtn.o
OUTPUT(SPI.elf elf32-littlearm)
LOAD linker stubs
LOAD d:/clion_stm32/stm32cude/gun-arm-embedded/bin/../lib/gcc/arm-none-eabi/10.3.1/../../../../arm-none-eabi/lib/thumb/v7-m/nofp\libc.a
LOAD d:/clion_stm32/stm32cude/gun-arm-embedded/bin/../lib/gcc/arm-none-eabi/10.3.1/../../../../arm-none-eabi/lib/thumb/v7-m/nofp\libm.a
LOAD d:/clion_stm32/stm32cude/gun-arm-embedded/bin/../lib/gcc/arm-none-eabi/10.3.1/thumb/v7-m/nofp\libgcc.a

.debug_info     0x00000000     0xb86e
 .debug_info    0x00000000      0x38a CMakeFiles/SPI.elf.dir/Core/Src/dma.c.obj
 .debug_info    0x0000038a      0x330 CMakeFiles/SPI.elf.dir/Core/Src/gpio.c.obj
 .debug_info    0x000006ba      0xe20 CMakeFiles/SPI.elf.dir/Core/Src/main.c.obj
 .debug_info    0x000014da     0x1881 CMakeFiles/SPI.elf.dir/Core/Src/oled.c.obj
 .debug_info    0x00002d5b      0x915 CMakeFiles/SPI.elf.dir/Core/Src/spi.c.obj
 .debug_info    0x00003670      0x17c CMakeFiles/SPI.elf.dir/Core/Src/stm32f1xx_hal_msp.c.obj
 .debug_info    0x000037ec      0x3dc CMakeFiles/SPI.elf.dir/Core/Src/stm32f1xx_it.c.obj
 .debug_info    0x00003bc8      0x7af CMakeFiles/SPI.elf.dir/Core/Src/syscalls.c.obj
 .debug_info    0x00004377      0x174 CMakeFiles/SPI.elf.dir/Core/Src/sysmem.c.obj
 .debug_info    0x000044eb      0x248 CMakeFiles/SPI.elf.dir/Core/Src/system_stm32f1xx.c.obj
 .debug_info    0x00004733      0x827 CMakeFiles/SPI.elf.dir/Core/Src/usart.c.obj
 .debug_info    0x00004f5a       0x22 CMakeFiles/SPI.elf.dir/Core/Startup/startup_stm32f103zetx.s.obj
 .debug_info    0x00004f7c      0x80e CMakeFiles/SPI.elf.dir/Drivers/STM32F1xx_HAL_Driver/Src/stm32f1xx_hal.c.obj
 .debug_info    0x0000578a      0xdf0 CMakeFiles/SPI.elf.dir/Drivers/STM32F1xx_HAL_Driver/Src/stm32f1xx_hal_cortex.c.obj
 .debug_info    0x0000657a      0x846 CMakeFiles/SPI.elf.dir/Drivers/STM32F1xx_HAL_Driver/Src/stm32f1xx_hal_dma.c.obj
 .debug_info    0x00006dc0      0x66f CMakeFiles/SPI.elf.dir/Drivers/STM32F1xx_HAL_Driver/Src/stm32f1xx_hal_gpio.c.obj
 .debug_info    0x0000742f      0xa36 CMakeFiles/SPI.elf.dir/Drivers/STM32F1xx_HAL_Driver/Src/stm32f1xx_hal_rcc.c.obj
 .debug_info    0x00007e65     0x1d7e CMakeFiles/SPI.elf.dir/Drivers/STM32F1xx_HAL_Driver/Src/stm32f1xx_hal_spi.c.obj
 .debug_info    0x00009be3     0x1c8b CMakeFiles/SPI.elf.dir/Drivers/STM32F1xx_HAL_Driver/Src/stm32f1xx_hal_uart.c.obj

.debug_abbrev   0x00000000     0x20b6
 .debug_abbrev  0x00000000      0x114 CMakeFiles/SPI.elf.dir/Core/Src/dma.c.obj
 .debug_abbrev  0x00000114      0x13c CMakeFiles/SPI.elf.dir/Core/Src/gpio.c.obj
 .debug_abbrev  0x00000250      0x24e CMakeFiles/SPI.elf.dir/Core/Src/main.c.obj
 .debug_abbrev  0x0000049e      0x25a CMakeFiles/SPI.elf.dir/Core/Src/oled.c.obj
 .debug_abbrev  0x000006f8      0x1c9 CMakeFiles/SPI.elf.dir/Core/Src/spi.c.obj
 .debug_abbrev  0x000008c1       0xbf CMakeFiles/SPI.elf.dir/Core/Src/stm32f1xx_hal_msp.c.obj
 .debug_abbrev  0x00000980      0x154 CMakeFiles/SPI.elf.dir/Core/Src/stm32f1xx_it.c.obj
 .debug_abbrev  0x00000ad4      0x1a3 CMakeFiles/SPI.elf.dir/Core/Src/syscalls.c.obj
 .debug_abbrev  0x00000c77       0xe7 CMakeFiles/SPI.elf.dir/Core/Src/sysmem.c.obj
 .debug_abbrev  0x00000d5e      0x13e CMakeFiles/SPI.elf.dir/Core/Src/system_stm32f1xx.c.obj
 .debug_abbrev  0x00000e9c      0x1c1 CMakeFiles/SPI.elf.dir/Core/Src/usart.c.obj
 .debug_abbrev  0x0000105d       0x12 CMakeFiles/SPI.elf.dir/Core/Startup/startup_stm32f103zetx.s.obj
 .debug_abbrev  0x0000106f      0x1f4 CMakeFiles/SPI.elf.dir/Drivers/STM32F1xx_HAL_Driver/Src/stm32f1xx_hal.c.obj
 .debug_abbrev  0x00001263      0x341 CMakeFiles/SPI.elf.dir/Drivers/STM32F1xx_HAL_Driver/Src/stm32f1xx_hal_cortex.c.obj
 .debug_abbrev  0x000015a4      0x223 CMakeFiles/SPI.elf.dir/Drivers/STM32F1xx_HAL_Driver/Src/stm32f1xx_hal_dma.c.obj
 .debug_abbrev  0x000017c7      0x1e6 CMakeFiles/SPI.elf.dir/Drivers/STM32F1xx_HAL_Driver/Src/stm32f1xx_hal_gpio.c.obj
 .debug_abbrev  0x000019ad      0x27a CMakeFiles/SPI.elf.dir/Drivers/STM32F1xx_HAL_Driver/Src/stm32f1xx_hal_rcc.c.obj
 .debug_abbrev  0x00001c27      0x23b CMakeFiles/SPI.elf.dir/Drivers/STM32F1xx_HAL_Driver/Src/stm32f1xx_hal_spi.c.obj
 .debug_abbrev  0x00001e62      0x254 CMakeFiles/SPI.elf.dir/Drivers/STM32F1xx_HAL_Driver/Src/stm32f1xx_hal_uart.c.obj

.debug_aranges  0x00000000      0x9d8
 .debug_aranges
                0x00000000       0x20 CMakeFiles/SPI.elf.dir/Core/Src/dma.c.obj
 .debug_aranges
                0x00000020       0x20 CMakeFiles/SPI.elf.dir/Core/Src/gpio.c.obj
 .debug_aranges
                0x00000040       0x38 CMakeFiles/SPI.elf.dir/Core/Src/main.c.obj
 .debug_aranges
                0x00000078       0xb0 CMakeFiles/SPI.elf.dir/Core/Src/oled.c.obj
 .debug_aranges
                0x00000128       0x30 CMakeFiles/SPI.elf.dir/Core/Src/spi.c.obj
 .debug_aranges
                0x00000158       0x20 CMakeFiles/SPI.elf.dir/Core/Src/stm32f1xx_hal_msp.c.obj
 .debug_aranges
                0x00000178       0x70 CMakeFiles/SPI.elf.dir/Core/Src/stm32f1xx_it.c.obj
 .debug_aranges
                0x000001e8       0xa8 CMakeFiles/SPI.elf.dir/Core/Src/syscalls.c.obj
 .debug_aranges
                0x00000290       0x20 CMakeFiles/SPI.elf.dir/Core/Src/sysmem.c.obj
 .debug_aranges
                0x000002b0       0x28 CMakeFiles/SPI.elf.dir/Core/Src/system_stm32f1xx.c.obj
 .debug_aranges
                0x000002d8       0x30 CMakeFiles/SPI.elf.dir/Core/Src/usart.c.obj
 .debug_aranges
                0x00000308       0x28 CMakeFiles/SPI.elf.dir/Core/Startup/startup_stm32f103zetx.s.obj
 .debug_aranges
                0x00000330       0xe0 CMakeFiles/SPI.elf.dir/Drivers/STM32F1xx_HAL_Driver/Src/stm32f1xx_hal.c.obj
 .debug_aranges
                0x00000410       0x90 CMakeFiles/SPI.elf.dir/Drivers/STM32F1xx_HAL_Driver/Src/stm32f1xx_hal_cortex.c.obj
 .debug_aranges
                0x000004a0       0x80 CMakeFiles/SPI.elf.dir/Drivers/STM32F1xx_HAL_Driver/Src/stm32f1xx_hal_dma.c.obj
 .debug_aranges
                0x00000520       0x58 CMakeFiles/SPI.elf.dir/Drivers/STM32F1xx_HAL_Driver/Src/stm32f1xx_hal_gpio.c.obj
 .debug_aranges
                0x00000578       0x90 CMakeFiles/SPI.elf.dir/Drivers/STM32F1xx_HAL_Driver/Src/stm32f1xx_hal_rcc.c.obj
 .debug_aranges
                0x00000608      0x1d0 CMakeFiles/SPI.elf.dir/Drivers/STM32F1xx_HAL_Driver/Src/stm32f1xx_hal_spi.c.obj
 .debug_aranges
                0x000007d8      0x200 CMakeFiles/SPI.elf.dir/Drivers/STM32F1xx_HAL_Driver/Src/stm32f1xx_hal_uart.c.obj

.debug_ranges   0x00000000      0x930
 .debug_ranges  0x00000000       0x10 CMakeFiles/SPI.elf.dir/Core/Src/dma.c.obj
 .debug_ranges  0x00000010       0x10 CMakeFiles/SPI.elf.dir/Core/Src/gpio.c.obj
 .debug_ranges  0x00000020       0x28 CMakeFiles/SPI.elf.dir/Core/Src/main.c.obj
 .debug_ranges  0x00000048       0xa0 CMakeFiles/SPI.elf.dir/Core/Src/oled.c.obj
 .debug_ranges  0x000000e8       0x20 CMakeFiles/SPI.elf.dir/Core/Src/spi.c.obj
 .debug_ranges  0x00000108       0x10 CMakeFiles/SPI.elf.dir/Core/Src/stm32f1xx_hal_msp.c.obj
 .debug_ranges  0x00000118       0x60 CMakeFiles/SPI.elf.dir/Core/Src/stm32f1xx_it.c.obj
 .debug_ranges  0x00000178       0x98 CMakeFiles/SPI.elf.dir/Core/Src/syscalls.c.obj
 .debug_ranges  0x00000210       0x10 CMakeFiles/SPI.elf.dir/Core/Src/sysmem.c.obj
 .debug_ranges  0x00000220       0x18 CMakeFiles/SPI.elf.dir/Core/Src/system_stm32f1xx.c.obj
 .debug_ranges  0x00000238       0x20 CMakeFiles/SPI.elf.dir/Core/Src/usart.c.obj
 .debug_ranges  0x00000258       0x20 CMakeFiles/SPI.elf.dir/Core/Startup/startup_stm32f103zetx.s.obj
 .debug_ranges  0x00000278       0xd0 CMakeFiles/SPI.elf.dir/Drivers/STM32F1xx_HAL_Driver/Src/stm32f1xx_hal.c.obj
 .debug_ranges  0x00000348       0xe0 CMakeFiles/SPI.elf.dir/Drivers/STM32F1xx_HAL_Driver/Src/stm32f1xx_hal_cortex.c.obj
 .debug_ranges  0x00000428       0x70 CMakeFiles/SPI.elf.dir/Drivers/STM32F1xx_HAL_Driver/Src/stm32f1xx_hal_dma.c.obj
 .debug_ranges  0x00000498       0x48 CMakeFiles/SPI.elf.dir/Drivers/STM32F1xx_HAL_Driver/Src/stm32f1xx_hal_gpio.c.obj
 .debug_ranges  0x000004e0       0xa0 CMakeFiles/SPI.elf.dir/Drivers/STM32F1xx_HAL_Driver/Src/stm32f1xx_hal_rcc.c.obj
 .debug_ranges  0x00000580      0x1c0 CMakeFiles/SPI.elf.dir/Drivers/STM32F1xx_HAL_Driver/Src/stm32f1xx_hal_spi.c.obj
 .debug_ranges  0x00000740      0x1f0 CMakeFiles/SPI.elf.dir/Drivers/STM32F1xx_HAL_Driver/Src/stm32f1xx_hal_uart.c.obj

.debug_line     0x00000000     0x9d6a
 .debug_line    0x00000000      0x1fa CMakeFiles/SPI.elf.dir/Core/Src/dma.c.obj
 .debug_line    0x000001fa      0x24d CMakeFiles/SPI.elf.dir/Core/Src/gpio.c.obj
 .debug_line    0x00000447      0x474 CMakeFiles/SPI.elf.dir/Core/Src/main.c.obj
 .debug_line    0x000008bb      0xcc9 CMakeFiles/SPI.elf.dir/Core/Src/oled.c.obj
 .debug_line    0x00001584      0x43b CMakeFiles/SPI.elf.dir/Core/Src/spi.c.obj
 .debug_line    0x000019bf      0x1a2 CMakeFiles/SPI.elf.dir/Core/Src/stm32f1xx_hal_msp.c.obj
 .debug_line    0x00001b61      0x346 CMakeFiles/SPI.elf.dir/Core/Src/stm32f1xx_it.c.obj
 .debug_line    0x00001ea7      0x41d CMakeFiles/SPI.elf.dir/Core/Src/syscalls.c.obj
 .debug_line    0x000022c4      0x1d4 CMakeFiles/SPI.elf.dir/Core/Src/sysmem.c.obj
 .debug_line    0x00002498      0x272 CMakeFiles/SPI.elf.dir/Core/Src/system_stm32f1xx.c.obj
 .debug_line    0x0000270a      0x379 CMakeFiles/SPI.elf.dir/Core/Src/usart.c.obj
 .debug_line    0x00002a83       0xb1 CMakeFiles/SPI.elf.dir/Core/Startup/startup_stm32f103zetx.s.obj
 .debug_line    0x00002b34      0x5b4 CMakeFiles/SPI.elf.dir/Drivers/STM32F1xx_HAL_Driver/Src/stm32f1xx_hal.c.obj
 .debug_line    0x000030e8      0x692 CMakeFiles/SPI.elf.dir/Drivers/STM32F1xx_HAL_Driver/Src/stm32f1xx_hal_cortex.c.obj
 .debug_line    0x0000377a      0xd44 CMakeFiles/SPI.elf.dir/Drivers/STM32F1xx_HAL_Driver/Src/stm32f1xx_hal_dma.c.obj
 .debug_line    0x000044be      0x650 CMakeFiles/SPI.elf.dir/Drivers/STM32F1xx_HAL_Driver/Src/stm32f1xx_hal_gpio.c.obj
 .debug_line    0x00004b0e      0xc85 CMakeFiles/SPI.elf.dir/Drivers/STM32F1xx_HAL_Driver/Src/stm32f1xx_hal_rcc.c.obj
 .debug_line    0x00005793     0x24c3 CMakeFiles/SPI.elf.dir/Drivers/STM32F1xx_HAL_Driver/Src/stm32f1xx_hal_spi.c.obj
 .debug_line    0x00007c56     0x2114 CMakeFiles/SPI.elf.dir/Drivers/STM32F1xx_HAL_Driver/Src/stm32f1xx_hal_uart.c.obj

.debug_str      0x00000000     0x2e94
 .debug_str     0x00000000      0x5d4 CMakeFiles/SPI.elf.dir/Core/Src/dma.c.obj
                                0x616 (size before relaxing)
 .debug_str     0x000005d4       0xd4 CMakeFiles/SPI.elf.dir/Core/Src/gpio.c.obj
                                0x2cf (size before relaxing)
 .debug_str     0x000006a8      0x668 CMakeFiles/SPI.elf.dir/Core/Src/main.c.obj
                                0x8a4 (size before relaxing)
 .debug_str     0x00000d10      0x305 CMakeFiles/SPI.elf.dir/Core/Src/oled.c.obj
                                0x7e7 (size before relaxing)
 .debug_str     0x00001015       0xbb CMakeFiles/SPI.elf.dir/Core/Src/spi.c.obj
                                0x719 (size before relaxing)
 .debug_str     0x000010d0       0x56 CMakeFiles/SPI.elf.dir/Core/Src/stm32f1xx_hal_msp.c.obj
                                0x243 (size before relaxing)
 .debug_str     0x00001126      0x126 CMakeFiles/SPI.elf.dir/Core/Src/stm32f1xx_it.c.obj
                                0x4be (size before relaxing)
 .debug_str     0x0000124c      0x235 CMakeFiles/SPI.elf.dir/Core/Src/syscalls.c.obj
                                0x43e (size before relaxing)
 .debug_str     0x00001481       0x9f CMakeFiles/SPI.elf.dir/Core/Src/sysmem.c.obj
                                0x26a (size before relaxing)
 .debug_str     0x00001520       0xa8 CMakeFiles/SPI.elf.dir/Core/Src/system_stm32f1xx.c.obj
                                0x2a6 (size before relaxing)
 .debug_str     0x000015c8       0x7b CMakeFiles/SPI.elf.dir/Core/Src/usart.c.obj
                                0x6ea (size before relaxing)
 .debug_str     0x00001643       0x60 CMakeFiles/SPI.elf.dir/Core/Startup/startup_stm32f103zetx.s.obj
                                 0x9f (size before relaxing)
 .debug_str     0x000016a3      0x31f CMakeFiles/SPI.elf.dir/Drivers/STM32F1xx_HAL_Driver/Src/stm32f1xx_hal.c.obj
                                0x95a (size before relaxing)
 .debug_str     0x000019c2      0x3e6 CMakeFiles/SPI.elf.dir/Drivers/STM32F1xx_HAL_Driver/Src/stm32f1xx_hal_cortex.c.obj
                                0xa09 (size before relaxing)
 .debug_str     0x00001da8      0x23a CMakeFiles/SPI.elf.dir/Drivers/STM32F1xx_HAL_Driver/Src/stm32f1xx_hal_dma.c.obj
                                0x64f (size before relaxing)
 .debug_str     0x00001fe2      0x163 CMakeFiles/SPI.elf.dir/Drivers/STM32F1xx_HAL_Driver/Src/stm32f1xx_hal_gpio.c.obj
                                0x452 (size before relaxing)
 .debug_str     0x00002145      0x21e CMakeFiles/SPI.elf.dir/Drivers/STM32F1xx_HAL_Driver/Src/stm32f1xx_hal_rcc.c.obj
                                0x67d (size before relaxing)
 .debug_str     0x00002363      0x53d CMakeFiles/SPI.elf.dir/Drivers/STM32F1xx_HAL_Driver/Src/stm32f1xx_hal_spi.c.obj
                                0xbbf (size before relaxing)
 .debug_str     0x000028a0      0x5f4 CMakeFiles/SPI.elf.dir/Drivers/STM32F1xx_HAL_Driver/Src/stm32f1xx_hal_uart.c.obj
                                0xce0 (size before relaxing)

.comment        0x00000000       0x49
 .comment       0x00000000       0x49 CMakeFiles/SPI.elf.dir/Core/Src/dma.c.obj
                                 0x4a (size before relaxing)
 .comment       0x00000049       0x4a CMakeFiles/SPI.elf.dir/Core/Src/gpio.c.obj
 .comment       0x00000049       0x4a CMakeFiles/SPI.elf.dir/Core/Src/main.c.obj
 .comment       0x00000049       0x4a CMakeFiles/SPI.elf.dir/Core/Src/oled.c.obj
 .comment       0x00000049       0x4a CMakeFiles/SPI.elf.dir/Core/Src/spi.c.obj
 .comment       0x00000049       0x4a CMakeFiles/SPI.elf.dir/Core/Src/stm32f1xx_hal_msp.c.obj
 .comment       0x00000049       0x4a CMakeFiles/SPI.elf.dir/Core/Src/stm32f1xx_it.c.obj
 .comment       0x00000049       0x4a CMakeFiles/SPI.elf.dir/Core/Src/syscalls.c.obj
 .comment       0x00000049       0x4a CMakeFiles/SPI.elf.dir/Core/Src/sysmem.c.obj
 .comment       0x00000049       0x4a CMakeFiles/SPI.elf.dir/Core/Src/system_stm32f1xx.c.obj
 .comment       0x00000049       0x4a CMakeFiles/SPI.elf.dir/Core/Src/usart.c.obj
 .comment       0x00000049       0x4a CMakeFiles/SPI.elf.dir/Drivers/STM32F1xx_HAL_Driver/Src/stm32f1xx_hal.c.obj
 .comment       0x00000049       0x4a CMakeFiles/SPI.elf.dir/Drivers/STM32F1xx_HAL_Driver/Src/stm32f1xx_hal_cortex.c.obj
 .comment       0x00000049       0x4a CMakeFiles/SPI.elf.dir/Drivers/STM32F1xx_HAL_Driver/Src/stm32f1xx_hal_dma.c.obj
 .comment       0x00000049       0x4a CMakeFiles/SPI.elf.dir/Drivers/STM32F1xx_HAL_Driver/Src/stm32f1xx_hal_gpio.c.obj
 .comment       0x00000049       0x4a CMakeFiles/SPI.elf.dir/Drivers/STM32F1xx_HAL_Driver/Src/stm32f1xx_hal_rcc.c.obj
 .comment       0x00000049       0x4a CMakeFiles/SPI.elf.dir/Drivers/STM32F1xx_HAL_Driver/Src/stm32f1xx_hal_spi.c.obj
 .comment       0x00000049       0x4a CMakeFiles/SPI.elf.dir/Drivers/STM32F1xx_HAL_Driver/Src/stm32f1xx_hal_uart.c.obj

.debug_frame    0x00000000     0x229c
 .debug_frame   0x00000000       0x2c CMakeFiles/SPI.elf.dir/Core/Src/dma.c.obj
 .debug_frame   0x0000002c       0x34 CMakeFiles/SPI.elf.dir/Core/Src/gpio.c.obj
 .debug_frame   0x00000060       0x7c CMakeFiles/SPI.elf.dir/Core/Src/main.c.obj
 .debug_frame   0x000000dc      0x270 CMakeFiles/SPI.elf.dir/Core/Src/oled.c.obj
 .debug_frame   0x0000034c       0x64 CMakeFiles/SPI.elf.dir/Core/Src/spi.c.obj
 .debug_frame   0x000003b0       0x28 CMakeFiles/SPI.elf.dir/Core/Src/stm32f1xx_hal_msp.c.obj
 .debug_frame   0x000003d8       0xd8 CMakeFiles/SPI.elf.dir/Core/Src/stm32f1xx_it.c.obj
 .debug_frame   0x000004b0      0x190 CMakeFiles/SPI.elf.dir/Core/Src/syscalls.c.obj
 .debug_frame   0x00000640       0x28 CMakeFiles/SPI.elf.dir/Core/Src/sysmem.c.obj
 .debug_frame   0x00000668       0x30 CMakeFiles/SPI.elf.dir/Core/Src/system_stm32f1xx.c.obj
 .debug_frame   0x00000698       0x60 CMakeFiles/SPI.elf.dir/Core/Src/usart.c.obj
 .debug_frame   0x000006f8      0x1cc CMakeFiles/SPI.elf.dir/Drivers/STM32F1xx_HAL_Driver/Src/stm32f1xx_hal.c.obj
 .debug_frame   0x000008c4      0x118 CMakeFiles/SPI.elf.dir/Drivers/STM32F1xx_HAL_Driver/Src/stm32f1xx_hal_cortex.c.obj
 .debug_frame   0x000009dc      0x140 CMakeFiles/SPI.elf.dir/Drivers/STM32F1xx_HAL_Driver/Src/stm32f1xx_hal_dma.c.obj
 .debug_frame   0x00000b1c       0xe4 CMakeFiles/SPI.elf.dir/Drivers/STM32F1xx_HAL_Driver/Src/stm32f1xx_hal_gpio.c.obj
 .debug_frame   0x00000c00      0x190 CMakeFiles/SPI.elf.dir/Drivers/STM32F1xx_HAL_Driver/Src/stm32f1xx_hal_rcc.c.obj
 .debug_frame   0x00000d90      0x5a4 CMakeFiles/SPI.elf.dir/Drivers/STM32F1xx_HAL_Driver/Src/stm32f1xx_hal_spi.c.obj
 .debug_frame   0x00001334      0x5c4 CMakeFiles/SPI.elf.dir/Drivers/STM32F1xx_HAL_Driver/Src/stm32f1xx_hal_uart.c.obj
 .debug_frame   0x000018f8       0x20 d:/clion_stm32/stm32cude/gun-arm-embedded/bin/../lib/gcc/arm-none-eabi/10.3.1/../../../../arm-none-eabi/lib/thumb/v7-m/nofp\libg.a(lib_a-errno.o)
 .debug_frame   0x00001918       0x2c d:/clion_stm32/stm32cude/gun-arm-embedded/bin/../lib/gcc/arm-none-eabi/10.3.1/../../../../arm-none-eabi/lib/thumb/v7-m/nofp\libg.a(lib_a-init.o)
 .debug_frame   0x00001944       0x2c d:/clion_stm32/stm32cude/gun-arm-embedded/bin/../lib/gcc/arm-none-eabi/10.3.1/../../../../arm-none-eabi/lib/thumb/v7-m/nofp\libg.a(lib_a-memset.o)
 .debug_frame   0x00001970       0x48 d:/clion_stm32/stm32cude/gun-arm-embedded/bin/../lib/gcc/arm-none-eabi/10.3.1/../../../../arm-none-eabi/lib/thumb/v7-m/nofp\libg.a(lib_a-puts.o)
 .debug_frame   0x000019b8       0x20 d:/clion_stm32/stm32cude/gun-arm-embedded/bin/../lib/gcc/arm-none-eabi/10.3.1/../../../../arm-none-eabi/lib/thumb/v7-m/nofp\libg.a(lib_a-strlen-stub.o)
 .debug_frame   0x000019d8       0x5c d:/clion_stm32/stm32cude/gun-arm-embedded/bin/../lib/gcc/arm-none-eabi/10.3.1/../../../../arm-none-eabi/lib/thumb/v7-m/nofp\libg.a(lib_a-__call_atexit.o)
 .debug_frame   0x00001a34       0x20 d:/clion_stm32/stm32cude/gun-arm-embedded/bin/../lib/gcc/arm-none-eabi/10.3.1/../../../../arm-none-eabi/lib/thumb/v7-m/nofp\libg.a(lib_a-atexit.o)
 .debug_frame   0x00001a54      0x154 d:/clion_stm32/stm32cude/gun-arm-embedded/bin/../lib/gcc/arm-none-eabi/10.3.1/../../../../arm-none-eabi/lib/thumb/v7-m/nofp\libg.a(lib_a-findfp.o)
 .debug_frame   0x00001ba8       0x34 d:/clion_stm32/stm32cude/gun-arm-embedded/bin/../lib/gcc/arm-none-eabi/10.3.1/../../../../arm-none-eabi/lib/thumb/v7-m/nofp\libg.a(lib_a-fini.o)
 .debug_frame   0x00001bdc       0x64 d:/clion_stm32/stm32cude/gun-arm-embedded/bin/../lib/gcc/arm-none-eabi/10.3.1/../../../../arm-none-eabi/lib/thumb/v7-m/nofp\libg.a(lib_a-fvwrite.o)
 .debug_frame   0x00001c40       0x54 d:/clion_stm32/stm32cude/gun-arm-embedded/bin/../lib/gcc/arm-none-eabi/10.3.1/../../../../arm-none-eabi/lib/thumb/v7-m/nofp\libg.a(lib_a-fwalk.o)
 .debug_frame   0x00001c94       0xb0 d:/clion_stm32/stm32cude/gun-arm-embedded/bin/../lib/gcc/arm-none-eabi/10.3.1/../../../../arm-none-eabi/lib/thumb/v7-m/nofp\libg.a(lib_a-lock.o)
 .debug_frame   0x00001d44       0x4c d:/clion_stm32/stm32cude/gun-arm-embedded/bin/../lib/gcc/arm-none-eabi/10.3.1/../../../../arm-none-eabi/lib/thumb/v7-m/nofp\libg.a(lib_a-mallocr.o)
 .debug_frame   0x00001d90       0x28 d:/clion_stm32/stm32cude/gun-arm-embedded/bin/../lib/gcc/arm-none-eabi/10.3.1/../../../../arm-none-eabi/lib/thumb/v7-m/nofp\libg.a(lib_a-memchr-stub.o)
 .debug_frame   0x00001db8       0x40 d:/clion_stm32/stm32cude/gun-arm-embedded/bin/../lib/gcc/arm-none-eabi/10.3.1/../../../../arm-none-eabi/lib/thumb/v7-m/nofp\libg.a(lib_a-memmove.o)
 .debug_frame   0x00001df8       0x30 d:/clion_stm32/stm32cude/gun-arm-embedded/bin/../lib/gcc/arm-none-eabi/10.3.1/../../../../arm-none-eabi/lib/thumb/v7-m/nofp\libg.a(lib_a-mlock.o)
 .debug_frame   0x00001e28       0x48 d:/clion_stm32/stm32cude/gun-arm-embedded/bin/../lib/gcc/arm-none-eabi/10.3.1/../../../../arm-none-eabi/lib/thumb/v7-m/nofp\libg.a(lib_a-reallocr.o)
 .debug_frame   0x00001e70       0x2c d:/clion_stm32/stm32cude/gun-arm-embedded/bin/../lib/gcc/arm-none-eabi/10.3.1/../../../../arm-none-eabi/lib/thumb/v7-m/nofp\libg.a(lib_a-sbrkr.o)
 .debug_frame   0x00001e9c       0x8c d:/clion_stm32/stm32cude/gun-arm-embedded/bin/../lib/gcc/arm-none-eabi/10.3.1/../../../../arm-none-eabi/lib/thumb/v7-m/nofp\libg.a(lib_a-stdio.o)
 .debug_frame   0x00001f28       0x2c d:/clion_stm32/stm32cude/gun-arm-embedded/bin/../lib/gcc/arm-none-eabi/10.3.1/../../../../arm-none-eabi/lib/thumb/v7-m/nofp\libg.a(lib_a-writer.o)
 .debug_frame   0x00001f54       0x2c d:/clion_stm32/stm32cude/gun-arm-embedded/bin/../lib/gcc/arm-none-eabi/10.3.1/../../../../arm-none-eabi/lib/thumb/v7-m/nofp\libg.a(lib_a-wsetup.o)
 .debug_frame   0x00001f80       0x34 d:/clion_stm32/stm32cude/gun-arm-embedded/bin/../lib/gcc/arm-none-eabi/10.3.1/../../../../arm-none-eabi/lib/thumb/v7-m/nofp\libg.a(lib_a-__atexit.o)
 .debug_frame   0x00001fb4       0x2c d:/clion_stm32/stm32cude/gun-arm-embedded/bin/../lib/gcc/arm-none-eabi/10.3.1/../../../../arm-none-eabi/lib/thumb/v7-m/nofp\libg.a(lib_a-closer.o)
 .debug_frame   0x00001fe0       0x3c d:/clion_stm32/stm32cude/gun-arm-embedded/bin/../lib/gcc/arm-none-eabi/10.3.1/../../../../arm-none-eabi/lib/thumb/v7-m/nofp\libg.a(lib_a-fclose.o)
 .debug_frame   0x0000201c       0x70 d:/clion_stm32/stm32cude/gun-arm-embedded/bin/../lib/gcc/arm-none-eabi/10.3.1/../../../../arm-none-eabi/lib/thumb/v7-m/nofp\libg.a(lib_a-fflush.o)
 .debug_frame   0x0000208c       0x8c d:/clion_stm32/stm32cude/gun-arm-embedded/bin/../lib/gcc/arm-none-eabi/10.3.1/../../../../arm-none-eabi/lib/thumb/v7-m/nofp\libg.a(lib_a-freer.o)
 .debug_frame   0x00002118       0x2c d:/clion_stm32/stm32cude/gun-arm-embedded/bin/../lib/gcc/arm-none-eabi/10.3.1/../../../../arm-none-eabi/lib/thumb/v7-m/nofp\libg.a(lib_a-lseekr.o)
 .debug_frame   0x00002144       0x70 d:/clion_stm32/stm32cude/gun-arm-embedded/bin/../lib/gcc/arm-none-eabi/10.3.1/../../../../arm-none-eabi/lib/thumb/v7-m/nofp\libg.a(lib_a-makebuf.o)
 .debug_frame   0x000021b4       0x2c d:/clion_stm32/stm32cude/gun-arm-embedded/bin/../lib/gcc/arm-none-eabi/10.3.1/../../../../arm-none-eabi/lib/thumb/v7-m/nofp\libg.a(lib_a-readr.o)
 .debug_frame   0x000021e0       0x64 d:/clion_stm32/stm32cude/gun-arm-embedded/bin/../lib/gcc/arm-none-eabi/10.3.1/../../../../arm-none-eabi/lib/thumb/v7-m/nofp\libg.a(lib_a-reent.o)
 .debug_frame   0x00002244       0x2c d:/clion_stm32/stm32cude/gun-arm-embedded/bin/../lib/gcc/arm-none-eabi/10.3.1/../../../../arm-none-eabi/lib/thumb/v7-m/nofp\libg.a(lib_a-fstatr.o)
 .debug_frame   0x00002270       0x2c d:/clion_stm32/stm32cude/gun-arm-embedded/bin/../lib/gcc/arm-none-eabi/10.3.1/../../../../arm-none-eabi/lib/thumb/v7-m/nofp\libg.a(lib_a-isattyr.o)

.debug_loc      0x00000000     0x7091
 .debug_loc     0x00000000       0x54 CMakeFiles/SPI.elf.dir/Core/Src/main.c.obj
 .debug_loc     0x00000054     0x11b2 CMakeFiles/SPI.elf.dir/Core/Src/oled.c.obj
 .debug_loc     0x00001206       0x71 CMakeFiles/SPI.elf.dir/Core/Src/spi.c.obj
 .debug_loc     0x00001277      0x3c5 CMakeFiles/SPI.elf.dir/Core/Src/syscalls.c.obj
 .debug_loc     0x0000163c       0x64 CMakeFiles/SPI.elf.dir/Core/Src/sysmem.c.obj
 .debug_loc     0x000016a0       0xff CMakeFiles/SPI.elf.dir/Core/Src/system_stm32f1xx.c.obj
 .debug_loc     0x0000179f       0x84 CMakeFiles/SPI.elf.dir/Core/Src/usart.c.obj
 .debug_loc     0x00001823      0x141 CMakeFiles/SPI.elf.dir/Drivers/STM32F1xx_HAL_Driver/Src/stm32f1xx_hal.c.obj
 .debug_loc     0x00001964      0x71f CMakeFiles/SPI.elf.dir/Drivers/STM32F1xx_HAL_Driver/Src/stm32f1xx_hal_cortex.c.obj
 .debug_loc     0x00002083      0x7ce CMakeFiles/SPI.elf.dir/Drivers/STM32F1xx_HAL_Driver/Src/stm32f1xx_hal_dma.c.obj
 .debug_loc     0x00002851      0x47d CMakeFiles/SPI.elf.dir/Drivers/STM32F1xx_HAL_Driver/Src/stm32f1xx_hal_gpio.c.obj
 .debug_loc     0x00002cce      0x63e CMakeFiles/SPI.elf.dir/Drivers/STM32F1xx_HAL_Driver/Src/stm32f1xx_hal_rcc.c.obj
 .debug_loc     0x0000330c     0x1d4e CMakeFiles/SPI.elf.dir/Drivers/STM32F1xx_HAL_Driver/Src/stm32f1xx_hal_spi.c.obj
 .debug_loc     0x0000505a     0x2037 CMakeFiles/SPI.elf.dir/Drivers/STM32F1xx_HAL_Driver/Src/stm32f1xx_hal_uart.c.obj
