Archive member included to satisfy reference by file (symbol)

d:/clion_stm32/stm32cude/gun-arm-embedded/bin/../lib/gcc/arm-none-eabi/10.3.1/thumb/v7e-m/nofp\libgcc.a(_aeabi_uldivmod.o)
                              CMakeFiles/OLED_U8G2.elf.dir/Drivers/STM32G4xx_HAL_Driver/Src/stm32g4xx_hal_uart.c.obj (__aeabi_uldivmod)
d:/clion_stm32/stm32cude/gun-arm-embedded/bin/../lib/gcc/arm-none-eabi/10.3.1/thumb/v7e-m/nofp\libgcc.a(_udivmoddi4.o)
                              d:/clion_stm32/stm32cude/gun-arm-embedded/bin/../lib/gcc/arm-none-eabi/10.3.1/thumb/v7e-m/nofp\libgcc.a(_aeabi_uldivmod.o) (__udivmoddi4)
d:/clion_stm32/stm32cude/gun-arm-embedded/bin/../lib/gcc/arm-none-eabi/10.3.1/thumb/v7e-m/nofp\libgcc.a(_dvmd_tls.o)
                              d:/clion_stm32/stm32cude/gun-arm-embedded/bin/../lib/gcc/arm-none-eabi/10.3.1/thumb/v7e-m/nofp\libgcc.a(_aeabi_uldivmod.o) (__aeabi_ldiv0)
d:/clion_stm32/stm32cude/gun-arm-embedded/bin/../lib/gcc/arm-none-eabi/10.3.1/../../../../arm-none-eabi/lib/thumb/v7e-m/nofp\libg.a(lib_a-errno.o)
                              CMakeFiles/OLED_U8G2.elf.dir/Core/Src/syscalls.c.obj (__errno)
d:/clion_stm32/stm32cude/gun-arm-embedded/bin/../lib/gcc/arm-none-eabi/10.3.1/../../../../arm-none-eabi/lib/thumb/v7e-m/nofp\libg.a(lib_a-exit.o)
                              d:/clion_stm32/stm32cude/gun-arm-embedded/bin/../lib/gcc/arm-none-eabi/10.3.1/../../../../arm-none-eabi/lib/thumb/v7e-m/nofp/crt0.o (exit)
d:/clion_stm32/stm32cude/gun-arm-embedded/bin/../lib/gcc/arm-none-eabi/10.3.1/../../../../arm-none-eabi/lib/thumb/v7e-m/nofp\libg.a(lib_a-impure.o)
                              d:/clion_stm32/stm32cude/gun-arm-embedded/bin/../lib/gcc/arm-none-eabi/10.3.1/../../../../arm-none-eabi/lib/thumb/v7e-m/nofp\libg.a(lib_a-exit.o) (_global_impure_ptr)
d:/clion_stm32/stm32cude/gun-arm-embedded/bin/../lib/gcc/arm-none-eabi/10.3.1/../../../../arm-none-eabi/lib/thumb/v7e-m/nofp\libg.a(lib_a-init.o)
                              d:/clion_stm32/stm32cude/gun-arm-embedded/bin/../lib/gcc/arm-none-eabi/10.3.1/../../../../arm-none-eabi/lib/thumb/v7e-m/nofp/crt0.o (__libc_init_array)
d:/clion_stm32/stm32cude/gun-arm-embedded/bin/../lib/gcc/arm-none-eabi/10.3.1/../../../../arm-none-eabi/lib/thumb/v7e-m/nofp\libg.a(lib_a-memset.o)
                              d:/clion_stm32/stm32cude/gun-arm-embedded/bin/../lib/gcc/arm-none-eabi/10.3.1/../../../../arm-none-eabi/lib/thumb/v7e-m/nofp/crt0.o (memset)
d:/clion_stm32/stm32cude/gun-arm-embedded/bin/../lib/gcc/arm-none-eabi/10.3.1/../../../../arm-none-eabi/lib/thumb/v7e-m/nofp\libg.a(lib_a-puts.o)
                              CMakeFiles/OLED_U8G2.elf.dir/Core/Src/main.c.obj (puts)
d:/clion_stm32/stm32cude/gun-arm-embedded/bin/../lib/gcc/arm-none-eabi/10.3.1/../../../../arm-none-eabi/lib/thumb/v7e-m/nofp\libg.a(lib_a-strlen.o)
                              d:/clion_stm32/stm32cude/gun-arm-embedded/bin/../lib/gcc/arm-none-eabi/10.3.1/../../../../arm-none-eabi/lib/thumb/v7e-m/nofp\libg.a(lib_a-puts.o) (strlen)
d:/clion_stm32/stm32cude/gun-arm-embedded/bin/../lib/gcc/arm-none-eabi/10.3.1/../../../../arm-none-eabi/lib/thumb/v7e-m/nofp\libg.a(lib_a-__call_atexit.o)
                              d:/clion_stm32/stm32cude/gun-arm-embedded/bin/../lib/gcc/arm-none-eabi/10.3.1/../../../../arm-none-eabi/lib/thumb/v7e-m/nofp\libg.a(lib_a-exit.o) (__call_exitprocs)
d:/clion_stm32/stm32cude/gun-arm-embedded/bin/../lib/gcc/arm-none-eabi/10.3.1/../../../../arm-none-eabi/lib/thumb/v7e-m/nofp\libg.a(lib_a-atexit.o)
                              d:/clion_stm32/stm32cude/gun-arm-embedded/bin/../lib/gcc/arm-none-eabi/10.3.1/../../../../arm-none-eabi/lib/thumb/v7e-m/nofp\libg.a(lib_a-__call_atexit.o) (atexit)
d:/clion_stm32/stm32cude/gun-arm-embedded/bin/../lib/gcc/arm-none-eabi/10.3.1/../../../../arm-none-eabi/lib/thumb/v7e-m/nofp\libg.a(lib_a-findfp.o)
                              d:/clion_stm32/stm32cude/gun-arm-embedded/bin/../lib/gcc/arm-none-eabi/10.3.1/../../../../arm-none-eabi/lib/thumb/v7e-m/nofp\libg.a(lib_a-puts.o) (__sinit)
d:/clion_stm32/stm32cude/gun-arm-embedded/bin/../lib/gcc/arm-none-eabi/10.3.1/../../../../arm-none-eabi/lib/thumb/v7e-m/nofp\libg.a(lib_a-fini.o)
                              d:/clion_stm32/stm32cude/gun-arm-embedded/bin/../lib/gcc/arm-none-eabi/10.3.1/../../../../arm-none-eabi/lib/thumb/v7e-m/nofp\libg.a(lib_a-__call_atexit.o) (__libc_fini_array)
d:/clion_stm32/stm32cude/gun-arm-embedded/bin/../lib/gcc/arm-none-eabi/10.3.1/../../../../arm-none-eabi/lib/thumb/v7e-m/nofp\libg.a(lib_a-fvwrite.o)
                              d:/clion_stm32/stm32cude/gun-arm-embedded/bin/../lib/gcc/arm-none-eabi/10.3.1/../../../../arm-none-eabi/lib/thumb/v7e-m/nofp\libg.a(lib_a-puts.o) (__sfvwrite_r)
d:/clion_stm32/stm32cude/gun-arm-embedded/bin/../lib/gcc/arm-none-eabi/10.3.1/../../../../arm-none-eabi/lib/thumb/v7e-m/nofp\libg.a(lib_a-fwalk.o)
[...]
Memory Configuration

Name             Origin             Length             Attributes
RAM              0x20000000         0x00020000         xrw
FLASH            0x08000000         0x00080000         xr
*default*        0x00000000         0xffffffff

Linker script and memory map

LOAD d:/clion_stm32/stm32cude/gun-arm-embedded/bin/../lib/gcc/arm-none-eabi/10.3.1/thumb/v7e-m/nofp/crti.o
LOAD d:/clion_stm32/stm32cude/gun-arm-embedded/bin/../lib/gcc/arm-none-eabi/10.3.1/thumb/v7e-m/nofp/crtbegin.o
LOAD d:/clion_stm32/stm32cude/gun-arm-embedded/bin/../lib/gcc/arm-none-eabi/10.3.1/../../../../arm-none-eabi/lib/thumb/v7e-m/nofp/crt0.o
LOAD CMakeFiles/OLED_U8G2.elf.dir/Core/Src/gpio.c.obj
LOAD CMakeFiles/OLED_U8G2.elf.dir/Core/Src/main.c.obj
LOAD CMakeFiles/OLED_U8G2.elf.dir/Core/Src/stm32g4xx_hal_msp.c.obj
LOAD CMakeFiles/OLED_U8G2.elf.dir/Core/Src/stm32g4xx_it.c.obj
LOAD CMakeFiles/OLED_U8G2.elf.dir/Core/Src/syscalls.c.obj
LOAD CMakeFiles/OLED_U8G2.elf.dir/Core/Src/sysmem.c.obj
LOAD CMakeFiles/OLED_U8G2.elf.dir/Core/Src/system_stm32g4xx.c.obj
LOAD CMakeFiles/OLED_U8G2.elf.dir/Core/Src/usart.c.obj
LOAD CMakeFiles/OLED_U8G2.elf.dir/Core/Startup/startup_stm32g474retx.s.obj
LOAD CMakeFiles/OLED_U8G2.elf.dir/Drivers/STM32G4xx_HAL_Driver/Src/stm32g4xx_hal.c.obj
LOAD CMakeFiles/OLED_U8G2.elf.dir/Drivers/STM32G4xx_HAL_Driver/Src/stm32g4xx_hal_cortex.c.obj
LOAD CMakeFiles/OLED_U8G2.elf.dir/Drivers/STM32G4xx_HAL_Driver/Src/stm32g4xx_hal_dma.c.obj
LOAD CMakeFiles/OLED_U8G2.elf.dir/Drivers/STM32G4xx_HAL_Driver/Src/stm32g4xx_hal_dma_ex.c.obj
LOAD CMakeFiles/OLED_U8G2.elf.dir/Drivers/STM32G4xx_HAL_Driver/Src/stm32g4xx_hal_exti.c.obj
LOAD CMakeFiles/OLED_U8G2.elf.dir/Drivers/STM32G4xx_HAL_Driver/Src/stm32g4xx_hal_flash.c.obj
LOAD CMakeFiles/OLED_U8G2.elf.dir/Drivers/STM32G4xx_HAL_Driver/Src/stm32g4xx_hal_flash_ex.c.obj
LOAD CMakeFiles/OLED_U8G2.elf.dir/Drivers/STM32G4xx_HAL_Driver/Src/stm32g4xx_hal_flash_ramfunc.c.obj
LOAD CMakeFiles/OLED_U8G2.elf.dir/Drivers/STM32G4xx_HAL_Driver/Src/stm32g4xx_hal_gpio.c.obj
LOAD CMakeFiles/OLED_U8G2.elf.dir/Drivers/STM32G4xx_HAL_Driver/Src/stm32g4xx_hal_pwr.c.obj
LOAD CMakeFiles/OLED_U8G2.elf.dir/Drivers/STM32G4xx_HAL_Driver/Src/stm32g4xx_hal_pwr_ex.c.obj
LOAD CMakeFiles/OLED_U8G2.elf.dir/Drivers/STM32G4xx_HAL_Driver/Src/stm32g4xx_hal_rcc.c.obj
LOAD CMakeFiles/OLED_U8G2.elf.dir/Drivers/STM32G4xx_HAL_Driver/Src/stm32g4xx_hal_rcc_ex.c.obj
LOAD CMakeFiles/OLED_U8G2.elf.dir/Drivers/STM32G4xx_HAL_Driver/Src/stm32g4xx_hal_tim.c.obj
LOAD CMakeFiles/OLED_U8G2.elf.dir/Drivers/STM32G4xx_HAL_Driver/Src/stm32g4xx_hal_tim_ex.c.obj
LOAD CMakeFiles/OLED_U8G2.elf.dir/Drivers/STM32G4xx_HAL_Driver/Src/stm32g4xx_hal_uart.c.obj
LOAD CMakeFiles/OLED_U8G2.elf.dir/Drivers/STM32G4xx_HAL_Driver/Src/stm32g4xx_hal_uart_ex.c.obj
LOAD CMakeFiles/OLED_U8G2.elf.dir/HARDWARE/OLED_U8G2/mui.c.obj
LOAD CMakeFiles/OLED_U8G2.elf.dir/HARDWARE/OLED_U8G2/mui_u8g2.c.obj
LOAD CMakeFiles/OLED_U8G2.elf.dir/HARDWARE/OLED_U8G2/oled.c.obj
LOAD CMakeFiles/OLED_U8G2.elf.dir/HARDWARE/OLED_U8G2/u8g2_bitmap.c.obj
LOAD CMakeFiles/OLED_U8G2.elf.dir/HARDWARE/OLED_U8G2/u8g2_box.c.obj
LOAD CMakeFiles/OLED_U8G2.elf.dir/HARDWARE/OLED_U8G2/u8g2_buffer.c.obj
LOAD CMakeFiles/OLED_U8G2.elf.dir/HARDWARE/OLED_U8G2/u8g2_button.c.obj
LOAD CMakeFiles/OLED_U8G2.elf.dir/HARDWARE/OLED_U8G2/u8g2_circle.c.obj
LOAD CMakeFiles/OLED_U8G2.elf.dir/HARDWARE/OLED_U8G2/u8g2_cleardisplay.c.obj
LOAD CMakeFiles/OLED_U8G2.elf.dir/HARDWARE/OLED_U8G2/u8g2_d_memory.c.obj
LOAD CMakeFiles/OLED_U8G2.elf.dir/HARDWARE/OLED_U8G2/u8g2_d_setup.c.obj
LOAD CMakeFiles/OLED_U8G2.elf.dir/HARDWARE/OLED_U8G2/u8g2_font.c.obj
LOAD CMakeFiles/OLED_U8G2.elf.dir/HARDWARE/OLED_U8G2/u8g2_fonts.c.obj
LOAD CMakeFiles/OLED_U8G2.elf.dir/HARDWARE/OLED_U8G2/u8g2_hvline.c.obj
LOAD CMakeFiles/OLED_U8G2.elf.dir/HARDWARE/OLED_U8G2/u8g2_input_value.c.obj
LOAD CMakeFiles/OLED_U8G2.elf.dir/HARDWARE/OLED_U8G2/u8g2_intersection.c.obj
LOAD CMakeFiles/OLED_U8G2.elf.dir/HARDWARE/OLED_U8G2/u8g2_kerning.c.obj
LOAD CMakeFiles/OLED_U8G2.elf.dir/HARDWARE/OLED_U8G2/u8g2_line.c.obj
LOAD CMakeFiles/OLED_U8G2.elf.dir/HARDWARE/OLED_U8G2/u8g2_ll_hvline.c.obj
LOAD CMakeFiles/OLED_U8G2.elf.dir/HARDWARE/OLED_U8G2/u8g2_message.c.obj
LOAD CMakeFiles/OLED_U8G2.elf.dir/HARDWARE/OLED_U8G2/u8g2_polygon.c.obj
LOAD CMakeFiles/OLED_U8G2.elf.dir/HARDWARE/OLED_U8G2/u8g2_selection_list.c.obj
LOAD CMakeFiles/OLED_U8G2.elf.dir/HARDWARE/OLED_U8G2/u8g2_setup.c.obj
LOAD CMakeFiles/OLED_U8G2.elf.dir/HARDWARE/OLED_U8G2/u8log.c.obj
LOAD CMakeFiles/OLED_U8G2.elf.dir/HARDWARE/OLED_U8G2/u8log_u8g2.c.obj
LOAD CMakeFiles/OLED_U8G2.elf.dir/HARDWARE/OLED_U8G2/u8log_u8x8.c.obj
LOAD CMakeFiles/OLED_U8G2.elf.dir/HARDWARE/OLED_U8G2/u8x8_8x8.c.obj
LOAD CMakeFiles/OLED_U8G2.elf.dir/HARDWARE/OLED_U8G2/u8x8_byte.c.obj
LOAD CMakeFiles/OLED_U8G2.elf.dir/HARDWARE/OLED_U8G2/u8x8_cad.c.obj
LOAD CMakeFiles/OLED_U8G2.elf.dir/HARDWARE/OLED_U8G2/u8x8_capture.c.obj
LOAD CMakeFiles/OLED_U8G2.elf.dir/HARDWARE/OLED_U8G2/u8x8_d_ssd1306_128x64_noname.c.obj
LOAD CMakeFiles/OLED_U8G2.elf.dir/HARDWARE/OLED_U8G2/u8x8_debounce.c.obj
LOAD CMakeFiles/OLED_U8G2.elf.dir/HARDWARE/OLED_U8G2/u8x8_display.c.obj
LOAD CMakeFiles/OLED_U8G2.elf.dir/HARDWARE/OLED_U8G2/u8x8_fonts.c.obj
LOAD CMakeFiles/OLED_U8G2.elf.dir/HARDWARE/OLED_U8G2/u8x8_gpio.c.obj
LOAD CMakeFiles/OLED_U8G2.elf.dir/HARDWARE/OLED_U8G2/u8x8_input_value.c.obj
LOAD CMakeFiles/OLED_U8G2.elf.dir/HARDWARE/OLED_U8G2/u8x8_message.c.obj
LOAD CMakeFiles/OLED_U8G2.elf.dir/HARDWARE/OLED_U8G2/u8x8_selection_list.c.obj
LOAD CMakeFiles/OLED_U8G2.elf.dir/HARDWARE/OLED_U8G2/u8x8_setup.c.obj
LOAD CMakeFiles/OLED_U8G2.elf.dir/HARDWARE/OLED_U8G2/u8x8_string.c.obj
LOAD CMakeFiles/OLED_U8G2.elf.dir/HARDWARE/OLED_U8G2/u8x8_u16toa.c.obj
LOAD CMakeFiles/OLED_U8G2.elf.dir/HARDWARE/OLED_U8G2/u8x8_u8toa.c.obj
START GROUP
LOAD d:/clion_stm32/stm32cude/gun-arm-embedded/bin/../lib/gcc/arm-none-eabi/10.3.1/thumb/v7e-m/nofp\libgcc.a
LOAD d:/clion_stm32/stm32cude/gun-arm-embedded/bin/../lib/gcc/arm-none-eabi/10.3.1/../../../../arm-none-eabi/lib/thumb/v7e-m/nofp\libg.a
LOAD d:/clion_stm32/stm32cude/gun-arm-embedded/bin/../lib/gcc/arm-none-eabi/10.3.1/../../../../arm-none-eabi/lib/thumb/v7e-m/nofp\libc.a
END GROUP
LOAD d:/clion_stm32/stm32cude/gun-arm-embedded/bin/../lib/gcc/arm-none-eabi/10.3.1/thumb/v7e-m/nofp/crtend.o
LOAD d:/clion_stm32/stm32cude/gun-arm-embedded/bin/../lib/gcc/arm-none-eabi/10.3.1/thumb/v7e-m/nofp/crtn.o
                0x20020000                _estack = (ORIGIN (RAM) + LENGTH (RAM))
                0x00000200                _Min_Heap_Size = 0x200
                0x00000400                _Min_Stack_Size = 0x400

.isr_vector     0x08000000      0x1d8
                0x08000000                . = ALIGN (0x4)
 *(.isr_vector)
 .isr_vector    0x08000000      0x1d8 CMakeFiles/OLED_U8G2.elf.dir/Core/Startup/startup_stm32g474retx.s.obj
                0x08000000                g_pfnVectors
                0x080001d8                . = ALIGN (0x4)

.text           0x08000200     0x495c
                0x08000200                . = ALIGN (0x4)
 *(.text)
 .text          0x08000200       0x40 d:/clion_stm32/stm32cude/gun-arm-embedded/bin/../lib/gcc/arm-none-eabi/10.3.1/thumb/v7e-m/nofp/crtbegin.o
 .text          0x08000240       0x30 d:/clion_stm32/stm32cude/gun-arm-embedded/bin/../lib/gcc/arm-none-eabi/10.3.1/thumb/v7e-m/nofp\libgcc.a(_aeabi_uldivmod.o)
                0x08000240                __aeabi_uldivmod
 .text          0x08000270      0x2d0 d:/clion_stm32/stm32cude/gun-arm-embedded/bin/../lib/gcc/arm-none-eabi/10.3.1/thumb/v7e-m/nofp\libgcc.a(_udivmoddi4.o)
                0x08000270                __udivmoddi4
 .text          0x08000540        0x4 d:/clion_stm32/stm32cude/gun-arm-embedded/bin/../lib/gcc/arm-none-eabi/10.3.1/thumb/v7e-m/nofp\libgcc.a(_dvmd_tls.o)
                0x08000540                __aeabi_idiv0
                0x08000540                __aeabi_ldiv0
 *fill*         0x08000544       0x3c 
 .text          0x08000580       0xdc d:/clion_stm32/stm32cude/gun-arm-embedded/bin/../lib/gcc/arm-none-eabi/10.3.1/../../../../arm-none-eabi/lib/thumb/v7e-m/nofp\libg.a(lib_a-strlen.o)
                0x08000580                strlen
 *fill*         0x0800065c        0x4 
 .text          0x08000660       0xa0 d:/clion_stm32/stm32cude/gun-arm-embedded/bin/../lib/gcc/arm-none-eabi/10.3.1/../../../../arm-none-eabi/lib/thumb/v7e-m/nofp\libg.a(lib_a-memchr.o)
                0x08000660                memchr
 .text          0x08000700      0x134 d:/clion_stm32/stm32cude/gun-arm-embedded/bin/../lib/gcc/arm-none-eabi/10.3.1/../../../../arm-none-eabi/lib/thumb/v7e-m/nofp\libg.a(lib_a-memcpy.o)
                0x08000700                memcpy
 *(.text*)
 .text.MX_GPIO_Init
                0x08000834      0x128 CMakeFiles/OLED_U8G2.elf.dir/Core/Src/gpio.c.obj
                0x08000834                MX_GPIO_Init
 .text.__io_putchar
                0x0800095c       0x20 CMakeFiles/OLED_U8G2.elf.dir/Core/Src/main.c.obj
                0x0800095c                __io_putchar
 .text.Error_Handler
                0x0800097c        0x4 CMakeFiles/OLED_U8G2.elf.dir/Core/Src/main.c.obj
                0x0800097c                Error_Handler
 .text.SystemClock_Config
                0x08000980       0x70 CMakeFiles/OLED_U8G2.elf.dir/Core/Src/main.c.obj
                0x08000980                SystemClock_Config
 .text.main     0x080009f0       0x54 CMakeFiles/OLED_U8G2.elf.dir/Core/Src/main.c.obj
                0x080009f0                main
 .text.HAL_MspInit
                0x08000a44       0x38 CMakeFiles/OLED_U8G2.elf.dir/Core/Src/stm32g4xx_hal_msp.c.obj
                0x08000a44                HAL_MspInit
 .text.NMI_Handler
                0x08000a7c        0x2 CMakeFiles/OLED_U8G2.elf.dir/Core/Src/stm32g4xx_it.c.obj
                0x08000a7c                NMI_Handler
 .text.HardFault_Handler
                0x08000a7e        0x2 CMakeFiles/OLED_U8G2.elf.dir/Core/Src/stm32g4xx_it.c.obj
                0x08000a7e                HardFault_Handler
 .text.MemManage_Handler
                0x08000a80        0x2 CMakeFiles/OLED_U8G2.elf.dir/Core/Src/stm32g4xx_it.c.obj
                0x08000a80                MemManage_Handler
 .text.BusFault_Handler
                0x08000a82        0x2 CMakeFiles/OLED_U8G2.elf.dir/Core/Src/stm32g4xx_it.c.obj
                0x08000a82                BusFault_Handler
 .text.UsageFault_Handler
                0x08000a84        0x2 CMakeFiles/OLED_U8G2.elf.dir/Core/Src/stm32g4xx_it.c.obj
                0x08000a84                UsageFault_Handler
 .text.SVC_Handler
                0x08000a86        0x2 CMakeFiles/OLED_U8G2.elf.dir/Core/Src/stm32g4xx_it.c.obj
                0x08000a86                SVC_Handler
 .text.DebugMon_Handler
                0x08000a88        0x2 CMakeFiles/OLED_U8G2.elf.dir/Core/Src/stm32g4xx_it.c.obj
                0x08000a88                DebugMon_Handler
 .text.PendSV_Handler
                0x08000a8a        0x2 CMakeFiles/OLED_U8G2.elf.dir/Core/Src/stm32g4xx_it.c.obj
                0x08000a8a                PendSV_Handler
 .text.SysTick_Handler
                0x08000a8c        0x8 CMakeFiles/OLED_U8G2.elf.dir/Core/Src/stm32g4xx_it.c.obj
                0x08000a8c                SysTick_Handler
 .text.EXTI15_10_IRQHandler
                0x08000a94        0xc CMakeFiles/OLED_U8G2.elf.dir/Core/Src/stm32g4xx_it.c.obj
                0x08000a94                EXTI15_10_IRQHandler
 .text._read    0x08000aa0       0x20 CMakeFiles/OLED_U8G2.elf.dir/Core/Src/syscalls.c.obj
                0x08000aa0                _read
 .text._write   0x08000ac0       0x1c CMakeFiles/OLED_U8G2.elf.dir/Core/Src/syscalls.c.obj
                0x08000ac0                _write
 .text._close   0x08000adc        0x6 CMakeFiles/OLED_U8G2.elf.dir/Core/Src/syscalls.c.obj
                0x08000adc                _close
 .text._fstat   0x08000ae2        0xa CMakeFiles/OLED_U8G2.elf.dir/Core/Src/syscalls.c.obj
                0x08000ae2                _fstat
 .text._isatty  0x08000aec        0x4 CMakeFiles/OLED_U8G2.elf.dir/Core/Src/syscalls.c.obj
                0x08000aec                _isatty
 .text._lseek   0x08000af0        0x4 CMakeFiles/OLED_U8G2.elf.dir/Core/Src/syscalls.c.obj
                0x08000af0                _lseek
 .text._sbrk    0x08000af4       0x48 CMakeFiles/OLED_U8G2.elf.dir/Core/Src/sysmem.c.obj
                0x08000af4                _sbrk
 .text.SystemInit
                0x08000b3c        0x2 CMakeFiles/OLED_U8G2.elf.dir/Core/Src/system_stm32g4xx.c.obj
                0x08000b3c                SystemInit
 *fill*         0x08000b3e        0x2 
 .text.MX_LPUART1_UART_Init
                0x08000b40       0x68 CMakeFiles/OLED_U8G2.elf.dir/Core/Src/usart.c.obj
                0x08000b40                MX_LPUART1_UART_Init
 .text.HAL_UART_MspInit
                0x08000ba8       0x84 CMakeFiles/OLED_U8G2.elf.dir/Core/Src/usart.c.obj
                0x08000ba8                HAL_UART_MspInit
 .text.Reset_Handler
                0x08000c2c       0x50 CMakeFiles/OLED_U8G2.elf.dir/Core/Startup/startup_stm32g474retx.s.obj
                0x08000c2c                Reset_Handler
 .text.Default_Handler
                0x08000c7c        0x2 CMakeFiles/OLED_U8G2.elf.dir/Core/Startup/startup_stm32g474retx.s.obj
                0x08000c7c                RTC_Alarm_IRQHandler
                0x08000c7c                EXTI2_IRQHandler
                0x08000c7c                TIM8_TRG_COM_IRQHandler
                0x08000c7c                TIM8_CC_IRQHandler
                0x08000c7c                HRTIM1_Master_IRQHandler
                0x08000c7c                SPI4_IRQHandler
                0x08000c7c                FDCAN3_IT0_IRQHandler
                0x08000c7c                TIM1_CC_IRQHandler
                0x08000c7c                HRTIM1_FLT_IRQHandler
                0x08000c7c                HRTIM1_TIMF_IRQHandler
                0x08000c7c                USB_HP_IRQHandler
                0x08000c7c                CORDIC_IRQHandler
                0x08000c7c                HRTIM1_TIMD_IRQHandler
                0x08000c7c                DMA2_Channel8_IRQHandler
                0x08000c7c                EXTI3_IRQHandler
                0x08000c7c                I2C3_ER_IRQHandler
                0x08000c7c                EXTI0_IRQHandler
                0x08000c7c                I2C2_EV_IRQHandler
                0x08000c7c                FPU_IRQHandler
                0x08000c7c                FDCAN1_IT1_IRQHandler
                0x08000c7c                TIM1_UP_TIM16_IRQHandler
                0x08000c7c                ADC1_2_IRQHandler
                0x08000c7c                HRTIM1_TIME_IRQHandler
                0x08000c7c                SPI1_IRQHandler
                0x08000c7c                TIM6_DAC_IRQHandler
                0x08000c7c                HRTIM1_TIMC_IRQHandler
                0x08000c7c                TIM8_UP_IRQHandler
                0x08000c7c                DMA2_Channel2_IRQHandler
                0x08000c7c                DMA1_Channel4_IRQHandler
                0x08000c7c                TIM20_TRG_COM_IRQHandler
                0x08000c7c                USART3_IRQHandler
                0x08000c7c                DMA1_Channel7_IRQHandler
                0x08000c7c                UART5_IRQHandler
                0x08000c7c                ADC3_IRQHandler
                0x08000c7c                TIM4_IRQHandler
                0x08000c7c                DMA2_Channel1_IRQHandler
                0x08000c7c                QUADSPI_IRQHandler
                0x08000c7c                I2C1_EV_IRQHandler
                0x08000c7c                DMA1_Channel6_IRQHandler
                0x08000c7c                UART4_IRQHandler
                0x08000c7c                DMA2_Channel4_IRQHandler
                0x08000c7c                TIM3_IRQHandler
                0x08000c7c                RCC_IRQHandler
                0x08000c7c                TIM20_UP_IRQHandler
                0x08000c7c                DMA1_Channel1_IRQHandler
                0x08000c7c                Default_Handler
                0x08000c7c                DMA2_Channel7_IRQHandler
                0x08000c7c                RTC_TAMP_LSECSS_IRQHandler
                0x08000c7c                FMAC_IRQHandler
                0x08000c7c                DMA1_Channel8_IRQHandler
                0x08000c7c                HRTIM1_TIMA_IRQHandler
                0x08000c7c                TIM7_DAC_IRQHandler
                0x08000c7c                FDCAN3_IT1_IRQHandler
                0x08000c7c                TIM5_IRQHandler
                0x08000c7c                UCPD1_IRQHandler
                0x08000c7c                I2C3_EV_IRQHandler
                0x08000c7c                EXTI9_5_IRQHandler
                0x08000c7c                RTC_WKUP_IRQHandler
                0x08000c7c                PVD_PVM_IRQHandler
                0x08000c7c                SPI2_IRQHandler
                0x08000c7c                ADC5_IRQHandler
                0x08000c7c                DMA2_Channel5_IRQHandler
                0x08000c7c                CRS_IRQHandler
                0x08000c7c                DMA1_Channel5_IRQHandler
                0x08000c7c                USB_LP_IRQHandler
                0x08000c7c                EXTI4_IRQHandler
                0x08000c7c                RNG_IRQHandler
                0x08000c7c                HRTIM1_TIMB_IRQHandler
                0x08000c7c                TIM1_TRG_COM_TIM17_IRQHandler
                0x08000c7c                FDCAN2_IT1_IRQHandler
                0x08000c7c                DMA1_Channel3_IRQHandler
                0x08000c7c                ADC4_IRQHandler
                0x08000c7c                WWDG_IRQHandler
                0x08000c7c                I2C4_EV_IRQHandler
                0x08000c7c                FDCAN2_IT0_IRQHandler
                0x08000c7c                LPUART1_IRQHandler
                0x08000c7c                DMA2_Channel6_IRQHandler
                0x08000c7c                FDCAN1_IT0_IRQHandler
                0x08000c7c                TIM2_IRQHandler
                0x08000c7c                COMP7_IRQHandler
                0x08000c7c                COMP1_2_3_IRQHandler
                0x08000c7c                EXTI1_IRQHandler
                0x08000c7c                USART2_IRQHandler
                0x08000c7c                COMP4_5_6_IRQHandler
                0x08000c7c                TIM20_BRK_IRQHandler
                0x08000c7c                I2C2_ER_IRQHandler
                0x08000c7c                DMA1_Channel2_IRQHandler
                0x08000c7c                TIM8_BRK_IRQHandler
                0x08000c7c                FLASH_IRQHandler
                0x08000c7c                TIM20_CC_IRQHandler
                0x08000c7c                USART1_IRQHandler
                0x08000c7c                SPI3_IRQHandler
                0x08000c7c                I2C1_ER_IRQHandler
                0x08000c7c                FMC_IRQHandler
                0x08000c7c                LPTIM1_IRQHandler
                0x08000c7c                DMAMUX_OVR_IRQHandler
                0x08000c7c                I2C4_ER_IRQHandler
                0x08000c7c                USBWakeUp_IRQHandler
                0x08000c7c                SAI1_IRQHandler
                0x08000c7c                DMA2_Channel3_IRQHandler
                0x08000c7c                TIM1_BRK_TIM15_IRQHandler
 *fill*         0x08000c7e        0x2 
 .text.HAL_InitTick
                0x08000c80       0x50 CMakeFiles/OLED_U8G2.elf.dir/Drivers/STM32G4xx_HAL_Driver/Src/stm32g4xx_hal.c.obj
                0x08000c80                HAL_InitTick
 .text.HAL_Init
                0x08000cd0       0x1e CMakeFiles/OLED_U8G2.elf.dir/Drivers/STM32G4xx_HAL_Driver/Src/stm32g4xx_hal.c.obj
                0x08000cd0                HAL_Init
 *fill*         0x08000cee        0x2 
 .text.HAL_IncTick
                0x08000cf0       0x18 CMakeFiles/OLED_U8G2.elf.dir/Drivers/STM32G4xx_HAL_Driver/Src/stm32g4xx_hal.c.obj
                0x08000cf0                HAL_IncTick
 .text.HAL_GetTick
                0x08000d08        0xc CMakeFiles/OLED_U8G2.elf.dir/Drivers/STM32G4xx_HAL_Driver/Src/stm32g4xx_hal.c.obj
                0x08000d08                HAL_GetTick
 .text.HAL_Delay
                0x08000d14       0x28 CMakeFiles/OLED_U8G2.elf.dir/Drivers/STM32G4xx_HAL_Driver/Src/stm32g4xx_hal.c.obj
                0x08000d14                HAL_Delay
 .text.HAL_NVIC_SetPriorityGrouping
                0x08000d3c       0x24 CMakeFiles/OLED_U8G2.elf.dir/Drivers/STM32G4xx_HAL_Driver/Src/stm32g4xx_hal_cortex.c.obj
                0x08000d3c                HAL_NVIC_SetPriorityGrouping
 .text.HAL_NVIC_SetPriority
                0x08000d60       0x70 CMakeFiles/OLED_U8G2.elf.dir/Drivers/STM32G4xx_HAL_Driver/Src/stm32g4xx_hal_cortex.c.obj
                0x08000d60                HAL_NVIC_SetPriority
 .text.HAL_NVIC_EnableIRQ
                0x08000dd0       0x1c CMakeFiles/OLED_U8G2.elf.dir/Drivers/STM32G4xx_HAL_Driver/Src/stm32g4xx_hal_cortex.c.obj
                0x08000dd0                HAL_NVIC_EnableIRQ
 .text.HAL_SYSTICK_Config
                0x08000dec       0x28 CMakeFiles/OLED_U8G2.elf.dir/Drivers/STM32G4xx_HAL_Driver/Src/stm32g4xx_hal_cortex.c.obj
                0x08000dec                HAL_SYSTICK_Config
 .text.HAL_GPIO_Init
                0x08000e14      0x1dc CMakeFiles/OLED_U8G2.elf.dir/Drivers/STM32G4xx_HAL_Driver/Src/stm32g4xx_hal_gpio.c.obj
                0x08000e14                HAL_GPIO_Init
 .text.HAL_GPIO_WritePin
                0x08000ff0        0xa CMakeFiles/OLED_U8G2.elf.dir/Drivers/STM32G4xx_HAL_Driver/Src/stm32g4xx_hal_gpio.c.obj
                0x08000ff0                HAL_GPIO_WritePin
 .text.HAL_GPIO_EXTI_Callback
                0x08000ffa        0x2 CMakeFiles/OLED_U8G2.elf.dir/Drivers/STM32G4xx_HAL_Driver/Src/stm32g4xx_hal_gpio.c.obj
                0x08000ffa                HAL_GPIO_EXTI_Callback
 .text.HAL_GPIO_EXTI_IRQHandler
                0x08000ffc       0x1c CMakeFiles/OLED_U8G2.elf.dir/Drivers/STM32G4xx_HAL_Driver/Src/stm32g4xx_hal_gpio.c.obj
                0x08000ffc                HAL_GPIO_EXTI_IRQHandler
 .text.HAL_PWREx_ControlVoltageScaling
                0x08001018      0x10c CMakeFiles/OLED_U8G2.elf.dir/Drivers/STM32G4xx_HAL_Driver/Src/stm32g4xx_hal_pwr_ex.c.obj
                0x08001018                HAL_PWREx_ControlVoltageScaling
 .text.HAL_PWREx_DisableUCPDDeadBattery
                0x08001124       0x10 CMakeFiles/OLED_U8G2.elf.dir/Drivers/STM32G4xx_HAL_Driver/Src/stm32g4xx_hal_pwr_ex.c.obj
                0x08001124                HAL_PWREx_DisableUCPDDeadBattery
 .text.RCC_GetSysClockFreqFromPLLSource
                0x08001134       0x58 CMakeFiles/OLED_U8G2.elf.dir/Drivers/STM32G4xx_HAL_Driver/Src/stm32g4xx_hal_rcc.c.obj
 .text.HAL_RCC_OscConfig
                0x0800118c      0x4e8 CMakeFiles/OLED_U8G2.elf.dir/Drivers/STM32G4xx_HAL_Driver/Src/stm32g4xx_hal_rcc.c.obj
                0x0800118c                HAL_RCC_OscConfig
 .text.HAL_RCC_GetSysClockFreq
                0x08001674       0x88 CMakeFiles/OLED_U8G2.elf.dir/Drivers/STM32G4xx_HAL_Driver/Src/stm32g4xx_hal_rcc.c.obj
                0x08001674                HAL_RCC_GetSysClockFreq
 .text.HAL_RCC_ClockConfig
                0x080016fc      0x1f8 CMakeFiles/OLED_U8G2.elf.dir/Drivers/STM32G4xx_HAL_Driver/Src/stm32g4xx_hal_rcc.c.obj
                0x080016fc                HAL_RCC_ClockConfig
 .text.HAL_RCC_GetHCLKFreq
                0x080018f4        0xc CMakeFiles/OLED_U8G2.elf.dir/Drivers/STM32G4xx_HAL_Driver/Src/stm32g4xx_hal_rcc.c.obj
                0x080018f4                HAL_RCC_GetHCLKFreq
 .text.HAL_RCC_GetPCLK1Freq
                0x08001900       0x24 CMakeFiles/OLED_U8G2.elf.dir/Drivers/STM32G4xx_HAL_Driver/Src/stm32g4xx_hal_rcc.c.obj
                0x08001900                HAL_RCC_GetPCLK1Freq
 .text.HAL_RCC_GetPCLK2Freq
                0x08001924       0x24 CMakeFiles/OLED_U8G2.elf.dir/Drivers/STM32G4xx_HAL_Driver/Src/stm32g4xx_hal_rcc.c.obj
                0x08001924                HAL_RCC_GetPCLK2Freq
 .text.HAL_RCCEx_PeriphCLKConfig
                0x08001948      0x378 CMakeFiles/OLED_U8G2.elf.dir/Drivers/STM32G4xx_HAL_Driver/Src/stm32g4xx_hal_rcc_ex.c.obj
                0x08001948                HAL_RCCEx_PeriphCLKConfig
 .text.UART_SetConfig
                0x08001cc0      0x388 CMakeFiles/OLED_U8G2.elf.dir/Drivers/STM32G4xx_HAL_Driver/Src/stm32g4xx_hal_uart.c.obj
                0x08001cc0                UART_SetConfig
 .text.UART_AdvFeatureConfig
                0x08002048       0xca CMakeFiles/OLED_U8G2.elf.dir/Drivers/STM32G4xx_HAL_Driver/Src/stm32g4xx_hal_uart.c.obj
                0x08002048                UART_AdvFeatureConfig
 .text.UART_WaitOnFlagUntilTimeout
                0x08002112       0xdc CMakeFiles/OLED_U8G2.elf.dir/Drivers/STM32G4xx_HAL_Driver/Src/stm32g4xx_hal_uart.c.obj
                0x08002112                UART_WaitOnFlagUntilTimeout
 .text.HAL_UART_Transmit
                0x080021ee       0xde CMakeFiles/OLED_U8G2.elf.dir/Drivers/STM32G4xx_HAL_Driver/Src/stm32g4xx_hal_uart.c.obj
                0x080021ee                HAL_UART_Transmit
 .text.UART_CheckIdleState
                0x080022cc       0x74 CMakeFiles/OLED_U8G2.elf.dir/Drivers/STM32G4xx_HAL_Driver/Src/stm32g4xx_hal_uart.c.obj
                0x080022cc                UART_CheckIdleState
 .text.HAL_UART_Init
                0x08002340       0x66 CMakeFiles/OLED_U8G2.elf.dir/Drivers/STM32G4xx_HAL_Driver/Src/stm32g4xx_hal_uart.c.obj
                0x08002340                HAL_UART_Init
 *fill*         0x080023a6        0x2 
 .text.UARTEx_SetNbDataToProcess
                0x080023a8       0x4c CMakeFiles/OLED_U8G2.elf.dir/Drivers/STM32G4xx_HAL_Driver/Src/stm32g4xx_hal_uart_ex.c.obj
 .text.HAL_UARTEx_DisableFifoMode
                0x080023f4       0x3e CMakeFiles/OLED_U8G2.elf.dir/Drivers/STM32G4xx_HAL_Driver/Src/stm32g4xx_hal_uart_ex.c.obj
                0x080023f4                HAL_UARTEx_DisableFifoMode
 .text.HAL_UARTEx_SetTxFifoThreshold
                0x08002432       0x4a CMakeFiles/OLED_U8G2.elf.dir/Drivers/STM32G4xx_HAL_Driver/Src/stm32g4xx_hal_uart_ex.c.obj
                0x08002432                HAL_UARTEx_SetTxFifoThreshold
 .text.HAL_UARTEx_SetRxFifoThreshold
                0x0800247c       0x4a CMakeFiles/OLED_U8G2.elf.dir/Drivers/STM32G4xx_HAL_Driver/Src/stm32g4xx_hal_uart_ex.c.obj
                0x0800247c                HAL_UARTEx_SetRxFifoThreshold
 *fill*         0x080024c6        0x2 
 .text.u8x8_gpio_and_delay
                0x080024c8       0x90 CMakeFiles/OLED_U8G2.elf.dir/HARDWARE/OLED_U8G2/oled.c.obj
                0x080024c8                u8x8_gpio_and_delay
 .text.u8g2Init
                0x08002558       0x30 CMakeFiles/OLED_U8G2.elf.dir/HARDWARE/OLED_U8G2/oled.c.obj
                0x08002558                u8g2Init
 .text.u8g2_DrawRFrame
                0x08002588      0x114 CMakeFiles/OLED_U8G2.elf.dir/HARDWARE/OLED_U8G2/u8g2_box.c.obj
                0x08002588                u8g2_DrawRFrame
 .text.u8g2_send_tile_row
                0x0800269c       0x20 CMakeFiles/OLED_U8G2.elf.dir/HARDWARE/OLED_U8G2/u8g2_buffer.c.obj
 .text.u8g2_send_buffer
                0x080026bc       0x34 CMakeFiles/OLED_U8G2.elf.dir/HARDWARE/OLED_U8G2/u8g2_buffer.c.obj
 .text.u8g2_ClearBuffer
                0x080026f0       0x1a CMakeFiles/OLED_U8G2.elf.dir/HARDWARE/OLED_U8G2/u8g2_buffer.c.obj
                0x080026f0                u8g2_ClearBuffer
 .text.u8g2_SetBufferCurrTileRow
                0x0800270a       0x18 CMakeFiles/OLED_U8G2.elf.dir/HARDWARE/OLED_U8G2/u8g2_buffer.c.obj
                0x0800270a                u8g2_SetBufferCurrTileRow
 .text.u8g2_FirstPage
                0x08002722       0x1a CMakeFiles/OLED_U8G2.elf.dir/HARDWARE/OLED_U8G2/u8g2_buffer.c.obj
                0x08002722                u8g2_FirstPage
 .text.u8g2_NextPage
                0x0800273c       0x40 CMakeFiles/OLED_U8G2.elf.dir/HARDWARE/OLED_U8G2/u8g2_buffer.c.obj
                0x0800273c                u8g2_NextPage
 .text.u8g2_draw_circle_section
                0x0800277c       0xb4 CMakeFiles/OLED_U8G2.elf.dir/HARDWARE/OLED_U8G2/u8g2_circle.c.obj
 .text.u8g2_draw_circle
                0x08002830       0x7e CMakeFiles/OLED_U8G2.elf.dir/HARDWARE/OLED_U8G2/u8g2_circle.c.obj
 .text.u8g2_DrawCircle
                0x080028ae       0x48 CMakeFiles/OLED_U8G2.elf.dir/HARDWARE/OLED_U8G2/u8g2_circle.c.obj
                0x080028ae                u8g2_DrawCircle
 *fill*         0x080028f6        0x2 
 .text.u8g2_m_16_8_f
                0x080028f8        0xc CMakeFiles/OLED_U8G2.elf.dir/HARDWARE/OLED_U8G2/u8g2_d_memory.c.obj
                0x080028f8                u8g2_m_16_8_f
 .text.u8g2_Setup_ssd1306_128x64_noname_f
                0x08002904       0x3c CMakeFiles/OLED_U8G2.elf.dir/HARDWARE/OLED_U8G2/u8g2_d_setup.c.obj
                0x08002904                u8g2_Setup_ssd1306_128x64_noname_f
 .text.u8g2_font_calc_vref_font
                0x08002940        0x4 CMakeFiles/OLED_U8G2.elf.dir/HARDWARE/OLED_U8G2/u8g2_font.c.obj
                0x08002940                u8g2_font_calc_vref_font
 .text.u8g2_SetFontPosBaseline
                0x08002944        0xc CMakeFiles/OLED_U8G2.elf.dir/HARDWARE/OLED_U8G2/u8g2_font.c.obj
                0x08002944                u8g2_SetFontPosBaseline
 .text.u8g2_clip_intersection2
                0x08002950       0x4c CMakeFiles/OLED_U8G2.elf.dir/HARDWARE/OLED_U8G2/u8g2_hvline.c.obj
 .text.u8g2_draw_hv_line_2dir
                0x0800299c       0x18 CMakeFiles/OLED_U8G2.elf.dir/HARDWARE/OLED_U8G2/u8g2_hvline.c.obj
                0x0800299c                u8g2_draw_hv_line_2dir
 .text.u8g2_DrawHVLine
                0x080029b4       0xca CMakeFiles/OLED_U8G2.elf.dir/HARDWARE/OLED_U8G2/u8g2_hvline.c.obj
                0x080029b4                u8g2_DrawHVLine
 .text.u8g2_DrawHLine
                0x08002a7e       0x10 CMakeFiles/OLED_U8G2.elf.dir/HARDWARE/OLED_U8G2/u8g2_hvline.c.obj
                0x08002a7e                u8g2_DrawHLine
 .text.u8g2_DrawVLine
                0x08002a8e       0x10 CMakeFiles/OLED_U8G2.elf.dir/HARDWARE/OLED_U8G2/u8g2_hvline.c.obj
                0x08002a8e                u8g2_DrawVLine
 .text.u8g2_DrawPixel
                0x08002a9e       0x36 CMakeFiles/OLED_U8G2.elf.dir/HARDWARE/OLED_U8G2/u8g2_hvline.c.obj
                0x08002a9e                u8g2_DrawPixel
 .text.u8g2_is_intersection_decision_tree
                0x08002ad4       0x2c CMakeFiles/OLED_U8G2.elf.dir/HARDWARE/OLED_U8G2/u8g2_intersection.c.obj
                0x08002ad4                u8g2_is_intersection_decision_tree
 .text.u8g2_IsIntersection
                0x08002b00       0x2c CMakeFiles/OLED_U8G2.elf.dir/HARDWARE/OLED_U8G2/u8g2_intersection.c.obj
                0x08002b00                u8g2_IsIntersection
 .text.u8g2_ll_hvline_vertical_top_lsb
                0x08002b2c       0xa6 CMakeFiles/OLED_U8G2.elf.dir/HARDWARE/OLED_U8G2/u8g2_ll_hvline.c.obj
                0x08002b2c                u8g2_ll_hvline_vertical_top_lsb
 .text.u8g2_update_dimension_common
                0x08002bd2       0x52 CMakeFiles/OLED_U8G2.elf.dir/HARDWARE/OLED_U8G2/u8g2_setup.c.obj
 .text.u8g2_update_dimension_r0
                0x08002c24        0x8 CMakeFiles/OLED_U8G2.elf.dir/HARDWARE/OLED_U8G2/u8g2_setup.c.obj
                0x08002c24                u8g2_update_dimension_r0
 .text.u8g2_apply_clip_window
                0x08002c2c       0x70 CMakeFiles/OLED_U8G2.elf.dir/HARDWARE/OLED_U8G2/u8g2_setup.c.obj
 .text.u8g2_update_page_win_r0
                0x08002c9c       0x26 CMakeFiles/OLED_U8G2.elf.dir/HARDWARE/OLED_U8G2/u8g2_setup.c.obj
                0x08002c9c                u8g2_update_page_win_r0
 .text.u8g2_draw_l90_r0
                0x08002cc2       0x12 CMakeFiles/OLED_U8G2.elf.dir/HARDWARE/OLED_U8G2/u8g2_setup.c.obj
                0x08002cc2                u8g2_draw_l90_r0
 .text.u8g2_SetMaxClipWindow
                0x08002cd4       0x20 CMakeFiles/OLED_U8G2.elf.dir/HARDWARE/OLED_U8G2/u8g2_setup.c.obj
                0x08002cd4                u8g2_SetMaxClipWindow
 .text.u8g2_SetupBuffer
                0x08002cf4       0x44 CMakeFiles/OLED_U8G2.elf.dir/HARDWARE/OLED_U8G2/u8g2_setup.c.obj
                0x08002cf4                u8g2_SetupBuffer
 .text.u8x8_byte_SetDC
                0x08002d38        0xe CMakeFiles/OLED_U8G2.elf.dir/HARDWARE/OLED_U8G2/u8x8_byte.c.obj
                0x08002d38                u8x8_byte_SetDC
 .text.u8x8_byte_SendBytes
                0x08002d46        0xe CMakeFiles/OLED_U8G2.elf.dir/HARDWARE/OLED_U8G2/u8x8_byte.c.obj
                0x08002d46                u8x8_byte_SendBytes
 .text.u8x8_byte_SendByte
                0x08002d54       0x18 CMakeFiles/OLED_U8G2.elf.dir/HARDWARE/OLED_U8G2/u8x8_byte.c.obj
                0x08002d54                u8x8_byte_SendByte
 .text.u8x8_byte_4wire_sw_spi
                0x08002d6c       0xfe CMakeFiles/OLED_U8G2.elf.dir/HARDWARE/OLED_U8G2/u8x8_byte.c.obj
                0x08002d6c                u8x8_byte_4wire_sw_spi
 .text.u8x8_cad_SendCmd
                0x08002e6a        0xe CMakeFiles/OLED_U8G2.elf.dir/HARDWARE/OLED_U8G2/u8x8_cad.c.obj
                0x08002e6a                u8x8_cad_SendCmd
 .text.u8x8_cad_SendArg
                0x08002e78        0xe CMakeFiles/OLED_U8G2.elf.dir/HARDWARE/OLED_U8G2/u8x8_cad.c.obj
                0x08002e78                u8x8_cad_SendArg
 .text.u8x8_cad_SendData
                0x08002e86        0xe CMakeFiles/OLED_U8G2.elf.dir/HARDWARE/OLED_U8G2/u8x8_cad.c.obj
                0x08002e86                u8x8_cad_SendData
 .text.u8x8_cad_StartTransfer
                0x08002e94        0xe CMakeFiles/OLED_U8G2.elf.dir/HARDWARE/OLED_U8G2/u8x8_cad.c.obj
                0x08002e94                u8x8_cad_StartTransfer
 .text.u8x8_cad_EndTransfer
                0x08002ea2        0xe CMakeFiles/OLED_U8G2.elf.dir/HARDWARE/OLED_U8G2/u8x8_cad.c.obj
                0x08002ea2                u8x8_cad_EndTransfer
 .text.u8x8_cad_SendSequence
                0x08002eb0       0x72 CMakeFiles/OLED_U8G2.elf.dir/HARDWARE/OLED_U8G2/u8x8_cad.c.obj
                0x08002eb0                u8x8_cad_SendSequence
 .text.u8x8_cad_001
                0x08002f22       0x5e CMakeFiles/OLED_U8G2.elf.dir/HARDWARE/OLED_U8G2/u8x8_cad.c.obj
                0x08002f22                u8x8_cad_001
 .text.u8x8_d_ssd1306_sh1106_generic
                0x08002f80       0xe4 CMakeFiles/OLED_U8G2.elf.dir/HARDWARE/OLED_U8G2/u8x8_d_ssd1306_128x64_noname.c.obj
 .text.u8x8_d_ssd1306_128x64_noname
                0x08003064       0x40 CMakeFiles/OLED_U8G2.elf.dir/HARDWARE/OLED_U8G2/u8x8_d_ssd1306_128x64_noname.c.obj
                0x08003064                u8x8_d_ssd1306_128x64_noname
 .text.u8x8_d_helper_display_setup_memory
                0x080030a4        0xa CMakeFiles/OLED_U8G2.elf.dir/HARDWARE/OLED_U8G2/u8x8_display.c.obj
                0x080030a4                u8x8_d_helper_display_setup_memory
 .text.u8x8_d_helper_display_init
                0x080030ae       0x62 CMakeFiles/OLED_U8G2.elf.dir/HARDWARE/OLED_U8G2/u8x8_display.c.obj
                0x080030ae                u8x8_d_helper_display_init
 .text.u8x8_DrawTile
                0x08003110       0x22 CMakeFiles/OLED_U8G2.elf.dir/HARDWARE/OLED_U8G2/u8x8_display.c.obj
                0x08003110                u8x8_DrawTile
 .text.u8x8_SetupMemory
                0x08003132        0xe CMakeFiles/OLED_U8G2.elf.dir/HARDWARE/OLED_U8G2/u8x8_display.c.obj
                0x08003132                u8x8_SetupMemory
 .text.u8x8_InitDisplay
                0x08003140        0xe CMakeFiles/OLED_U8G2.elf.dir/HARDWARE/OLED_U8G2/u8x8_display.c.obj
                0x08003140                u8x8_InitDisplay
 .text.u8x8_SetPowerSave
                0x0800314e        0xe CMakeFiles/OLED_U8G2.elf.dir/HARDWARE/OLED_U8G2/u8x8_display.c.obj
                0x0800314e                u8x8_SetPowerSave
 .text.u8x8_RefreshDisplay
                0x0800315c        0xe CMakeFiles/OLED_U8G2.elf.dir/HARDWARE/OLED_U8G2/u8x8_display.c.obj
                0x0800315c                u8x8_RefreshDisplay
 .text.u8x8_gpio_call
                0x0800316a        0xa CMakeFiles/OLED_U8G2.elf.dir/HARDWARE/OLED_U8G2/u8x8_gpio.c.obj
                0x0800316a                u8x8_gpio_call
 .text.u8x8_dummy_cb
                0x08003174        0x4 CMakeFiles/OLED_U8G2.elf.dir/HARDWARE/OLED_U8G2/u8x8_setup.c.obj
                0x08003174                u8x8_dummy_cb
 .text.u8x8_SetupDefaults
                0x08003178       0x28 CMakeFiles/OLED_U8G2.elf.dir/HARDWARE/OLED_U8G2/u8x8_setup.c.obj
                0x08003178                u8x8_SetupDefaults
 .text.u8x8_Setup
                0x080031a0       0x20 CMakeFiles/OLED_U8G2.elf.dir/HARDWARE/OLED_U8G2/u8x8_setup.c.obj
                0x080031a0                u8x8_Setup
 .text.__errno  0x080031c0        0xc d:/clion_stm32/stm32cude/gun-arm-embedded/bin/../lib/gcc/arm-none-eabi/10.3.1/../../../../arm-none-eabi/lib/thumb/v7e-m/nofp\libg.a(lib_a-errno.o)
                0x080031c0                __errno
 .text.__libc_init_array
                0x080031cc       0x48 d:/clion_stm32/stm32cude/gun-arm-embedded/bin/../lib/gcc/arm-none-eabi/10.3.1/../../../../arm-none-eabi/lib/thumb/v7e-m/nofp\libg.a(lib_a-init.o)
                0x080031cc                __libc_init_array
 .text.memset   0x08003214       0xa4 d:/clion_stm32/stm32cude/gun-arm-embedded/bin/../lib/gcc/arm-none-eabi/10.3.1/../../../../arm-none-eabi/lib/thumb/v7e-m/nofp\libg.a(lib_a-memset.o)
                0x08003214                memset
 .text._puts_r  0x080032b8       0x9c d:/clion_stm32/stm32cude/gun-arm-embedded/bin/../lib/gcc/arm-none-eabi/10.3.1/../../../../arm-none-eabi/lib/thumb/v7e-m/nofp\libg.a(lib_a-puts.o)
                0x080032b8                _puts_r
 .text.puts     0x08003354       0x10 d:/clion_stm32/stm32cude/gun-arm-embedded/bin/../lib/gcc/arm-none-eabi/10.3.1/../../../../arm-none-eabi/lib/thumb/v7e-m/nofp\libg.a(lib_a-puts.o)
                0x08003354                puts
 .text.startup.register_fini
                0x08003364       0x14 d:/clion_stm32/stm32cude/gun-arm-embedded/bin/../lib/gcc/arm-none-eabi/10.3.1/../../../../arm-none-eabi/lib/thumb/v7e-m/nofp\libg.a(lib_a-__call_atexit.o)
 .text.atexit   0x08003378        0xc d:/clion_stm32/stm32cude/gun-arm-embedded/bin/../lib/gcc/arm-none-eabi/10.3.1/../../../../arm-none-eabi/lib/thumb/v7e-m/nofp\libg.a(lib_a-atexit.o)
                0x08003378                atexit
 .text._cleanup_r
                0x08003384        0xc d:/clion_stm32/stm32cude/gun-arm-embedded/bin/../lib/gcc/arm-none-eabi/10.3.1/../../../../arm-none-eabi/lib/thumb/v7e-m/nofp\libg.a(lib_a-findfp.o)
                0x08003384                _cleanup_r
 .text.__sinit  0x08003390      0x10c d:/clion_stm32/stm32cude/gun-arm-embedded/bin/../lib/gcc/arm-none-eabi/10.3.1/../../../../arm-none-eabi/lib/thumb/v7e-m/nofp\libg.a(lib_a-findfp.o)
                0x08003390                __sinit
 .text.__sfp_lock_acquire
                0x0800349c        0xc d:/clion_stm32/stm32cude/gun-arm-embedded/bin/../lib/gcc/arm-none-eabi/10.3.1/../../../../arm-none-eabi/lib/thumb/v7e-m/nofp\libg.a(lib_a-findfp.o)
                0x0800349c                __sfp_lock_acquire
 .text.__sfp_lock_release
                0x080034a8        0xc d:/clion_stm32/stm32cude/gun-arm-embedded/bin/../lib/gcc/arm-none-eabi/10.3.1/../../../../arm-none-eabi/lib/thumb/v7e-m/nofp\libg.a(lib_a-findfp.o)
                0x080034a8                __sfp_lock_release
 .text.__libc_fini_array
                0x080034b4       0x2c d:/clion_stm32/stm32cude/gun-arm-embedded/bin/../lib/gcc/arm-none-eabi/10.3.1/../../../../arm-none-eabi/lib/thumb/v7e-m/nofp\libg.a(lib_a-fini.o)
                0x080034b4                __libc_fini_array
 .text.__sfvwrite_r
                0x080034e0      0x2e8 d:/clion_stm32/stm32cude/gun-arm-embedded/bin/../lib/gcc/arm-none-eabi/10.3.1/../../../../arm-none-eabi/lib/thumb/v7e-m/nofp\libg.a(lib_a-fvwrite.o)
                0x080034e0                __sfvwrite_r
 .text._fwalk_reent
                0x080037c8       0x48 d:/clion_stm32/stm32cude/gun-arm-embedded/bin/../lib/gcc/arm-none-eabi/10.3.1/../../../../arm-none-eabi/lib/thumb/v7e-m/nofp\libg.a(lib_a-fwalk.o)
                0x080037c8                _fwalk_reent
 .text.__retarget_lock_init_recursive
                0x08003810        0x4 d:/clion_stm32/stm32cude/gun-arm-embedded/bin/../lib/gcc/arm-none-eabi/10.3.1/../../../../arm-none-eabi/lib/thumb/v7e-m/nofp\libg.a(lib_a-lock.o)
                0x08003810                __retarget_lock_init_recursive
 .text.__retarget_lock_close_recursive
                0x08003814        0x4 d:/clion_stm32/stm32cude/gun-arm-embedded/bin/../lib/gcc/arm-none-eabi/10.3.1/../../../../arm-none-eabi/lib/thumb/v7e-m/nofp\libg.a(lib_a-lock.o)
                0x08003814                __retarget_lock_close_recursive
 .text.__retarget_lock_acquire_recursive
                0x08003818        0x4 d:/clion_stm32/stm32cude/gun-arm-embedded/bin/../lib/gcc/arm-none-eabi/10.3.1/../../../../arm-none-eabi/lib/thumb/v7e-m/nofp\libg.a(lib_a-lock.o)
                0x08003818                __retarget_lock_acquire_recursive
 .text.__retarget_lock_release_recursive
                0x0800381c        0x4 d:/clion_stm32/stm32cude/gun-arm-embedded/bin/../lib/gcc/arm-none-eabi/10.3.1/../../../../arm-none-eabi/lib/thumb/v7e-m/nofp\libg.a(lib_a-lock.o)
                0x0800381c                __retarget_lock_release_recursive
 .text._malloc_r
                0x08003820      0x560 d:/clion_stm32/stm32cude/gun-arm-embedded/bin/../lib/gcc/arm-none-eabi/10.3.1/../../../../arm-none-eabi/lib/thumb/v7e-m/nofp\libg.a(lib_a-mallocr.o)
                0x08003820                _malloc_r
 .text.memmove  0x08003d80       0xf8 d:/clion_stm32/stm32cude/gun-arm-embedded/bin/../lib/gcc/arm-none-eabi/10.3.1/../../../../arm-none-eabi/lib/thumb/v7e-m/nofp\libg.a(lib_a-memmove.o)
                0x08003d80                memmove
 .text.__malloc_lock
                0x08003e78        0xc d:/clion_stm32/stm32cude/gun-arm-embedded/bin/../lib/gcc/arm-none-eabi/10.3.1/../../../../arm-none-eabi/lib/thumb/v7e-m/nofp\libg.a(lib_a-mlock.o)
                0x08003e78                __malloc_lock
 .text.__malloc_unlock
                0x08003e84        0xc d:/clion_stm32/stm32cude/gun-arm-embedded/bin/../lib/gcc/arm-none-eabi/10.3.1/../../../../arm-none-eabi/lib/thumb/v7e-m/nofp\libg.a(lib_a-mlock.o)
                0x08003e84                __malloc_unlock
 .text._realloc_r
                0x08003e90      0x3d8 d:/clion_stm32/stm32cude/gun-arm-embedded/bin/../lib/gcc/arm-none-eabi/10.3.1/../../../../arm-none-eabi/lib/thumb/v7e-m/nofp\libg.a(lib_a-reallocr.o)
                0x08003e90                _realloc_r
 .text._sbrk_r  0x08004268       0x24 d:/clion_stm32/stm32cude/gun-arm-embedded/bin/../lib/gcc/arm-none-eabi/10.3.1/../../../../arm-none-eabi/lib/thumb/v7e-m/nofp\libg.a(lib_a-sbrkr.o)
                0x08004268                _sbrk_r
 .text.__sread  0x0800428c       0x24 d:/clion_stm32/stm32cude/gun-arm-embedded/bin/../lib/gcc/arm-none-eabi/10.3.1/../../../../arm-none-eabi/lib/thumb/v7e-m/nofp\libg.a(lib_a-stdio.o)
                0x0800428c                __sread
 .text.__swrite
                0x080042b0       0x40 d:/clion_stm32/stm32cude/gun-arm-embedded/bin/../lib/gcc/arm-none-eabi/10.3.1/../../../../arm-none-eabi/lib/thumb/v7e-m/nofp\libg.a(lib_a-stdio.o)
                0x080042b0                __swrite
 .text.__sseek  0x080042f0       0x20 d:/clion_stm32/stm32cude/gun-arm-embedded/bin/../lib/gcc/arm-none-eabi/10.3.1/../../../../arm-none-eabi/lib/thumb/v7e-m/nofp\libg.a(lib_a-stdio.o)
                0x080042f0                __sseek
 .text.__sclose
                0x08004310        0x8 d:/clion_stm32/stm32cude/gun-arm-embedded/bin/../lib/gcc/arm-none-eabi/10.3.1/../../../../arm-none-eabi/lib/thumb/v7e-m/nofp\libg.a(lib_a-stdio.o)
                0x08004310                __sclose
 .text._write_r
                0x08004318       0x2c d:/clion_stm32/stm32cude/gun-arm-embedded/bin/../lib/gcc/arm-none-eabi/10.3.1/../../../../arm-none-eabi/lib/thumb/v7e-m/nofp\libg.a(lib_a-writer.o)
                0x08004318                _write_r
 .text.__swsetup_r
                0x08004344       0xd4 d:/clion_stm32/stm32cude/gun-arm-embedded/bin/../lib/gcc/arm-none-eabi/10.3.1/../../../../arm-none-eabi/lib/thumb/v7e-m/nofp\libg.a(lib_a-wsetup.o)
                0x08004344                __swsetup_r
 .text.__register_exitproc
                0x08004418       0x8c d:/clion_stm32/stm32cude/gun-arm-embedded/bin/../lib/gcc/arm-none-eabi/10.3.1/../../../../arm-none-eabi/lib/thumb/v7e-m/nofp\libg.a(lib_a-__atexit.o)
                0x08004418                __register_exitproc
 .text._close_r
                0x080044a4       0x24 d:/clion_stm32/stm32cude/gun-arm-embedded/bin/../lib/gcc/arm-none-eabi/10.3.1/../../../../arm-none-eabi/lib/thumb/v7e-m/nofp\libg.a(lib_a-closer.o)
                0x080044a4                _close_r
 .text._fclose_r
                0x080044c8       0xcc d:/clion_stm32/stm32cude/gun-arm-embedded/bin/../lib/gcc/arm-none-eabi/10.3.1/../../../../arm-none-eabi/lib/thumb/v7e-m/nofp\libg.a(lib_a-fclose.o)
                0x080044c8                _fclose_r
 .text.__sflush_r
                0x08004594      0x120 d:/clion_stm32/stm32cude/gun-arm-embedded/bin/../lib/gcc/arm-none-eabi/10.3.1/../../../../arm-none-eabi/lib/thumb/v7e-m/nofp\libg.a(lib_a-fflush.o)
                0x08004594                __sflush_r
 .text._fflush_r
                0x080046b4       0x5c d:/clion_stm32/stm32cude/gun-arm-embedded/bin/../lib/gcc/arm-none-eabi/10.3.1/../../../../arm-none-eabi/lib/thumb/v7e-m/nofp\libg.a(lib_a-fflush.o)
                0x080046b4                _fflush_r
 .text._malloc_trim_r
                0x08004710       0xa0 d:/clion_stm32/stm32cude/gun-arm-embedded/bin/../lib/gcc/arm-none-eabi/10.3.1/../../../../arm-none-eabi/lib/thumb/v7e-m/nofp\libg.a(lib_a-freer.o)
                0x08004710                _malloc_trim_r
 .text._free_r  0x080047b0      0x20c d:/clion_stm32/stm32cude/gun-arm-embedded/bin/../lib/gcc/arm-none-eabi/10.3.1/../../../../arm-none-eabi/lib/thumb/v7e-m/nofp\libg.a(lib_a-freer.o)
                0x080047b0                _free_r
 .text._lseek_r
                0x080049bc       0x2c d:/clion_stm32/stm32cude/gun-arm-embedded/bin/../lib/gcc/arm-none-eabi/10.3.1/../../../../arm-none-eabi/lib/thumb/v7e-m/nofp\libg.a(lib_a-lseekr.o)
                0x080049bc                _lseek_r
 .text.__smakebuf_r
                0x080049e8       0xe0 d:/clion_stm32/stm32cude/gun-arm-embedded/bin/../lib/gcc/arm-none-eabi/10.3.1/../../../../arm-none-eabi/lib/thumb/v7e-m/nofp\libg.a(lib_a-makebuf.o)
                0x080049e8                __smakebuf_r
 .text._read_r  0x08004ac8       0x2c d:/clion_stm32/stm32cude/gun-arm-embedded/bin/../lib/gcc/arm-none-eabi/10.3.1/../../../../arm-none-eabi/lib/thumb/v7e-m/nofp\libg.a(lib_a-readr.o)
                0x08004ac8                _read_r
 .text._fstat_r
                0x08004af4       0x2c d:/clion_stm32/stm32cude/gun-arm-embedded/bin/../lib/gcc/arm-none-eabi/10.3.1/../../../../arm-none-eabi/lib/thumb/v7e-m/nofp\libg.a(lib_a-fstatr.o)
                0x08004af4                _fstat_r
 .text._isatty_r
                0x08004b20       0x24 d:/clion_stm32/stm32cude/gun-arm-embedded/bin/../lib/gcc/arm-none-eabi/10.3.1/../../../../arm-none-eabi/lib/thumb/v7e-m/nofp\libg.a(lib_a-isattyr.o)
                0x08004b20                _isatty_r
 *(.glue_7)
 .glue_7        0x08004b44        0x0 linker stubs
 *(.glue_7t)
 .glue_7t       0x08004b44        0x0 linker stubs
 *(.eh_frame)
 .eh_frame      0x08004b44        0x0 d:/clion_stm32/stm32cude/gun-arm-embedded/bin/../lib/gcc/arm-none-eabi/10.3.1/thumb/v7e-m/nofp/crtbegin.o
 *(.init)
 .init          0x08004b44        0x4 d:/clion_stm32/stm32cude/gun-arm-embedded/bin/../lib/gcc/arm-none-eabi/10.3.1/thumb/v7e-m/nofp/crti.o
                0x08004b44                _init
 .init          0x08004b48        0x8 d:/clion_stm32/stm32cude/gun-arm-embedded/bin/../lib/gcc/arm-none-eabi/10.3.1/thumb/v7e-m/nofp/crtn.o
 *(.fini)
 .fini          0x08004b50        0x4 d:/clion_stm32/stm32cude/gun-arm-embedded/bin/../lib/gcc/arm-none-eabi/10.3.1/thumb/v7e-m/nofp/crti.o
                0x08004b50                _fini
 .fini          0x08004b54        0x8 d:/clion_stm32/stm32cude/gun-arm-embedded/bin/../lib/gcc/arm-none-eabi/10.3.1/thumb/v7e-m/nofp/crtn.o
                0x08004b5c                . = ALIGN (0x4)
                0x08004b5c                _etext = .

.vfp11_veneer   0x08004b5c        0x0
 .vfp11_veneer  0x08004b5c        0x0 linker stubs

.v4_bx          0x08004b5c        0x0
 .v4_bx         0x08004b5c        0x0 linker stubs

.iplt           0x08004b5c        0x0
 .iplt          0x08004b5c        0x0 d:/clion_stm32/stm32cude/gun-arm-embedded/bin/../lib/gcc/arm-none-eabi/10.3.1/thumb/v7e-m/nofp/crtbegin.o

.rodata         0x08004b5c       0xe0
                0x08004b5c                . = ALIGN (0x4)
 *(.rodata)
 *(.rodata*)
 .rodata.main.str1.4
                0x08004b5c       0x19 CMakeFiles/OLED_U8G2.elf.dir/Core/Src/main.c.obj
 *fill*         0x08004b75        0x3 
 .rodata.AHBPrescTable
                0x08004b78       0x10 CMakeFiles/OLED_U8G2.elf.dir/Core/Src/system_stm32g4xx.c.obj
                0x08004b78                AHBPrescTable
 .rodata.APBPrescTable
                0x08004b88        0x8 CMakeFiles/OLED_U8G2.elf.dir/Core/Src/system_stm32g4xx.c.obj
                0x08004b88                APBPrescTable
 .rodata.UARTPrescTable
                0x08004b90       0x18 CMakeFiles/OLED_U8G2.elf.dir/Drivers/STM32G4xx_HAL_Driver/Src/stm32g4xx_hal_uart.c.obj
                0x08004b90                UARTPrescTable
 .rodata.denominator.0
                0x08004ba8        0x8 CMakeFiles/OLED_U8G2.elf.dir/Drivers/STM32G4xx_HAL_Driver/Src/stm32g4xx_hal_uart_ex.c.obj
 .rodata.numerator.1
                0x08004bb0        0x8 CMakeFiles/OLED_U8G2.elf.dir/Drivers/STM32G4xx_HAL_Driver/Src/stm32g4xx_hal_uart_ex.c.obj
 .rodata.u8g2_cb_r0
                0x08004bb8        0xc CMakeFiles/OLED_U8G2.elf.dir/HARDWARE/OLED_U8G2/u8g2_setup.c.obj
                0x08004bb8                u8g2_cb_r0
 .rodata.u8x8_d_ssd1306_128x64_noname_flip0_seq
                0x08004bc4        0x7 CMakeFiles/OLED_U8G2.elf.dir/HARDWARE/OLED_U8G2/u8x8_d_ssd1306_128x64_noname.c.obj
 *fill*         0x08004bcb        0x1 
 .rodata.u8x8_d_ssd1306_128x64_noname_flip1_seq
                0x08004bcc        0x7 CMakeFiles/OLED_U8G2.elf.dir/HARDWARE/OLED_U8G2/u8x8_d_ssd1306_128x64_noname.c.obj
 *fill*         0x08004bd3        0x1 
 .rodata.u8x8_d_ssd1306_128x64_noname_init_seq
                0x08004bd4       0x35 CMakeFiles/OLED_U8G2.elf.dir/HARDWARE/OLED_U8G2/u8x8_d_ssd1306_128x64_noname.c.obj
 *fill*         0x08004c09        0x3 
 .rodata.u8x8_d_ssd1306_128x64_noname_powersave0_seq
                0x08004c0c        0x5 CMakeFiles/OLED_U8G2.elf.dir/HARDWARE/OLED_U8G2/u8x8_d_ssd1306_128x64_noname.c.obj
 *fill*         0x08004c11        0x3 
 .rodata.u8x8_d_ssd1306_128x64_noname_powersave1_seq
                0x08004c14        0x5 CMakeFiles/OLED_U8G2.elf.dir/HARDWARE/OLED_U8G2/u8x8_d_ssd1306_128x64_noname.c.obj
 *fill*         0x08004c19        0x3 
 .rodata.u8x8_ssd1306_128x64_noname_display_info
                0x08004c1c       0x18 CMakeFiles/OLED_U8G2.elf.dir/HARDWARE/OLED_U8G2/u8x8_d_ssd1306_128x64_noname.c.obj
 .rodata._global_impure_ptr
                0x08004c34        0x4 d:/clion_stm32/stm32cude/gun-arm-embedded/bin/../lib/gcc/arm-none-eabi/10.3.1/../../../../arm-none-eabi/lib/thumb/v7e-m/nofp\libg.a(lib_a-impure.o)
                0x08004c34                _global_impure_ptr
 .rodata._puts_r.str1.4
                0x08004c38        0x2 d:/clion_stm32/stm32cude/gun-arm-embedded/bin/../lib/gcc/arm-none-eabi/10.3.1/../../../../arm-none-eabi/lib/thumb/v7e-m/nofp\libg.a(lib_a-puts.o)
                0x08004c3c                . = ALIGN (0x4)
 *fill*         0x08004c3a        0x2 

.ARM.extab      0x08004c3c        0x0
                0x08004c3c                . = ALIGN (0x4)
 *(.ARM.extab* .gnu.linkonce.armextab.*)
                0x08004c3c                . = ALIGN (0x4)

.ARM            0x08004c3c        0x8
                0x08004c3c                . = ALIGN (0x4)
                0x08004c3c                __exidx_start = .
 *(.ARM.exidx*)
 .ARM.exidx     0x08004c3c        0x8 d:/clion_stm32/stm32cude/gun-arm-embedded/bin/../lib/gcc/arm-none-eabi/10.3.1/thumb/v7e-m/nofp\libgcc.a(_udivmoddi4.o)
                0x08004c44                __exidx_end = .
                0x08004c44                . = ALIGN (0x4)

.rel.dyn        0x08004c44        0x0
 .rel.iplt      0x08004c44        0x0 d:/clion_stm32/stm32cude/gun-arm-embedded/bin/../lib/gcc/arm-none-eabi/10.3.1/thumb/v7e-m/nofp/crtbegin.o

.preinit_array  0x08004c44        0x0
                0x08004c44                . = ALIGN (0x4)
                0x08004c44                PROVIDE (__preinit_array_start = .)
 *(.preinit_array*)
                0x08004c44                PROVIDE (__preinit_array_end = .)
                0x08004c44                . = ALIGN (0x4)

.init_array     0x08004c44        0x8
                0x08004c44                . = ALIGN (0x4)
                0x08004c44                PROVIDE (__init_array_start = .)
 *(SORT_BY_NAME(.init_array.*))
 .init_array.00000
                0x08004c44        0x4 d:/clion_stm32/stm32cude/gun-arm-embedded/bin/../lib/gcc/arm-none-eabi/10.3.1/../../../../arm-none-eabi/lib/thumb/v7e-m/nofp\libg.a(lib_a-__call_atexit.o)
 *(.init_array*)
 .init_array    0x08004c48        0x4 d:/clion_stm32/stm32cude/gun-arm-embedded/bin/../lib/gcc/arm-none-eabi/10.3.1/thumb/v7e-m/nofp/crtbegin.o
                0x08004c4c                PROVIDE (__init_array_end = .)
                0x08004c4c                . = ALIGN (0x4)

.fini_array     0x08004c4c        0x4
                0x08004c4c                . = ALIGN (0x4)
                0x08004c4c                PROVIDE (__fini_array_start = .)
 *(SORT_BY_NAME(.fini_array.*))
 *(.fini_array*)
 .fini_array    0x08004c4c        0x4 d:/clion_stm32/stm32cude/gun-arm-embedded/bin/../lib/gcc/arm-none-eabi/10.3.1/thumb/v7e-m/nofp/crtbegin.o
                0x08004c50                PROVIDE (__fini_array_end = .)
                0x08004c50                . = ALIGN (0x4)
                0x08004c50                _sidata = LOADADDR (.data)

.data           0x20000000      0x84c load address 0x08004c50
                0x20000000                . = ALIGN (0x4)
                0x20000000                _sdata = .
 *(.data)
 *(.data*)
 .data.SystemCoreClock
                0x20000000        0x4 CMakeFiles/OLED_U8G2.elf.dir/Core/Src/system_stm32g4xx.c.obj
                0x20000000                SystemCoreClock
 .data.uwTickFreq
                0x20000004        0x4 CMakeFiles/OLED_U8G2.elf.dir/Drivers/STM32G4xx_HAL_Driver/Src/stm32g4xx_hal.c.obj
                0x20000004                uwTickFreq
 .data.uwTickPrio
                0x20000008        0x4 CMakeFiles/OLED_U8G2.elf.dir/Drivers/STM32G4xx_HAL_Driver/Src/stm32g4xx_hal.c.obj
                0x20000008                uwTickPrio
 .data._impure_ptr
                0x2000000c        0x4 d:/clion_stm32/stm32cude/gun-arm-embedded/bin/../lib/gcc/arm-none-eabi/10.3.1/../../../../arm-none-eabi/lib/thumb/v7e-m/nofp\libg.a(lib_a-impure.o)
                0x2000000c                _impure_ptr
 .data.impure_data
                0x20000010      0x428 d:/clion_stm32/stm32cude/gun-arm-embedded/bin/../lib/gcc/arm-none-eabi/10.3.1/../../../../arm-none-eabi/lib/thumb/v7e-m/nofp\libg.a(lib_a-impure.o)
 .data.__atexit_recursive_mutex
                0x20000438        0x4 d:/clion_stm32/stm32cude/gun-arm-embedded/bin/../lib/gcc/arm-none-eabi/10.3.1/../../../../arm-none-eabi/lib/thumb/v7e-m/nofp\libg.a(lib_a-__call_atexit.o)
                0x20000438                __atexit_recursive_mutex
 .data.__malloc_av_
                0x2000043c      0x408 d:/clion_stm32/stm32cude/gun-arm-embedded/bin/../lib/gcc/arm-none-eabi/10.3.1/../../../../arm-none-eabi/lib/thumb/v7e-m/nofp\libg.a(lib_a-mallocr.o)
                0x2000043c                __malloc_av_
 .data.__malloc_sbrk_base
                0x20000844        0x4 d:/clion_stm32/stm32cude/gun-arm-embedded/bin/../lib/gcc/arm-none-eabi/10.3.1/../../../../arm-none-eabi/lib/thumb/v7e-m/nofp\libg.a(lib_a-mallocr.o)
                0x20000844                __malloc_sbrk_base
 .data.__malloc_trim_threshold
                0x20000848        0x4 d:/clion_stm32/stm32cude/gun-arm-embedded/bin/../lib/gcc/arm-none-eabi/10.3.1/../../../../arm-none-eabi/lib/thumb/v7e-m/nofp\libg.a(lib_a-mallocr.o)
                0x20000848                __malloc_trim_threshold
 *(.RamFunc)
 *(.RamFunc*)
                0x2000084c                . = ALIGN (0x4)
                0x2000084c                _edata = .

.igot.plt       0x2000084c        0x0 load address 0x0800549c
 .igot.plt      0x2000084c        0x0 d:/clion_stm32/stm32cude/gun-arm-embedded/bin/../lib/gcc/arm-none-eabi/10.3.1/thumb/v7e-m/nofp/crtbegin.o
                0x2000084c                . = ALIGN (0x4)

.bss            0x2000084c      0x4fc load address 0x0800549c
                0x2000084c                _sbss = .
                0x2000084c                __bss_start__ = _sbss
 *(.bss)
 .bss           0x2000084c       0x1c d:/clion_stm32/stm32cude/gun-arm-embedded/bin/../lib/gcc/arm-none-eabi/10.3.1/thumb/v7e-m/nofp/crtbegin.o
 *(.bss*)
 .bss.__sbrk_heap_end
                0x20000868        0x4 CMakeFiles/OLED_U8G2.elf.dir/Core/Src/sysmem.c.obj
 .bss.hlpuart1  0x2000086c       0x90 CMakeFiles/OLED_U8G2.elf.dir/Core/Src/usart.c.obj
                0x2000086c                hlpuart1
 .bss.uwTick    0x200008fc        0x4 CMakeFiles/OLED_U8G2.elf.dir/Drivers/STM32G4xx_HAL_Driver/Src/stm32g4xx_hal.c.obj
                0x200008fc                uwTick
 .bss.buf.0     0x20000900      0x400 CMakeFiles/OLED_U8G2.elf.dir/HARDWARE/OLED_U8G2/u8g2_d_memory.c.obj
 .bss.__lock___atexit_recursive_mutex
                0x20000d00        0x1 d:/clion_stm32/stm32cude/gun-arm-embedded/bin/../lib/gcc/arm-none-eabi/10.3.1/../../../../arm-none-eabi/lib/thumb/v7e-m/nofp\libg.a(lib_a-lock.o)
                0x20000d00                __lock___atexit_recursive_mutex
 *fill*         0x20000d01        0x3 
 .bss.__lock___malloc_recursive_mutex
                0x20000d04        0x1 d:/clion_stm32/stm32cude/gun-arm-embedded/bin/../lib/gcc/arm-none-eabi/10.3.1/../../../../arm-none-eabi/lib/thumb/v7e-m/nofp\libg.a(lib_a-lock.o)
                0x20000d04                __lock___malloc_recursive_mutex
 *fill*         0x20000d05        0x3 
 .bss.__lock___sfp_recursive_mutex
                0x20000d08        0x1 d:/clion_stm32/stm32cude/gun-arm-embedded/bin/../lib/gcc/arm-none-eabi/10.3.1/../../../../arm-none-eabi/lib/thumb/v7e-m/nofp\libg.a(lib_a-lock.o)
                0x20000d08                __lock___sfp_recursive_mutex
 *fill*         0x20000d09        0x3 
 .bss.__lock___sinit_recursive_mutex
                0x20000d0c        0x1 d:/clion_stm32/stm32cude/gun-arm-embedded/bin/../lib/gcc/arm-none-eabi/10.3.1/../../../../arm-none-eabi/lib/thumb/v7e-m/nofp\libg.a(lib_a-lock.o)
                0x20000d0c                __lock___sinit_recursive_mutex
 *fill*         0x20000d0d        0x3 
 .bss.__malloc_current_mallinfo
                0x20000d10       0x28 d:/clion_stm32/stm32cude/gun-arm-embedded/bin/../lib/gcc/arm-none-eabi/10.3.1/../../../../arm-none-eabi/lib/thumb/v7e-m/nofp\libg.a(lib_a-mallocr.o)
                0x20000d10                __malloc_current_mallinfo
 .bss.__malloc_max_sbrked_mem
                0x20000d38        0x4 d:/clion_stm32/stm32cude/gun-arm-embedded/bin/../lib/gcc/arm-none-eabi/10.3.1/../../../../arm-none-eabi/lib/thumb/v7e-m/nofp\libg.a(lib_a-mallocr.o)
                0x20000d38                __malloc_max_sbrked_mem
 .bss.__malloc_max_total_mem
                0x20000d3c        0x4 d:/clion_stm32/stm32cude/gun-arm-embedded/bin/../lib/gcc/arm-none-eabi/10.3.1/../../../../arm-none-eabi/lib/thumb/v7e-m/nofp\libg.a(lib_a-mallocr.o)
                0x20000d3c                __malloc_max_total_mem
 .bss.__malloc_top_pad
                0x20000d40        0x4 d:/clion_stm32/stm32cude/gun-arm-embedded/bin/../lib/gcc/arm-none-eabi/10.3.1/../../../../arm-none-eabi/lib/thumb/v7e-m/nofp\libg.a(lib_a-mallocr.o)
                0x20000d40                __malloc_top_pad
 .bss.errno     0x20000d44        0x4 d:/clion_stm32/stm32cude/gun-arm-embedded/bin/../lib/gcc/arm-none-eabi/10.3.1/../../../../arm-none-eabi/lib/thumb/v7e-m/nofp\libg.a(lib_a-reent.o)
                0x20000d44                errno
 *(COMMON)
                0x20000d48                . = ALIGN (0x4)
                0x20000d48                _ebss = .
                0x20000d48                __bss_end__ = _ebss

._user_heap_stack
                0x20000d48      0x600 load address 0x0800549c
                0x20000d48                . = ALIGN (0x8)
                [!provide]                PROVIDE (end = .)
                0x20000d48                PROVIDE (_end = .)
                0x20000f48                . = (. + _Min_Heap_Size)
 *fill*         0x20000d48      0x200 
                0x20001348                . = (. + _Min_Stack_Size)
 *fill*         0x20000f48      0x400 
                0x20001348                . = ALIGN (0x8)

/DISCARD/
 libc.a(*)
 libm.a(*)
 libgcc.a(*)

.ARM.attributes
                0x00000000       0x2a
 *(.ARM.attributes)
 .ARM.attributes
                0x00000000       0x1e d:/clion_stm32/stm32cude/gun-arm-embedded/bin/../lib/gcc/arm-none-eabi/10.3.1/thumb/v7e-m/nofp/crti.o
 .ARM.attributes
                0x0000001e       0x2e d:/clion_stm32/stm32cude/gun-arm-embedded/bin/../lib/gcc/arm-none-eabi/10.3.1/thumb/v7e-m/nofp/crtbegin.o
 .ARM.attributes
                0x0000004c       0x2e CMakeFiles/OLED_U8G2.elf.dir/Core/Src/gpio.c.obj
 .ARM.attributes
                0x0000007a       0x2e CMakeFiles/OLED_U8G2.elf.dir/Core/Src/main.c.obj
 .ARM.attributes
                0x000000a8       0x2e CMakeFiles/OLED_U8G2.elf.dir/Core/Src/stm32g4xx_hal_msp.c.obj
 .ARM.attributes
                0x000000d6       0x2e CMakeFiles/OLED_U8G2.elf.dir/Core/Src/stm32g4xx_it.c.obj
 .ARM.attributes
                0x00000104       0x2e CMakeFiles/OLED_U8G2.elf.dir/Core/Src/syscalls.c.obj
 .ARM.attributes
                0x00000132       0x2e CMakeFiles/OLED_U8G2.elf.dir/Core/Src/sysmem.c.obj
 .ARM.attributes
                0x00000160       0x2e CMakeFiles/OLED_U8G2.elf.dir/Core/Src/system_stm32g4xx.c.obj
 .ARM.attributes
                0x0000018e       0x2e CMakeFiles/OLED_U8G2.elf.dir/Core/Src/usart.c.obj
 .ARM.attributes
                0x000001bc       0x21 CMakeFiles/OLED_U8G2.elf.dir/Core/Startup/startup_stm32g474retx.s.obj
 .ARM.attributes
                0x000001dd       0x2e CMakeFiles/OLED_U8G2.elf.dir/Drivers/STM32G4xx_HAL_Driver/Src/stm32g4xx_hal.c.obj
 .ARM.attributes
                0x0000020b       0x2e CMakeFiles/OLED_U8G2.elf.dir/Drivers/STM32G4xx_HAL_Driver/Src/stm32g4xx_hal_cortex.c.obj
 .ARM.attributes
                0x00000239       0x2e CMakeFiles/OLED_U8G2.elf.dir/Drivers/STM32G4xx_HAL_Driver/Src/stm32g4xx_hal_gpio.c.obj
 .ARM.attributes
                0x00000267       0x2e CMakeFiles/OLED_U8G2.elf.dir/Drivers/STM32G4xx_HAL_Driver/Src/stm32g4xx_hal_pwr_ex.c.obj
 .ARM.attributes
                0x00000295       0x2e CMakeFiles/OLED_U8G2.elf.dir/Drivers/STM32G4xx_HAL_Driver/Src/stm32g4xx_hal_rcc.c.obj
 .ARM.attributes
                0x000002c3       0x2e CMakeFiles/OLED_U8G2.elf.dir/Drivers/STM32G4xx_HAL_Driver/Src/stm32g4xx_hal_rcc_ex.c.obj
 .ARM.attributes
                0x000002f1       0x2e CMakeFiles/OLED_U8G2.elf.dir/Drivers/STM32G4xx_HAL_Driver/Src/stm32g4xx_hal_uart.c.obj
 .ARM.attributes
                0x0000031f       0x2e CMakeFiles/OLED_U8G2.elf.dir/Drivers/STM32G4xx_HAL_Driver/Src/stm32g4xx_hal_uart_ex.c.obj
 .ARM.attributes
                0x0000034d       0x2e CMakeFiles/OLED_U8G2.elf.dir/HARDWARE/OLED_U8G2/oled.c.obj
 .ARM.attributes
                0x0000037b       0x2e CMakeFiles/OLED_U8G2.elf.dir/HARDWARE/OLED_U8G2/u8g2_box.c.obj
 .ARM.attributes
                0x000003a9       0x2e CMakeFiles/OLED_U8G2.elf.dir/HARDWARE/OLED_U8G2/u8g2_buffer.c.obj
 .ARM.attributes
                0x000003d7       0x2e CMakeFiles/OLED_U8G2.elf.dir/HARDWARE/OLED_U8G2/u8g2_circle.c.obj
 .ARM.attributes
                0x00000405       0x2e CMakeFiles/OLED_U8G2.elf.dir/HARDWARE/OLED_U8G2/u8g2_d_memory.c.obj
 .ARM.attributes
                0x00000433       0x2e CMakeFiles/OLED_U8G2.elf.dir/HARDWARE/OLED_U8G2/u8g2_d_setup.c.obj
 .ARM.attributes
                0x00000461       0x2e CMakeFiles/OLED_U8G2.elf.dir/HARDWARE/OLED_U8G2/u8g2_font.c.obj
 .ARM.attributes
                0x0000048f       0x2e CMakeFiles/OLED_U8G2.elf.dir/HARDWARE/OLED_U8G2/u8g2_hvline.c.obj
 .ARM.attributes
                0x000004bd       0x2e CMakeFiles/OLED_U8G2.elf.dir/HARDWARE/OLED_U8G2/u8g2_intersection.c.obj
 .ARM.attributes
                0x000004eb       0x2e CMakeFiles/OLED_U8G2.elf.dir/HARDWARE/OLED_U8G2/u8g2_ll_hvline.c.obj
 .ARM.attributes
                0x00000519       0x2e CMakeFiles/OLED_U8G2.elf.dir/HARDWARE/OLED_U8G2/u8g2_setup.c.obj
 .ARM.attributes
                0x00000547       0x2e CMakeFiles/OLED_U8G2.elf.dir/HARDWARE/OLED_U8G2/u8x8_byte.c.obj
 .ARM.attributes
                0x00000575       0x2e CMakeFiles/OLED_U8G2.elf.dir/HARDWARE/OLED_U8G2/u8x8_cad.c.obj
 .ARM.attributes
                0x000005a3       0x2e CMakeFiles/OLED_U8G2.elf.dir/HARDWARE/OLED_U8G2/u8x8_d_ssd1306_128x64_noname.c.obj
 .ARM.attributes
                0x000005d1       0x2e CMakeFiles/OLED_U8G2.elf.dir/HARDWARE/OLED_U8G2/u8x8_display.c.obj
 .ARM.attributes
                0x000005ff       0x2e CMakeFiles/OLED_U8G2.elf.dir/HARDWARE/OLED_U8G2/u8x8_gpio.c.obj
 .ARM.attributes
                0x0000062d       0x2e CMakeFiles/OLED_U8G2.elf.dir/HARDWARE/OLED_U8G2/u8x8_setup.c.obj
 .ARM.attributes
                0x0000065b       0x1e d:/clion_stm32/stm32cude/gun-arm-embedded/bin/../lib/gcc/arm-none-eabi/10.3.1/thumb/v7e-m/nofp\libgcc.a(_aeabi_uldivmod.o)
 .ARM.attributes
                0x00000679       0x2e d:/clion_stm32/stm32cude/gun-arm-embedded/bin/../lib/gcc/arm-none-eabi/10.3.1/thumb/v7e-m/nofp\libgcc.a(_udivmoddi4.o)
 .ARM.attributes
                0x000006a7       0x1e d:/clion_stm32/stm32cude/gun-arm-embedded/bin/../lib/gcc/arm-none-eabi/10.3.1/thumb/v7e-m/nofp\libgcc.a(_dvmd_tls.o)
 .ARM.attributes
                0x000006c5       0x2e d:/clion_stm32/stm32cude/gun-arm-embedded/bin/../lib/gcc/arm-none-eabi/10.3.1/../../../../arm-none-eabi/lib/thumb/v7e-m/nofp\libg.a(lib_a-errno.o)
 .ARM.attributes
                0x000006f3       0x2e d:/clion_stm32/stm32cude/gun-arm-embedded/bin/../lib/gcc/arm-none-eabi/10.3.1/../../../../arm-none-eabi/lib/thumb/v7e-m/nofp\libg.a(lib_a-impure.o)
 .ARM.attributes
                0x00000721       0x2e d:/clion_stm32/stm32cude/gun-arm-embedded/bin/../lib/gcc/arm-none-eabi/10.3.1/../../../../arm-none-eabi/lib/thumb/v7e-m/nofp\libg.a(lib_a-init.o)
 .ARM.attributes
                0x0000074f       0x2e d:/clion_stm32/stm32cude/gun-arm-embedded/bin/../lib/gcc/arm-none-eabi/10.3.1/../../../../arm-none-eabi/lib/thumb/v7e-m/nofp\libg.a(lib_a-memset.o)
 .ARM.attributes
                0x0000077d       0x2e d:/clion_stm32/stm32cude/gun-arm-embedded/bin/../lib/gcc/arm-none-eabi/10.3.1/../../../../arm-none-eabi/lib/thumb/v7e-m/nofp\libg.a(lib_a-puts.o)
 .ARM.attributes
                0x000007ab       0x1c d:/clion_stm32/stm32cude/gun-arm-embedded/bin/../lib/gcc/arm-none-eabi/10.3.1/../../../../arm-none-eabi/lib/thumb/v7e-m/nofp\libg.a(lib_a-strlen.o)
 .ARM.attributes
                0x000007c7       0x2e d:/clion_stm32/stm32cude/gun-arm-embedded/bin/../lib/gcc/arm-none-eabi/10.3.1/../../../../arm-none-eabi/lib/thumb/v7e-m/nofp\libg.a(lib_a-__call_atexit.o)
 .ARM.attributes
                0x000007f5       0x2e d:/clion_stm32/stm32cude/gun-arm-embedded/bin/../lib/gcc/arm-none-eabi/10.3.1/../../../../arm-none-eabi/lib/thumb/v7e-m/nofp\libg.a(lib_a-atexit.o)
 .ARM.attributes
                0x00000823       0x2e d:/clion_stm32/stm32cude/gun-arm-embedded/bin/../lib/gcc/arm-none-eabi/10.3.1/../../../../arm-none-eabi/lib/thumb/v7e-m/nofp\libg.a(lib_a-findfp.o)
 .ARM.attributes
                0x00000851       0x2e d:/clion_stm32/stm32cude/gun-arm-embedded/bin/../lib/gcc/arm-none-eabi/10.3.1/../../../../arm-none-eabi/lib/thumb/v7e-m/nofp\libg.a(lib_a-fini.o)
 .ARM.attributes
                0x0000087f       0x2e d:/clion_stm32/stm32cude/gun-arm-embedded/bin/../lib/gcc/arm-none-eabi/10.3.1/../../../../arm-none-eabi/lib/thumb/v7e-m/nofp\libg.a(lib_a-fvwrite.o)
 .ARM.attributes
                0x000008ad       0x2e d:/clion_stm32/stm32cude/gun-arm-embedded/bin/../lib/gcc/arm-none-eabi/10.3.1/../../../../arm-none-eabi/lib/thumb/v7e-m/nofp\libg.a(lib_a-fwalk.o)
 .ARM.attributes
                0x000008db       0x2e d:/clion_stm32/stm32cude/gun-arm-embedded/bin/../lib/gcc/arm-none-eabi/10.3.1/../../../../arm-none-eabi/lib/thumb/v7e-m/nofp\libg.a(lib_a-lock.o)
 .ARM.attributes
                0x00000909       0x2e d:/clion_stm32/stm32cude/gun-arm-embedded/bin/../lib/gcc/arm-none-eabi/10.3.1/../../../../arm-none-eabi/lib/thumb/v7e-m/nofp\libg.a(lib_a-mallocr.o)
 .ARM.attributes
                0x00000937       0x1c d:/clion_stm32/stm32cude/gun-arm-embedded/bin/../lib/gcc/arm-none-eabi/10.3.1/../../../../arm-none-eabi/lib/thumb/v7e-m/nofp\libg.a(lib_a-memchr.o)
 .ARM.attributes
                0x00000953       0x1c d:/clion_stm32/stm32cude/gun-arm-embedded/bin/../lib/gcc/arm-none-eabi/10.3.1/../../../../arm-none-eabi/lib/thumb/v7e-m/nofp\libg.a(lib_a-memcpy.o)
 .ARM.attributes
                0x0000096f       0x2e d:/clion_stm32/stm32cude/gun-arm-embedded/bin/../lib/gcc/arm-none-eabi/10.3.1/../../../../arm-none-eabi/lib/thumb/v7e-m/nofp\libg.a(lib_a-memmove.o)
 .ARM.attributes
                0x0000099d       0x2e d:/clion_stm32/stm32cude/gun-arm-embedded/bin/../lib/gcc/arm-none-eabi/10.3.1/../../../../arm-none-eabi/lib/thumb/v7e-m/nofp\libg.a(lib_a-mlock.o)
 .ARM.attributes
                0x000009cb       0x2e d:/clion_stm32/stm32cude/gun-arm-embedded/bin/../lib/gcc/arm-none-eabi/10.3.1/../../../../arm-none-eabi/lib/thumb/v7e-m/nofp\libg.a(lib_a-reallocr.o)
 .ARM.attributes
                0x000009f9       0x2e d:/clion_stm32/stm32cude/gun-arm-embedded/bin/../lib/gcc/arm-none-eabi/10.3.1/../../../../arm-none-eabi/lib/thumb/v7e-m/nofp\libg.a(lib_a-sbrkr.o)
 .ARM.attributes
                0x00000a27       0x2e d:/clion_stm32/stm32cude/gun-arm-embedded/bin/../lib/gcc/arm-none-eabi/10.3.1/../../../../arm-none-eabi/lib/thumb/v7e-m/nofp\libg.a(lib_a-stdio.o)
 .ARM.attributes
                0x00000a55       0x2e d:/clion_stm32/stm32cude/gun-arm-embedded/bin/../lib/gcc/arm-none-eabi/10.3.1/../../../../arm-none-eabi/lib/thumb/v7e-m/nofp\libg.a(lib_a-writer.o)
 .ARM.attributes
                0x00000a83       0x2e d:/clion_stm32/stm32cude/gun-arm-embedded/bin/../lib/gcc/arm-none-eabi/10.3.1/../../../../arm-none-eabi/lib/thumb/v7e-m/nofp\libg.a(lib_a-wsetup.o)
 .ARM.attributes
                0x00000ab1       0x2e d:/clion_stm32/stm32cude/gun-arm-embedded/bin/../lib/gcc/arm-none-eabi/10.3.1/../../../../arm-none-eabi/lib/thumb/v7e-m/nofp\libg.a(lib_a-__atexit.o)
 .ARM.attributes
                0x00000adf       0x2e d:/clion_stm32/stm32cude/gun-arm-embedded/bin/../lib/gcc/arm-none-eabi/10.3.1/../../../../arm-none-eabi/lib/thumb/v7e-m/nofp\libg.a(lib_a-closer.o)
 .ARM.attributes
                0x00000b0d       0x2e d:/clion_stm32/stm32cude/gun-arm-embedded/bin/../lib/gcc/arm-none-eabi/10.3.1/../../../../arm-none-eabi/lib/thumb/v7e-m/nofp\libg.a(lib_a-fclose.o)
 .ARM.attributes
                0x00000b3b       0x2e d:/clion_stm32/stm32cude/gun-arm-embedded/bin/../lib/gcc/arm-none-eabi/10.3.1/../../../../arm-none-eabi/lib/thumb/v7e-m/nofp\libg.a(lib_a-fflush.o)
 .ARM.attributes
                0x00000b69       0x2e d:/clion_stm32/stm32cude/gun-arm-embedded/bin/../lib/gcc/arm-none-eabi/10.3.1/../../../../arm-none-eabi/lib/thumb/v7e-m/nofp\libg.a(lib_a-freer.o)
 .ARM.attributes
                0x00000b97       0x2e d:/clion_stm32/stm32cude/gun-arm-embedded/bin/../lib/gcc/arm-none-eabi/10.3.1/../../../../arm-none-eabi/lib/thumb/v7e-m/nofp\libg.a(lib_a-lseekr.o)
 .ARM.attributes
                0x00000bc5       0x2e d:/clion_stm32/stm32cude/gun-arm-embedded/bin/../lib/gcc/arm-none-eabi/10.3.1/../../../../arm-none-eabi/lib/thumb/v7e-m/nofp\libg.a(lib_a-makebuf.o)
 .ARM.attributes
                0x00000bf3       0x2e d:/clion_stm32/stm32cude/gun-arm-embedded/bin/../lib/gcc/arm-none-eabi/10.3.1/../../../../arm-none-eabi/lib/thumb/v7e-m/nofp\libg.a(lib_a-readr.o)
 .ARM.attributes
                0x00000c21       0x2e d:/clion_stm32/stm32cude/gun-arm-embedded/bin/../lib/gcc/arm-none-eabi/10.3.1/../../../../arm-none-eabi/lib/thumb/v7e-m/nofp\libg.a(lib_a-reent.o)
 .ARM.attributes
                0x00000c4f       0x2e d:/clion_stm32/stm32cude/gun-arm-embedded/bin/../lib/gcc/arm-none-eabi/10.3.1/../../../../arm-none-eabi/lib/thumb/v7e-m/nofp\libg.a(lib_a-fstatr.o)
 .ARM.attributes
                0x00000c7d       0x2e d:/clion_stm32/stm32cude/gun-arm-embedded/bin/../lib/gcc/arm-none-eabi/10.3.1/../../../../arm-none-eabi/lib/thumb/v7e-m/nofp\libg.a(lib_a-isattyr.o)
 .ARM.attributes
                0x00000cab       0x1e d:/clion_stm32/stm32cude/gun-arm-embedded/bin/../lib/gcc/arm-none-eabi/10.3.1/thumb/v7e-m/nofp/crtn.o
OUTPUT(OLED_U8G2.elf elf32-littlearm)
LOAD linker stubs
LOAD d:/clion_stm32/stm32cude/gun-arm-embedded/bin/../lib/gcc/arm-none-eabi/10.3.1/../../../../arm-none-eabi/lib/thumb/v7e-m/nofp\libc.a
LOAD d:/clion_stm32/stm32cude/gun-arm-embedded/bin/../lib/gcc/arm-none-eabi/10.3.1/../../../../arm-none-eabi/lib/thumb/v7e-m/nofp\libm.a
LOAD d:/clion_stm32/stm32cude/gun-arm-embedded/bin/../lib/gcc/arm-none-eabi/10.3.1/thumb/v7e-m/nofp\libgcc.a

.debug_info     0x00000000    0x1fc2a
 .debug_info    0x00000000      0x8d7 CMakeFiles/OLED_U8G2.elf.dir/Core/Src/gpio.c.obj
 .debug_info    0x000008d7     0x1336 CMakeFiles/OLED_U8G2.elf.dir/Core/Src/main.c.obj
 .debug_info    0x00001c0d      0x33e CMakeFiles/OLED_U8G2.elf.dir/Core/Src/stm32g4xx_hal_msp.c.obj
 .debug_info    0x00001f4b      0x17d CMakeFiles/OLED_U8G2.elf.dir/Core/Src/stm32g4xx_it.c.obj
 .debug_info    0x000020c8      0x7af CMakeFiles/OLED_U8G2.elf.dir/Core/Src/syscalls.c.obj
 .debug_info    0x00002877      0x174 CMakeFiles/OLED_U8G2.elf.dir/Core/Src/sysmem.c.obj
 .debug_info    0x000029eb      0x3f9 CMakeFiles/OLED_U8G2.elf.dir/Core/Src/system_stm32g4xx.c.obj
 .debug_info    0x00002de4      0xe83 CMakeFiles/OLED_U8G2.elf.dir/Core/Src/usart.c.obj
 .debug_info    0x00003c67       0x22 CMakeFiles/OLED_U8G2.elf.dir/Core/Startup/startup_stm32g474retx.s.obj
 .debug_info    0x00003c89      0xc2d CMakeFiles/OLED_U8G2.elf.dir/Drivers/STM32G4xx_HAL_Driver/Src/stm32g4xx_hal.c.obj
 .debug_info    0x000048b6     0x10fb CMakeFiles/OLED_U8G2.elf.dir/Drivers/STM32G4xx_HAL_Driver/Src/stm32g4xx_hal_cortex.c.obj
 .debug_info    0x000059b1      0x865 CMakeFiles/OLED_U8G2.elf.dir/Drivers/STM32G4xx_HAL_Driver/Src/stm32g4xx_hal_gpio.c.obj
 .debug_info    0x00006216      0xa07 CMakeFiles/OLED_U8G2.elf.dir/Drivers/STM32G4xx_HAL_Driver/Src/stm32g4xx_hal_pwr_ex.c.obj
 .debug_info    0x00006c1d      0xefa CMakeFiles/OLED_U8G2.elf.dir/Drivers/STM32G4xx_HAL_Driver/Src/stm32g4xx_hal_rcc.c.obj
 .debug_info    0x00007b17      0xf39 CMakeFiles/OLED_U8G2.elf.dir/Drivers/STM32G4xx_HAL_Driver/Src/stm32g4xx_hal_rcc_ex.c.obj
 .debug_info    0x00008a50     0x61e5 CMakeFiles/OLED_U8G2.elf.dir/Drivers/STM32G4xx_HAL_Driver/Src/stm32g4xx_hal_uart.c.obj
 .debug_info    0x0000ec35     0x1234 CMakeFiles/OLED_U8G2.elf.dir/Drivers/STM32G4xx_HAL_Driver/Src/stm32g4xx_hal_uart_ex.c.obj
 .debug_info    0x0000fe69      0xda8 CMakeFiles/OLED_U8G2.elf.dir/HARDWARE/OLED_U8G2/oled.c.obj
 .debug_info    0x00010c11      0xfb4 CMakeFiles/OLED_U8G2.elf.dir/HARDWARE/OLED_U8G2/u8g2_box.c.obj
 .debug_info    0x00011bc5      0xe74 CMakeFiles/OLED_U8G2.elf.dir/HARDWARE/OLED_U8G2/u8g2_buffer.c.obj
 .debug_info    0x00012a39     0x180a CMakeFiles/OLED_U8G2.elf.dir/HARDWARE/OLED_U8G2/u8g2_circle.c.obj
 .debug_info    0x00014243       0xdf CMakeFiles/OLED_U8G2.elf.dir/HARDWARE/OLED_U8G2/u8g2_d_memory.c.obj
 .debug_info    0x00014322      0x943 CMakeFiles/OLED_U8G2.elf.dir/HARDWARE/OLED_U8G2/u8g2_d_setup.c.obj
 .debug_info    0x00014c65     0x2a45 CMakeFiles/OLED_U8G2.elf.dir/HARDWARE/OLED_U8G2/u8g2_font.c.obj
 .debug_info    0x000176aa      0xba5 CMakeFiles/OLED_U8G2.elf.dir/HARDWARE/OLED_U8G2/u8g2_hvline.c.obj
 .debug_info    0x0001824f      0x937 CMakeFiles/OLED_U8G2.elf.dir/HARDWARE/OLED_U8G2/u8g2_intersection.c.obj
 .debug_info    0x00018b86      0x9f9 CMakeFiles/OLED_U8G2.elf.dir/HARDWARE/OLED_U8G2/u8g2_ll_hvline.c.obj
 .debug_info    0x0001957f     0x12cc CMakeFiles/OLED_U8G2.elf.dir/HARDWARE/OLED_U8G2/u8g2_setup.c.obj
 .debug_info    0x0001a84b     0x18ad CMakeFiles/OLED_U8G2.elf.dir/HARDWARE/OLED_U8G2/u8x8_byte.c.obj
 .debug_info    0x0001c0f8     0x1af6 CMakeFiles/OLED_U8G2.elf.dir/HARDWARE/OLED_U8G2/u8x8_cad.c.obj
 .debug_info    0x0001dbee      0xd69 CMakeFiles/OLED_U8G2.elf.dir/HARDWARE/OLED_U8G2/u8x8_d_ssd1306_128x64_noname.c.obj
 .debug_info    0x0001e957      0x9b1 CMakeFiles/OLED_U8G2.elf.dir/HARDWARE/OLED_U8G2/u8x8_display.c.obj
 .debug_info    0x0001f308      0x3d5 CMakeFiles/OLED_U8G2.elf.dir/HARDWARE/OLED_U8G2/u8x8_gpio.c.obj
 .debug_info    0x0001f6dd      0x54d CMakeFiles/OLED_U8G2.elf.dir/HARDWARE/OLED_U8G2/u8x8_setup.c.obj

.debug_abbrev   0x00000000     0x3d30
 .debug_abbrev  0x00000000      0x157 CMakeFiles/OLED_U8G2.elf.dir/Core/Src/gpio.c.obj
 .debug_abbrev  0x00000157      0x220 CMakeFiles/OLED_U8G2.elf.dir/Core/Src/main.c.obj
 .debug_abbrev  0x00000377       0xd6 CMakeFiles/OLED_U8G2.elf.dir/Core/Src/stm32g4xx_hal_msp.c.obj
 .debug_abbrev  0x0000044d       0xa4 CMakeFiles/OLED_U8G2.elf.dir/Core/Src/stm32g4xx_it.c.obj
 .debug_abbrev  0x000004f1      0x1a3 CMakeFiles/OLED_U8G2.elf.dir/Core/Src/syscalls.c.obj
 .debug_abbrev  0x00000694       0xe7 CMakeFiles/OLED_U8G2.elf.dir/Core/Src/sysmem.c.obj
 .debug_abbrev  0x0000077b      0x119 CMakeFiles/OLED_U8G2.elf.dir/Core/Src/system_stm32g4xx.c.obj
 .debug_abbrev  0x00000894      0x1eb CMakeFiles/OLED_U8G2.elf.dir/Core/Src/usart.c.obj
 .debug_abbrev  0x00000a7f       0x12 CMakeFiles/OLED_U8G2.elf.dir/Core/Startup/startup_stm32g474retx.s.obj
 .debug_abbrev  0x00000a91      0x23e CMakeFiles/OLED_U8G2.elf.dir/Drivers/STM32G4xx_HAL_Driver/Src/stm32g4xx_hal.c.obj
 .debug_abbrev  0x00000ccf      0x361 CMakeFiles/OLED_U8G2.elf.dir/Drivers/STM32G4xx_HAL_Driver/Src/stm32g4xx_hal_cortex.c.obj
 .debug_abbrev  0x00001030      0x1e6 CMakeFiles/OLED_U8G2.elf.dir/Drivers/STM32G4xx_HAL_Driver/Src/stm32g4xx_hal_gpio.c.obj
 .debug_abbrev  0x00001216      0x245 CMakeFiles/OLED_U8G2.elf.dir/Drivers/STM32G4xx_HAL_Driver/Src/stm32g4xx_hal_pwr_ex.c.obj
 .debug_abbrev  0x0000145b      0x26f CMakeFiles/OLED_U8G2.elf.dir/Drivers/STM32G4xx_HAL_Driver/Src/stm32g4xx_hal_rcc.c.obj
 .debug_abbrev  0x000016ca      0x243 CMakeFiles/OLED_U8G2.elf.dir/Drivers/STM32G4xx_HAL_Driver/Src/stm32g4xx_hal_rcc_ex.c.obj
 .debug_abbrev  0x0000190d      0x306 CMakeFiles/OLED_U8G2.elf.dir/Drivers/STM32G4xx_HAL_Driver/Src/stm32g4xx_hal_uart.c.obj
 .debug_abbrev  0x00001c13      0x2e7 CMakeFiles/OLED_U8G2.elf.dir/Drivers/STM32G4xx_HAL_Driver/Src/stm32g4xx_hal_uart_ex.c.obj
 .debug_abbrev  0x00001efa      0x1b3 CMakeFiles/OLED_U8G2.elf.dir/HARDWARE/OLED_U8G2/oled.c.obj
 .debug_abbrev  0x000020ad      0x17d CMakeFiles/OLED_U8G2.elf.dir/HARDWARE/OLED_U8G2/u8g2_box.c.obj
 .debug_abbrev  0x0000222a      0x1da CMakeFiles/OLED_U8G2.elf.dir/HARDWARE/OLED_U8G2/u8g2_buffer.c.obj
 .debug_abbrev  0x00002404      0x256 CMakeFiles/OLED_U8G2.elf.dir/HARDWARE/OLED_U8G2/u8g2_circle.c.obj
 .debug_abbrev  0x0000265a       0x95 CMakeFiles/OLED_U8G2.elf.dir/HARDWARE/OLED_U8G2/u8g2_d_memory.c.obj
 .debug_abbrev  0x000026ef      0x15b CMakeFiles/OLED_U8G2.elf.dir/HARDWARE/OLED_U8G2/u8g2_d_setup.c.obj
 .debug_abbrev  0x0000284a      0x2e1 CMakeFiles/OLED_U8G2.elf.dir/HARDWARE/OLED_U8G2/u8g2_font.c.obj
 .debug_abbrev  0x00002b2b      0x1a3 CMakeFiles/OLED_U8G2.elf.dir/HARDWARE/OLED_U8G2/u8g2_hvline.c.obj
 .debug_abbrev  0x00002cce      0x166 CMakeFiles/OLED_U8G2.elf.dir/HARDWARE/OLED_U8G2/u8g2_intersection.c.obj
 .debug_abbrev  0x00002e34      0x163 CMakeFiles/OLED_U8G2.elf.dir/HARDWARE/OLED_U8G2/u8g2_ll_hvline.c.obj
 .debug_abbrev  0x00002f97      0x2a2 CMakeFiles/OLED_U8G2.elf.dir/HARDWARE/OLED_U8G2/u8g2_setup.c.obj
 .debug_abbrev  0x00003239      0x247 CMakeFiles/OLED_U8G2.elf.dir/HARDWARE/OLED_U8G2/u8x8_byte.c.obj
 .debug_abbrev  0x00003480      0x291 CMakeFiles/OLED_U8G2.elf.dir/HARDWARE/OLED_U8G2/u8x8_cad.c.obj
 .debug_abbrev  0x00003711      0x1cb CMakeFiles/OLED_U8G2.elf.dir/HARDWARE/OLED_U8G2/u8x8_d_ssd1306_128x64_noname.c.obj
 .debug_abbrev  0x000038dc      0x1d7 CMakeFiles/OLED_U8G2.elf.dir/HARDWARE/OLED_U8G2/u8x8_display.c.obj
 .debug_abbrev  0x00003ab3      0x100 CMakeFiles/OLED_U8G2.elf.dir/HARDWARE/OLED_U8G2/u8x8_gpio.c.obj
 .debug_abbrev  0x00003bb3      0x17d CMakeFiles/OLED_U8G2.elf.dir/HARDWARE/OLED_U8G2/u8x8_setup.c.obj

.debug_aranges  0x00000000     0x1188
 .debug_aranges
                0x00000000       0x20 CMakeFiles/OLED_U8G2.elf.dir/Core/Src/gpio.c.obj
 .debug_aranges
                0x00000020       0x38 CMakeFiles/OLED_U8G2.elf.dir/Core/Src/main.c.obj
 .debug_aranges
                0x00000058       0x20 CMakeFiles/OLED_U8G2.elf.dir/Core/Src/stm32g4xx_hal_msp.c.obj
 .debug_aranges
                0x00000078       0x68 CMakeFiles/OLED_U8G2.elf.dir/Core/Src/stm32g4xx_it.c.obj
 .debug_aranges
                0x000000e0       0xa8 CMakeFiles/OLED_U8G2.elf.dir/Core/Src/syscalls.c.obj
 .debug_aranges
                0x00000188       0x20 CMakeFiles/OLED_U8G2.elf.dir/Core/Src/sysmem.c.obj
 .debug_aranges
                0x000001a8       0x28 CMakeFiles/OLED_U8G2.elf.dir/Core/Src/system_stm32g4xx.c.obj
 .debug_aranges
                0x000001d0       0x30 CMakeFiles/OLED_U8G2.elf.dir/Core/Src/usart.c.obj
 .debug_aranges
                0x00000200       0x28 CMakeFiles/OLED_U8G2.elf.dir/Core/Startup/startup_stm32g474retx.s.obj
 .debug_aranges
                0x00000228      0x130 CMakeFiles/OLED_U8G2.elf.dir/Drivers/STM32G4xx_HAL_Driver/Src/stm32g4xx_hal.c.obj
 .debug_aranges
                0x00000358       0xa8 CMakeFiles/OLED_U8G2.elf.dir/Drivers/STM32G4xx_HAL_Driver/Src/stm32g4xx_hal_cortex.c.obj
 .debug_aranges
                0x00000400       0x58 CMakeFiles/OLED_U8G2.elf.dir/Drivers/STM32G4xx_HAL_Driver/Src/stm32g4xx_hal_gpio.c.obj
 .debug_aranges
                0x00000458      0x140 CMakeFiles/OLED_U8G2.elf.dir/Drivers/STM32G4xx_HAL_Driver/Src/stm32g4xx_hal_pwr_ex.c.obj
 .debug_aranges
                0x00000598       0x98 CMakeFiles/OLED_U8G2.elf.dir/Drivers/STM32G4xx_HAL_Driver/Src/stm32g4xx_hal_rcc.c.obj
 .debug_aranges
                0x00000630       0xb0 CMakeFiles/OLED_U8G2.elf.dir/Drivers/STM32G4xx_HAL_Driver/Src/stm32g4xx_hal_rcc_ex.c.obj
 .debug_aranges
                0x000006e0      0x248 CMakeFiles/OLED_U8G2.elf.dir/Drivers/STM32G4xx_HAL_Driver/Src/stm32g4xx_hal_uart.c.obj
 .debug_aranges
                0x00000928       0xa0 CMakeFiles/OLED_U8G2.elf.dir/Drivers/STM32G4xx_HAL_Driver/Src/stm32g4xx_hal_uart_ex.c.obj
 .debug_aranges
                0x000009c8       0x30 CMakeFiles/OLED_U8G2.elf.dir/HARDWARE/OLED_U8G2/oled.c.obj
 .debug_aranges
                0x000009f8       0x38 CMakeFiles/OLED_U8G2.elf.dir/HARDWARE/OLED_U8G2/u8g2_box.c.obj
 .debug_aranges
                0x00000a30       0x80 CMakeFiles/OLED_U8G2.elf.dir/HARDWARE/OLED_U8G2/u8g2_buffer.c.obj
 .debug_aranges
                0x00000ab0       0x78 CMakeFiles/OLED_U8G2.elf.dir/HARDWARE/OLED_U8G2/u8g2_circle.c.obj
 .debug_aranges
                0x00000b28       0x20 CMakeFiles/OLED_U8G2.elf.dir/HARDWARE/OLED_U8G2/u8g2_d_memory.c.obj
 .debug_aranges
                0x00000b48       0x20 CMakeFiles/OLED_U8G2.elf.dir/HARDWARE/OLED_U8G2/u8g2_d_setup.c.obj
 .debug_aranges
                0x00000b68      0x1d0 CMakeFiles/OLED_U8G2.elf.dir/HARDWARE/OLED_U8G2/u8g2_font.c.obj
 .debug_aranges
                0x00000d38       0x50 CMakeFiles/OLED_U8G2.elf.dir/HARDWARE/OLED_U8G2/u8g2_hvline.c.obj
 .debug_aranges
                0x00000d88       0x28 CMakeFiles/OLED_U8G2.elf.dir/HARDWARE/OLED_U8G2/u8g2_intersection.c.obj
 .debug_aranges
                0x00000db0       0x28 CMakeFiles/OLED_U8G2.elf.dir/HARDWARE/OLED_U8G2/u8g2_ll_hvline.c.obj
 .debug_aranges
                0x00000dd8       0xc8 CMakeFiles/OLED_U8G2.elf.dir/HARDWARE/OLED_U8G2/u8g2_setup.c.obj
 .debug_aranges
                0x00000ea0       0xe0 CMakeFiles/OLED_U8G2.elf.dir/HARDWARE/OLED_U8G2/u8x8_byte.c.obj
 .debug_aranges
                0x00000f80       0xd0 CMakeFiles/OLED_U8G2.elf.dir/HARDWARE/OLED_U8G2/u8x8_cad.c.obj
 .debug_aranges
                0x00001050       0x58 CMakeFiles/OLED_U8G2.elf.dir/HARDWARE/OLED_U8G2/u8x8_d_ssd1306_128x64_noname.c.obj
 .debug_aranges
                0x000010a8       0x88 CMakeFiles/OLED_U8G2.elf.dir/HARDWARE/OLED_U8G2/u8x8_display.c.obj
 .debug_aranges
                0x00001130       0x20 CMakeFiles/OLED_U8G2.elf.dir/HARDWARE/OLED_U8G2/u8x8_gpio.c.obj
 .debug_aranges
                0x00001150       0x38 CMakeFiles/OLED_U8G2.elf.dir/HARDWARE/OLED_U8G2/u8x8_setup.c.obj

.debug_ranges   0x00000000     0x1018
 .debug_ranges  0x00000000       0x10 CMakeFiles/OLED_U8G2.elf.dir/Core/Src/gpio.c.obj
 .debug_ranges  0x00000010       0x28 CMakeFiles/OLED_U8G2.elf.dir/Core/Src/main.c.obj
 .debug_ranges  0x00000038       0x10 CMakeFiles/OLED_U8G2.elf.dir/Core/Src/stm32g4xx_hal_msp.c.obj
 .debug_ranges  0x00000048       0x58 CMakeFiles/OLED_U8G2.elf.dir/Core/Src/stm32g4xx_it.c.obj
 .debug_ranges  0x000000a0       0x98 CMakeFiles/OLED_U8G2.elf.dir/Core/Src/syscalls.c.obj
 .debug_ranges  0x00000138       0x10 CMakeFiles/OLED_U8G2.elf.dir/Core/Src/sysmem.c.obj
 .debug_ranges  0x00000148       0x18 CMakeFiles/OLED_U8G2.elf.dir/Core/Src/system_stm32g4xx.c.obj
 .debug_ranges  0x00000160       0x20 CMakeFiles/OLED_U8G2.elf.dir/Core/Src/usart.c.obj
 .debug_ranges  0x00000180       0x20 CMakeFiles/OLED_U8G2.elf.dir/Core/Startup/startup_stm32g474retx.s.obj
 .debug_ranges  0x000001a0      0x120 CMakeFiles/OLED_U8G2.elf.dir/Drivers/STM32G4xx_HAL_Driver/Src/stm32g4xx_hal.c.obj
 .debug_ranges  0x000002c0       0xf8 CMakeFiles/OLED_U8G2.elf.dir/Drivers/STM32G4xx_HAL_Driver/Src/stm32g4xx_hal_cortex.c.obj
 .debug_ranges  0x000003b8       0x48 CMakeFiles/OLED_U8G2.elf.dir/Drivers/STM32G4xx_HAL_Driver/Src/stm32g4xx_hal_gpio.c.obj
 .debug_ranges  0x00000400      0x130 CMakeFiles/OLED_U8G2.elf.dir/Drivers/STM32G4xx_HAL_Driver/Src/stm32g4xx_hal_pwr_ex.c.obj
 .debug_ranges  0x00000530       0xa0 CMakeFiles/OLED_U8G2.elf.dir/Drivers/STM32G4xx_HAL_Driver/Src/stm32g4xx_hal_rcc.c.obj
 .debug_ranges  0x000005d0       0xb8 CMakeFiles/OLED_U8G2.elf.dir/Drivers/STM32G4xx_HAL_Driver/Src/stm32g4xx_hal_rcc_ex.c.obj
 .debug_ranges  0x00000688      0x238 CMakeFiles/OLED_U8G2.elf.dir/Drivers/STM32G4xx_HAL_Driver/Src/stm32g4xx_hal_uart.c.obj
 .debug_ranges  0x000008c0       0x90 CMakeFiles/OLED_U8G2.elf.dir/Drivers/STM32G4xx_HAL_Driver/Src/stm32g4xx_hal_uart_ex.c.obj
 .debug_ranges  0x00000950       0x20 CMakeFiles/OLED_U8G2.elf.dir/HARDWARE/OLED_U8G2/oled.c.obj
 .debug_ranges  0x00000970       0x28 CMakeFiles/OLED_U8G2.elf.dir/HARDWARE/OLED_U8G2/u8g2_box.c.obj
 .debug_ranges  0x00000998       0x70 CMakeFiles/OLED_U8G2.elf.dir/HARDWARE/OLED_U8G2/u8g2_buffer.c.obj
 .debug_ranges  0x00000a08       0x68 CMakeFiles/OLED_U8G2.elf.dir/HARDWARE/OLED_U8G2/u8g2_circle.c.obj
 .debug_ranges  0x00000a70       0x10 CMakeFiles/OLED_U8G2.elf.dir/HARDWARE/OLED_U8G2/u8g2_d_memory.c.obj
 .debug_ranges  0x00000a80       0x10 CMakeFiles/OLED_U8G2.elf.dir/HARDWARE/OLED_U8G2/u8g2_d_setup.c.obj
 .debug_ranges  0x00000a90      0x1d8 CMakeFiles/OLED_U8G2.elf.dir/HARDWARE/OLED_U8G2/u8g2_font.c.obj
 .debug_ranges  0x00000c68       0x40 CMakeFiles/OLED_U8G2.elf.dir/HARDWARE/OLED_U8G2/u8g2_hvline.c.obj
 .debug_ranges  0x00000ca8       0x18 CMakeFiles/OLED_U8G2.elf.dir/HARDWARE/OLED_U8G2/u8g2_intersection.c.obj
 .debug_ranges  0x00000cc0       0x18 CMakeFiles/OLED_U8G2.elf.dir/HARDWARE/OLED_U8G2/u8g2_ll_hvline.c.obj
 .debug_ranges  0x00000cd8       0xb8 CMakeFiles/OLED_U8G2.elf.dir/HARDWARE/OLED_U8G2/u8g2_setup.c.obj
 .debug_ranges  0x00000d90       0xd0 CMakeFiles/OLED_U8G2.elf.dir/HARDWARE/OLED_U8G2/u8x8_byte.c.obj
 .debug_ranges  0x00000e60       0xc0 CMakeFiles/OLED_U8G2.elf.dir/HARDWARE/OLED_U8G2/u8x8_cad.c.obj
 .debug_ranges  0x00000f20       0x48 CMakeFiles/OLED_U8G2.elf.dir/HARDWARE/OLED_U8G2/u8x8_d_ssd1306_128x64_noname.c.obj
 .debug_ranges  0x00000f68       0x78 CMakeFiles/OLED_U8G2.elf.dir/HARDWARE/OLED_U8G2/u8x8_display.c.obj
 .debug_ranges  0x00000fe0       0x10 CMakeFiles/OLED_U8G2.elf.dir/HARDWARE/OLED_U8G2/u8x8_gpio.c.obj
 .debug_ranges  0x00000ff0       0x28 CMakeFiles/OLED_U8G2.elf.dir/HARDWARE/OLED_U8G2/u8x8_setup.c.obj

.debug_line     0x00000000    0x12a54
 .debug_line    0x00000000      0x2ff CMakeFiles/OLED_U8G2.elf.dir/Core/Src/gpio.c.obj
 .debug_line    0x000002ff      0x4ce CMakeFiles/OLED_U8G2.elf.dir/Core/Src/main.c.obj
 .debug_line    0x000007cd      0x21d CMakeFiles/OLED_U8G2.elf.dir/Core/Src/stm32g4xx_hal_msp.c.obj
 .debug_line    0x000009ea      0x2bb CMakeFiles/OLED_U8G2.elf.dir/Core/Src/stm32g4xx_it.c.obj
 .debug_line    0x00000ca5      0x423 CMakeFiles/OLED_U8G2.elf.dir/Core/Src/syscalls.c.obj
 .debug_line    0x000010c8      0x1da CMakeFiles/OLED_U8G2.elf.dir/Core/Src/sysmem.c.obj
 .debug_line    0x000012a2      0x266 CMakeFiles/OLED_U8G2.elf.dir/Core/Src/system_stm32g4xx.c.obj
 .debug_line    0x00001508      0x420 CMakeFiles/OLED_U8G2.elf.dir/Core/Src/usart.c.obj
 .debug_line    0x00001928       0xb9 CMakeFiles/OLED_U8G2.elf.dir/Core/Startup/startup_stm32g474retx.s.obj
 .debug_line    0x000019e1      0x738 CMakeFiles/OLED_U8G2.elf.dir/Drivers/STM32G4xx_HAL_Driver/Src/stm32g4xx_hal.c.obj
 .debug_line    0x00002119      0x818 CMakeFiles/OLED_U8G2.elf.dir/Drivers/STM32G4xx_HAL_Driver/Src/stm32g4xx_hal_cortex.c.obj
 .debug_line    0x00002931      0x705 CMakeFiles/OLED_U8G2.elf.dir/Drivers/STM32G4xx_HAL_Driver/Src/stm32g4xx_hal_gpio.c.obj
 .debug_line    0x00003036      0xb2b CMakeFiles/OLED_U8G2.elf.dir/Drivers/STM32G4xx_HAL_Driver/Src/stm32g4xx_hal_pwr_ex.c.obj
 .debug_line    0x00003b61      0xe66 CMakeFiles/OLED_U8G2.elf.dir/Drivers/STM32G4xx_HAL_Driver/Src/stm32g4xx_hal_rcc.c.obj
 .debug_line    0x000049c7     0x12d8 CMakeFiles/OLED_U8G2.elf.dir/Drivers/STM32G4xx_HAL_Driver/Src/stm32g4xx_hal_rcc_ex.c.obj
 .debug_line    0x00005c9f     0x63f6 CMakeFiles/OLED_U8G2.elf.dir/Drivers/STM32G4xx_HAL_Driver/Src/stm32g4xx_hal_uart.c.obj
 .debug_line    0x0000c095      0xdad CMakeFiles/OLED_U8G2.elf.dir/Drivers/STM32G4xx_HAL_Driver/Src/stm32g4xx_hal_uart_ex.c.obj
 .debug_line    0x0000ce42      0x301 CMakeFiles/OLED_U8G2.elf.dir/HARDWARE/OLED_U8G2/oled.c.obj
 .debug_line    0x0000d143      0x37c CMakeFiles/OLED_U8G2.elf.dir/HARDWARE/OLED_U8G2/u8g2_box.c.obj
 .debug_line    0x0000d4bf      0x4c4 CMakeFiles/OLED_U8G2.elf.dir/HARDWARE/OLED_U8G2/u8g2_buffer.c.obj
 .debug_line    0x0000d983      0x730 CMakeFiles/OLED_U8G2.elf.dir/HARDWARE/OLED_U8G2/u8g2_circle.c.obj
 .debug_line    0x0000e0b3      0x143 CMakeFiles/OLED_U8G2.elf.dir/HARDWARE/OLED_U8G2/u8g2_d_memory.c.obj
 .debug_line    0x0000e1f6      0x161 CMakeFiles/OLED_U8G2.elf.dir/HARDWARE/OLED_U8G2/u8g2_d_setup.c.obj
 .debug_line    0x0000e357     0x14bf CMakeFiles/OLED_U8G2.elf.dir/HARDWARE/OLED_U8G2/u8g2_font.c.obj
 .debug_line    0x0000f816      0x377 CMakeFiles/OLED_U8G2.elf.dir/HARDWARE/OLED_U8G2/u8g2_hvline.c.obj
 .debug_line    0x0000fb8d      0x1c2 CMakeFiles/OLED_U8G2.elf.dir/HARDWARE/OLED_U8G2/u8g2_intersection.c.obj
 .debug_line    0x0000fd4f      0x367 CMakeFiles/OLED_U8G2.elf.dir/HARDWARE/OLED_U8G2/u8g2_ll_hvline.c.obj
 .debug_line    0x000100b6      0x843 CMakeFiles/OLED_U8G2.elf.dir/HARDWARE/OLED_U8G2/u8g2_setup.c.obj
 .debug_line    0x000108f9      0x9a8 CMakeFiles/OLED_U8G2.elf.dir/HARDWARE/OLED_U8G2/u8x8_byte.c.obj
 .debug_line    0x000112a1      0xc39 CMakeFiles/OLED_U8G2.elf.dir/HARDWARE/OLED_U8G2/u8x8_cad.c.obj
 .debug_line    0x00011eda      0x44f CMakeFiles/OLED_U8G2.elf.dir/HARDWARE/OLED_U8G2/u8x8_d_ssd1306_128x64_noname.c.obj
 .debug_line    0x00012329      0x3d1 CMakeFiles/OLED_U8G2.elf.dir/HARDWARE/OLED_U8G2/u8x8_display.c.obj
 .debug_line    0x000126fa      0x14a CMakeFiles/OLED_U8G2.elf.dir/HARDWARE/OLED_U8G2/u8x8_gpio.c.obj
 .debug_line    0x00012844      0x210 CMakeFiles/OLED_U8G2.elf.dir/HARDWARE/OLED_U8G2/u8x8_setup.c.obj

.debug_str      0x00000000     0x5c3c
 .debug_str     0x00000000      0xa14 CMakeFiles/OLED_U8G2.elf.dir/Core/Src/gpio.c.obj
                                0xa64 (size before relaxing)
 .debug_str     0x00000a14      0xdc2 CMakeFiles/OLED_U8G2.elf.dir/Core/Src/main.c.obj
                               0x1070 (size before relaxing)
 .debug_str     0x000017d6       0x7d CMakeFiles/OLED_U8G2.elf.dir/Core/Src/stm32g4xx_hal_msp.c.obj
                                0x384 (size before relaxing)
 .debug_str     0x00001853      0x115 CMakeFiles/OLED_U8G2.elf.dir/Core/Src/stm32g4xx_it.c.obj
                                0x2c3 (size before relaxing)
 .debug_str     0x00001968      0x236 CMakeFiles/OLED_U8G2.elf.dir/Core/Src/syscalls.c.obj
                                0x44b (size before relaxing)
 .debug_str     0x00001b9e       0xa5 CMakeFiles/OLED_U8G2.elf.dir/Core/Src/sysmem.c.obj
                                0x277 (size before relaxing)
 .debug_str     0x00001c43       0xb7 CMakeFiles/OLED_U8G2.elf.dir/Core/Src/system_stm32g4xx.c.obj
                                0x3c9 (size before relaxing)
 .debug_str     0x00001cfa      0x2c7 CMakeFiles/OLED_U8G2.elf.dir/Core/Src/usart.c.obj
                                0xbf1 (size before relaxing)
 .debug_str     0x00001fc1       0x66 CMakeFiles/OLED_U8G2.elf.dir/Core/Startup/startup_stm32g474retx.s.obj
                                 0xab (size before relaxing)
 .debug_str     0x00002027      0x4a0 CMakeFiles/OLED_U8G2.elf.dir/Drivers/STM32G4xx_HAL_Driver/Src/stm32g4xx_hal.c.obj
                                0xe64 (size before relaxing)